Archive member included to satisfy reference by file (symbol)

/home/saish/Desktop/ccs1011/ccs/tools/compiler/gcc-arm-none-eabi-7-2017-q4-major/bin/../lib/gcc/arm-none-eabi/7.2.1/../../../../arm-none-eabi/lib/thumb/v7e-m/fpv4-sp/hard/libc.a(lib_a-errno.o)
                              ./ports/cortex-m/common/tivac_con.o (__errno)
/home/saish/Desktop/ccs1011/ccs/tools/compiler/gcc-arm-none-eabi-7-2017-q4-major/bin/../lib/gcc/arm-none-eabi/7.2.1/../../../../arm-none-eabi/lib/thumb/v7e-m/fpv4-sp/hard/libc.a(lib_a-exit.o)
                              /home/saish/Desktop/ccs1011/ccs/tools/compiler/gcc-arm-none-eabi-7-2017-q4-major/bin/../lib/gcc/arm-none-eabi/7.2.1/../../../../arm-none-eabi/lib/thumb/v7e-m/fpv4-sp/hard/crt0.o (exit)
/home/saish/Desktop/ccs1011/ccs/tools/compiler/gcc-arm-none-eabi-7-2017-q4-major/bin/../lib/gcc/arm-none-eabi/7.2.1/../../../../arm-none-eabi/lib/thumb/v7e-m/fpv4-sp/hard/libc.a(lib_a-impure.o)
                              /home/saish/Desktop/ccs1011/ccs/tools/compiler/gcc-arm-none-eabi-7-2017-q4-major/bin/../lib/gcc/arm-none-eabi/7.2.1/../../../../arm-none-eabi/lib/thumb/v7e-m/fpv4-sp/hard/libc.a(lib_a-exit.o) (_global_impure_ptr)
/home/saish/Desktop/ccs1011/ccs/tools/compiler/gcc-arm-none-eabi-7-2017-q4-major/bin/../lib/gcc/arm-none-eabi/7.2.1/../../../../arm-none-eabi/lib/thumb/v7e-m/fpv4-sp/hard/libc.a(lib_a-init.o)
                              /home/saish/Desktop/ccs1011/ccs/tools/compiler/gcc-arm-none-eabi-7-2017-q4-major/bin/../lib/gcc/arm-none-eabi/7.2.1/../../../../arm-none-eabi/lib/thumb/v7e-m/fpv4-sp/hard/crt0.o (__libc_init_array)
/home/saish/Desktop/ccs1011/ccs/tools/compiler/gcc-arm-none-eabi-7-2017-q4-major/bin/../lib/gcc/arm-none-eabi/7.2.1/../../../../arm-none-eabi/lib/thumb/v7e-m/fpv4-sp/hard/libc.a(lib_a-memcpy.o)
                              ./kernel/atomqueue.o (memcpy)
/home/saish/Desktop/ccs1011/ccs/tools/compiler/gcc-arm-none-eabi-7-2017-q4-major/bin/../lib/gcc/arm-none-eabi/7.2.1/../../../../arm-none-eabi/lib/thumb/v7e-m/fpv4-sp/hard/libc.a(lib_a-memset.o)
                              /home/saish/Desktop/ccs1011/ccs/tools/compiler/gcc-arm-none-eabi-7-2017-q4-major/bin/../lib/gcc/arm-none-eabi/7.2.1/../../../../arm-none-eabi/lib/thumb/v7e-m/fpv4-sp/hard/crt0.o (memset)
/home/saish/Desktop/ccs1011/ccs/tools/compiler/gcc-arm-none-eabi-7-2017-q4-major/bin/../lib/gcc/arm-none-eabi/7.2.1/../../../../arm-none-eabi/lib/thumb/v7e-m/fpv4-sp/hard/libc.a(lib_a-printf.o)
                              ./main.o (printf)
/home/saish/Desktop/ccs1011/ccs/tools/compiler/gcc-arm-none-eabi-7-2017-q4-major/bin/../lib/gcc/arm-none-eabi/7.2.1/../../../../arm-none-eabi/lib/thumb/v7e-m/fpv4-sp/hard/libc.a(lib_a-vfprintf.o)
                              /home/saish/Desktop/ccs1011/ccs/tools/compiler/gcc-arm-none-eabi-7-2017-q4-major/bin/../lib/gcc/arm-none-eabi/7.2.1/../../../../arm-none-eabi/lib/thumb/v7e-m/fpv4-sp/hard/libc.a(lib_a-printf.o) (_vfprintf_r)
/home/saish/Desktop/ccs1011/ccs/tools/compiler/gcc-arm-none-eabi-7-2017-q4-major/bin/../lib/gcc/arm-none-eabi/7.2.1/../../../../arm-none-eabi/lib/thumb/v7e-m/fpv4-sp/hard/libc.a(lib_a-wsetup.o)
                              /home/saish/Desktop/ccs1011/ccs/tools/compiler/gcc-arm-none-eabi-7-2017-q4-major/bin/../lib/gcc/arm-none-eabi/7.2.1/../../../../arm-none-eabi/lib/thumb/v7e-m/fpv4-sp/hard/libc.a(lib_a-vfprintf.o) (__swsetup_r)
/home/saish/Desktop/ccs1011/ccs/tools/compiler/gcc-arm-none-eabi-7-2017-q4-major/bin/../lib/gcc/arm-none-eabi/7.2.1/../../../../arm-none-eabi/lib/thumb/v7e-m/fpv4-sp/hard/libc.a(lib_a-__call_atexit.o)
                              /home/saish/Desktop/ccs1011/ccs/tools/compiler/gcc-arm-none-eabi-7-2017-q4-major/bin/../lib/gcc/arm-none-eabi/7.2.1/../../../../arm-none-eabi/lib/thumb/v7e-m/fpv4-sp/hard/libc.a(lib_a-exit.o) (__call_exitprocs)
/home/saish/Desktop/ccs1011/ccs/tools/compiler/gcc-arm-none-eabi-7-2017-q4-major/bin/../lib/gcc/arm-none-eabi/7.2.1/../../../../arm-none-eabi/lib/thumb/v7e-m/fpv4-sp/hard/libc.a(lib_a-atexit.o)
                              /home/saish/Desktop/ccs1011/ccs/tools/compiler/gcc-arm-none-eabi-7-2017-q4-major/bin/../lib/gcc/arm-none-eabi/7.2.1/../../../../arm-none-eabi/lib/thumb/v7e-m/fpv4-sp/hard/libc.a(lib_a-__call_atexit.o) (atexit)
/home/saish/Desktop/ccs1011/ccs/tools/compiler/gcc-arm-none-eabi-7-2017-q4-major/bin/../lib/gcc/arm-none-eabi/7.2.1/../../../../arm-none-eabi/lib/thumb/v7e-m/fpv4-sp/hard/libc.a(lib_a-dtoa.o)
                              /home/saish/Desktop/ccs1011/ccs/tools/compiler/gcc-arm-none-eabi-7-2017-q4-major/bin/../lib/gcc/arm-none-eabi/7.2.1/../../../../arm-none-eabi/lib/thumb/v7e-m/fpv4-sp/hard/libc.a(lib_a-vfprintf.o) (_dtoa_r)
/home/saish/Desktop/ccs1011/ccs/tools/compiler/gcc-arm-none-eabi-7-2017-q4-major/bin/../lib/gcc/arm-none-eabi/7.2.1/../../../../arm-none-eabi/lib/thumb/v7e-m/fpv4-sp/hard/libc.a(lib_a-fflush.o)
[...]
Memory Configuration

Name             Origin             Length             Attributes
rom              0x0000000000000000 0x0000000000040000 xr
ram              0x0000000020000000 0x0000000000008000 xrw
*default*        0x0000000000000000 0xffffffffffffffff

Linker script and memory map

LOAD /home/saish/Desktop/ccs1011/ccs/tools/compiler/gcc-arm-none-eabi-7-2017-q4-major/bin/../lib/gcc/arm-none-eabi/7.2.1/thumb/v7e-m/fpv4-sp/hard/crti.o
LOAD /home/saish/Desktop/ccs1011/ccs/tools/compiler/gcc-arm-none-eabi-7-2017-q4-major/bin/../lib/gcc/arm-none-eabi/7.2.1/thumb/v7e-m/fpv4-sp/hard/crtbegin.o
LOAD /home/saish/Desktop/ccs1011/ccs/tools/compiler/gcc-arm-none-eabi-7-2017-q4-major/bin/../lib/gcc/arm-none-eabi/7.2.1/../../../../arm-none-eabi/lib/thumb/v7e-m/fpv4-sp/hard/crt0.o
LOAD ./main.o
LOAD ./boards/ek-tm4c123gxl/board_setup.o
LOAD ./boards/ek-tm4c123gxl/gpio.o
LOAD ./boards/ek-tm4c123gxl/pll.o
LOAD ./boards/ek-tm4c123gxl/systick.o
LOAD ./boards/ek-tm4c123gxl/uart0.o
LOAD ./kernel/atomkernel.o
LOAD ./kernel/atommutex.o
LOAD ./kernel/atomqueue.o
LOAD ./kernel/atomsem.o
LOAD ./kernel/atomtimer.o
LOAD ./ports/cortex-m/atomport-asm.o
LOAD ./ports/cortex-m/atomport.o
LOAD ./ports/cortex-m/common/stubs.o
LOAD ./ports/cortex-m/common/tivac_con.o
LOAD ./ports/cortex-m/common/vector.o

.text           0x0000000000000000     0x88a0
 *(.vectors)
 .vectors       0x0000000000000000      0x26c ./ports/cortex-m/common/vector.o
                0x0000000000000000                vector_table
 *(.text*)
 .text          0x000000000000026c        0x0 /home/saish/Desktop/ccs1011/ccs/tools/compiler/gcc-arm-none-eabi-7-2017-q4-major/bin/../lib/gcc/arm-none-eabi/7.2.1/thumb/v7e-m/fpv4-sp/hard/crti.o
 .text          0x000000000000026c       0x40 /home/saish/Desktop/ccs1011/ccs/tools/compiler/gcc-arm-none-eabi-7-2017-q4-major/bin/../lib/gcc/arm-none-eabi/7.2.1/thumb/v7e-m/fpv4-sp/hard/crtbegin.o
 .text          0x00000000000002ac       0x74 /home/saish/Desktop/ccs1011/ccs/tools/compiler/gcc-arm-none-eabi-7-2017-q4-major/bin/../lib/gcc/arm-none-eabi/7.2.1/../../../../arm-none-eabi/lib/thumb/v7e-m/fpv4-sp/hard/crt0.o
                0x00000000000002ac                _mainCRTStartup
                0x00000000000002ac                _start
 .text          0x0000000000000320        0x0 ./main.o
 .text.main_thread_func
                0x0000000000000320       0x5c ./main.o
 .text.startup.main
                0x000000000000037c       0x60 ./main.o
                0x000000000000037c                main
 .text.gpiod_isr
                0x00000000000003dc       0x98 ./main.o
                0x00000000000003dc                gpiod_isr
 .text          0x0000000000000474        0x0 ./boards/ek-tm4c123gxl/board_setup.o
 .text.setup_board
                0x0000000000000474       0x3c ./boards/ek-tm4c123gxl/board_setup.o
                0x0000000000000474                setup_board
 .text          0x00000000000004b0        0x0 ./boards/ek-tm4c123gxl/gpio.o
 .text.setup_led
                0x00000000000004b0       0xb8 ./boards/ek-tm4c123gxl/gpio.o
                0x00000000000004b0                setup_led
 .text.toggle_led
                0x0000000000000568       0x10 ./boards/ek-tm4c123gxl/gpio.o
                0x0000000000000568                toggle_led
 .text          0x0000000000000578        0x0 ./boards/ek-tm4c123gxl/pll.o
 .text.Init_PLL
                0x0000000000000578       0x6c ./boards/ek-tm4c123gxl/pll.o
                0x0000000000000578                Init_PLL
 .text.setup_clock
                0x00000000000005e4        0x6 ./boards/ek-tm4c123gxl/pll.o
                0x00000000000005e4                setup_clock
 .text          0x00000000000005ea        0x0 ./boards/ek-tm4c123gxl/systick.o
 *fill*         0x00000000000005ea        0x2 
 .text.setup_systick
                0x00000000000005ec       0x28 ./boards/ek-tm4c123gxl/systick.o
                0x00000000000005ec                setup_systick
 .text          0x0000000000000614        0x0 ./boards/ek-tm4c123gxl/uart0.o
 .text.setup_uart0
                0x0000000000000614       0x84 ./boards/ek-tm4c123gxl/uart0.o
                0x0000000000000614                setup_uart0
 .text.uart0_recv_blocking
                0x0000000000000698       0x18 ./boards/ek-tm4c123gxl/uart0.o
                0x0000000000000698                uart0_recv_blocking
 .text.uart0_send_blocking
                0x00000000000006b0       0x18 ./boards/ek-tm4c123gxl/uart0.o
                0x00000000000006b0                uart0_send_blocking
 .text          0x00000000000006c8        0x0 ./kernel/atomkernel.o
 .text.atomIdleThread
                0x00000000000006c8        0x2 ./kernel/atomkernel.o
 .text.atomThreadStackCheck
                0x00000000000006ca       0x32 ./kernel/atomkernel.o
                0x00000000000006ca                atomThreadStackCheck
 .text.atomIntEnter
                0x00000000000006fc       0x10 ./kernel/atomkernel.o
                0x00000000000006fc                atomIntEnter
 .text.atomCurrentContext
                0x000000000000070c       0x18 ./kernel/atomkernel.o
                0x000000000000070c                atomCurrentContext
 .text.tcbEnqueuePriority
                0x0000000000000724       0x6e ./kernel/atomkernel.o
                0x0000000000000724                tcbEnqueuePriority
 .text.tcbDequeueHead
                0x0000000000000792       0x24 ./kernel/atomkernel.o
                0x0000000000000792                tcbDequeueHead
 .text.tcbDequeueEntry
                0x00000000000007b6       0x56 ./kernel/atomkernel.o
                0x00000000000007b6                tcbDequeueEntry
 .text.tcbDequeuePriority
                0x000000000000080c       0x28 ./kernel/atomkernel.o
                0x000000000000080c                tcbDequeuePriority
 .text.atomSched
                0x0000000000000834       0x94 ./kernel/atomkernel.o
                0x0000000000000834                atomSched
 .text.atomThreadCreate
                0x00000000000008c8       0xbc ./kernel/atomkernel.o
                0x00000000000008c8                atomThreadCreate
 .text.atomOSInit
                0x0000000000000984       0x38 ./kernel/atomkernel.o
                0x0000000000000984                atomOSInit
 .text.atomIntExit
                0x00000000000009bc       0x10 ./kernel/atomkernel.o
                0x00000000000009bc                atomIntExit
 .text.atomOSStart
                0x00000000000009cc       0x2c ./kernel/atomkernel.o
                0x00000000000009cc                atomOSStart
 .text          0x00000000000009f8        0x0 ./kernel/atommutex.o
 .text.atomMutexTimerCallback
                0x00000000000009f8       0x40 ./kernel/atommutex.o
 .text.atomMutexCreate
                0x0000000000000a38       0x12 ./kernel/atommutex.o
                0x0000000000000a38                atomMutexCreate
 *fill*         0x0000000000000a4a        0x2 
 .text.atomMutexDelete
                0x0000000000000a4c       0x98 ./kernel/atommutex.o
                0x0000000000000a4c                atomMutexDelete
 .text.atomMutexGet
                0x0000000000000ae4       0xec ./kernel/atommutex.o
                0x0000000000000ae4                atomMutexGet
 .text.atomMutexPut
                0x0000000000000bd0       0xac ./kernel/atommutex.o
                0x0000000000000bd0                atomMutexPut
 .text          0x0000000000000c7c        0x0 ./kernel/atomqueue.o
 .text.atomQueueTimerCallback
                0x0000000000000c7c       0x40 ./kernel/atomqueue.o
 .text.queue_remove.part.1
                0x0000000000000cbc       0x74 ./kernel/atomqueue.o
 .text.queue_insert.part.2
                0x0000000000000d30       0x70 ./kernel/atomqueue.o
 .text.atomQueueCreate
                0x0000000000000da0       0x22 ./kernel/atomqueue.o
                0x0000000000000da0                atomQueueCreate
 *fill*         0x0000000000000dc2        0x2 
 .text.atomQueueDelete
                0x0000000000000dc4       0xa4 ./kernel/atomqueue.o
                0x0000000000000dc4                atomQueueDelete
 .text.atomQueueGet
                0x0000000000000e68      0x128 ./kernel/atomqueue.o
                0x0000000000000e68                atomQueueGet
 .text.atomQueuePut
                0x0000000000000f90      0x118 ./kernel/atomqueue.o
                0x0000000000000f90                atomQueuePut
 .text          0x00000000000010a8        0x0 ./kernel/atomsem.o
 .text.atomSemTimerCallback
                0x00000000000010a8       0x40 ./kernel/atomsem.o
 .text.atomSemCreate
                0x00000000000010e8       0x10 ./kernel/atomsem.o
                0x00000000000010e8                atomSemCreate
 .text.atomSemDelete
                0x00000000000010f8       0x98 ./kernel/atomsem.o
                0x00000000000010f8                atomSemDelete
 .text.atomSemGet
                0x0000000000001190       0xcc ./kernel/atomsem.o
                0x0000000000001190                atomSemGet
 .text.atomSemPut
                0x000000000000125c       0x8c ./kernel/atomsem.o
                0x000000000000125c                atomSemPut
 .text.atomSemResetCount
                0x00000000000012e8        0xc ./kernel/atomsem.o
                0x00000000000012e8                atomSemResetCount
 .text          0x00000000000012f4        0x0 ./kernel/atomtimer.o
 .text.atomTimerDelayCallback
                0x00000000000012f4       0x2c ./kernel/atomtimer.o
 .text.atomTimerRegister
                0x0000000000001320       0x38 ./kernel/atomtimer.o
                0x0000000000001320                atomTimerRegister
 .text.atomTimerCancel
                0x0000000000001358       0x4c ./kernel/atomtimer.o
                0x0000000000001358                atomTimerCancel
 .text.atomTimeGet
                0x00000000000013a4        0xc ./kernel/atomtimer.o
                0x00000000000013a4                atomTimeGet
 .text.atomTimeSet
                0x00000000000013b0        0xc ./kernel/atomtimer.o
                0x00000000000013b0                atomTimeSet
 .text.atomTimerTick
                0x00000000000013bc       0x70 ./kernel/atomtimer.o
                0x00000000000013bc                atomTimerTick
 .text.atomTimerDelay
                0x000000000000142c       0x68 ./kernel/atomtimer.o
                0x000000000000142c                atomTimerDelay
 .text          0x0000000000001494       0xc4 ./ports/cortex-m/atomport-asm.o
                0x0000000000001494                _archFirstThreadRestore
                0x00000000000014f6                pend_sv_handler
 .text          0x0000000000001558        0x0 ./ports/cortex-m/atomport.o
 .text.thread_shell
                0x0000000000001558       0x16 ./ports/cortex-m/atomport.o
 .text.__dmb    0x000000000000156e        0x6 ./ports/cortex-m/atomport.o
                0x000000000000156e                __dmb
 .text.archFirstThreadRestore
                0x0000000000001574       0x14 ./ports/cortex-m/atomport.o
                0x0000000000001574                archFirstThreadRestore
 .text.archContextSwitch
                0x0000000000001588       0x24 ./ports/cortex-m/atomport.o
                0x0000000000001588                archContextSwitch
 .text.sys_tick_handler
                0x00000000000015ac       0x14 ./ports/cortex-m/atomport.o
                0x00000000000015ac                sys_tick_handler
 .text.nmi_handler
                0x00000000000015c0        0x2 ./ports/cortex-m/atomport.o
                0x00000000000015c0                nmi_handler
 .text.hard_fault_handler
                0x00000000000015c2        0x2 ./ports/cortex-m/atomport.o
                0x00000000000015c2                hard_fault_handler
 .text.archThreadContextInit
                0x00000000000015c4       0xc4 ./ports/cortex-m/atomport.o
                0x00000000000015c4                archThreadContextInit
 .text          0x0000000000001688        0x0 ./ports/cortex-m/common/stubs.o
 .text._sbrk    0x0000000000001688       0x4c ./ports/cortex-m/common/stubs.o
                0x0000000000001688                _sbrk
 .text._close   0x00000000000016d4        0x6 ./ports/cortex-m/common/stubs.o
                0x00000000000016d4                _close
 .text._fstat   0x00000000000016da        0xa ./ports/cortex-m/common/stubs.o
                0x00000000000016da                _fstat
 .text._isatty  0x00000000000016e4        0x4 ./ports/cortex-m/common/stubs.o
                0x00000000000016e4                _isatty
 .text._lseek   0x00000000000016e8        0x4 ./ports/cortex-m/common/stubs.o
                0x00000000000016e8                _lseek
 .text._open    0x00000000000016ec        0x6 ./ports/cortex-m/common/stubs.o
                0x00000000000016ec                _open
 .text          0x00000000000016f2        0x0 ./ports/cortex-m/common/tivac_con.o
 .text._read    0x00000000000016f2       0x34 ./ports/cortex-m/common/tivac_con.o
                0x00000000000016f2                _read
 .text._write   0x0000000000001726       0x38 ./ports/cortex-m/common/tivac_con.o
                0x0000000000001726                _write
 .text          0x000000000000175e        0x0 ./ports/cortex-m/common/vector.o
 .text.blocking_handler
                0x000000000000175e        0x2 ./ports/cortex-m/common/vector.o
                0x000000000000175e                ssi0_isr
                0x000000000000175e                timer3b_isr
                0x000000000000175e                pwm1_3_isr
                0x000000000000175e                gpiom_isr
                0x000000000000175e                adc1ss1_isr
                0x000000000000175e                uart0_isr
                0x000000000000175e                timer0a_isr
                0x000000000000175e                i2c0_isr
                0x000000000000175e                udmaerr_isr
                0x000000000000175e                udma_isr
                0x000000000000175e                gpiop4_isr
                0x000000000000175e                gpioq2_isr
                0x000000000000175e                gpiog_isr
                0x000000000000175e                blocking_handler
                0x000000000000175e                uart2_isr
                0x000000000000175e                gpioq5_isr
                0x000000000000175e                pwm1_0_isr
                0x000000000000175e                pwm0_0_isr
                0x000000000000175e                timer5b_isr
                0x000000000000175e                watchdog_isr
                0x000000000000175e                i2c1_isr
                0x000000000000175e                i2c2_isr
                0x000000000000175e                gpiop2_isr
                0x000000000000175e                wtimer5a_isr
                0x000000000000175e                usage_fault_handler
                0x000000000000175e                comp2_isr
                0x000000000000175e                pwm0_fault_isr
                0x000000000000175e                wtimer4b_isr
                0x000000000000175e                i2c3_isr
                0x000000000000175e                lpc0_isr
                0x000000000000175e                pwm1_2_isr
                0x000000000000175e                epi0_isr
                0x000000000000175e                pwm0_2_isr
                0x000000000000175e                gpiop1_isr
                0x000000000000175e                eth_isr
                0x000000000000175e                gpioq1_isr
                0x000000000000175e                uart6_isr
                0x000000000000175e                timer2b_isr
                0x000000000000175e                wtimer3b_isr
                0x000000000000175e                fan0_isr
                0x000000000000175e                adc1ss3_isr
                0x000000000000175e                qei0_isr
                0x000000000000175e                wtimer5b_isr
                0x000000000000175e                ssi3_isr
                0x000000000000175e                gpiof_isr
                0x000000000000175e                gpiol_isr
                0x000000000000175e                flash_isr
                0x000000000000175e                uart4_isr
                0x000000000000175e                comp0_isr
                0x000000000000175e                gpioq6_isr
                0x000000000000175e                gpiop0_isr
                0x000000000000175e                gpiop6_isr
                0x000000000000175e                sysctl_isr
                0x000000000000175e                qei1_isr
                0x000000000000175e                timer4b_isr
                0x000000000000175e                gpioa_isr
                0x000000000000175e                usb0_isr
                0x000000000000175e                gpioq0_isr
                0x000000000000175e                uart1_isr
                0x000000000000175e                gpiob_isr
                0x000000000000175e                adc0ss3_isr
                0x000000000000175e                comp1_isr
                0x000000000000175e                gpioe_isr
                0x000000000000175e                wtimer0b_isr
                0x000000000000175e                pwm0_1_isr
                0x000000000000175e                wtimer2a_isr
                0x000000000000175e                wtimer1b_isr
                0x000000000000175e                wtimer2b_isr
                0x000000000000175e                gpioq4_isr
                0x000000000000175e                wtimer0a_isr
                0x000000000000175e                adc0ss1_isr
                0x000000000000175e                uart5_isr
                0x000000000000175e                timer1b_isr
                0x000000000000175e                wtimer3a_isr
                0x000000000000175e                i2c5_isr
                0x000000000000175e                can2_isr
                0x000000000000175e                gpion_isr
                0x000000000000175e                adc0ss2_isr
                0x000000000000175e                gpioj_isr
                0x000000000000175e                gpioh_isr
                0x000000000000175e                gpioq7_isr
                0x000000000000175e                mem_manage_handler
                0x000000000000175e                pwm0_3_isr
                0x000000000000175e                ssi2_isr
                0x000000000000175e                timer5a_isr
                0x000000000000175e                gpiop7_isr
                0x000000000000175e                gpioc_isr
                0x000000000000175e                gpioq3_isr
                0x000000000000175e                uart7_isr
                0x000000000000175e                pwm1_fault_isr
                0x000000000000175e                hibernate_isr
                0x000000000000175e                gpiop5_isr
                0x000000000000175e                i2s0_isr
                0x000000000000175e                adc1ss2_isr
                0x000000000000175e                peci0_isr
                0x000000000000175e                timer3a_isr
                0x000000000000175e                can0_isr
                0x000000000000175e                i2c4_isr
                0x000000000000175e                sysexc_isr
                0x000000000000175e                gpiop3_isr
                0x000000000000175e                timer4a_isr
                0x000000000000175e                can1_isr
                0x000000000000175e                timer1a_isr
                0x000000000000175e                adc0ss0_isr
                0x000000000000175e                ssi1_isr
                0x000000000000175e                wtimer4a_isr
                0x000000000000175e                wtimer1a_isr
                0x000000000000175e                bus_fault_handler
                0x000000000000175e                gpiok_isr
                0x000000000000175e                pwm1_1_isr
                0x000000000000175e                timer2a_isr
                0x000000000000175e                uart3_isr
                0x000000000000175e                adc1ss0_isr
                0x000000000000175e                timer0b_isr
 .text.null_handler
                0x0000000000001760        0x2 ./ports/cortex-m/common/vector.o
                0x0000000000001760                null_handler
                0x0000000000001760                sv_call_handler
                0x0000000000001760                debug_monitor_handler
 *fill*         0x0000000000001762        0x2 
 .text.reset_handler
                0x0000000000001764       0x9c ./ports/cortex-m/common/vector.o
                0x0000000000001764                reset_handler
 .text          0x0000000000001800        0x0 /home/saish/Desktop/ccs1011/ccs/tools/compiler/gcc-arm-none-eabi-7-2017-q4-major/bin/../lib/gcc/arm-none-eabi/7.2.1/../../../../arm-none-eabi/lib/thumb/v7e-m/fpv4-sp/hard/libc.a(lib_a-errno.o)
 .text.__errno  0x0000000000001800        0xc /home/saish/Desktop/ccs1011/ccs/tools/compiler/gcc-arm-none-eabi-7-2017-q4-major/bin/../lib/gcc/arm-none-eabi/7.2.1/../../../../arm-none-eabi/lib/thumb/v7e-m/fpv4-sp/hard/libc.a(lib_a-errno.o)
                0x0000000000001800                __errno
 .text          0x000000000000180c        0x0 /home/saish/Desktop/ccs1011/ccs/tools/compiler/gcc-arm-none-eabi-7-2017-q4-major/bin/../lib/gcc/arm-none-eabi/7.2.1/../../../../arm-none-eabi/lib/thumb/v7e-m/fpv4-sp/hard/libc.a(lib_a-exit.o)
 .text.exit     0x000000000000180c       0x20 /home/saish/Desktop/ccs1011/ccs/tools/compiler/gcc-arm-none-eabi-7-2017-q4-major/bin/../lib/gcc/arm-none-eabi/7.2.1/../../../../arm-none-eabi/lib/thumb/v7e-m/fpv4-sp/hard/libc.a(lib_a-exit.o)
                0x000000000000180c                exit
 .text          0x000000000000182c        0x0 /home/saish/Desktop/ccs1011/ccs/tools/compiler/gcc-arm-none-eabi-7-2017-q4-major/bin/../lib/gcc/arm-none-eabi/7.2.1/../../../../arm-none-eabi/lib/thumb/v7e-m/fpv4-sp/hard/libc.a(lib_a-impure.o)
 .text          0x000000000000182c        0x0 /home/saish/Desktop/ccs1011/ccs/tools/compiler/gcc-arm-none-eabi-7-2017-q4-major/bin/../lib/gcc/arm-none-eabi/7.2.1/../../../../arm-none-eabi/lib/thumb/v7e-m/fpv4-sp/hard/libc.a(lib_a-init.o)
 .text.__libc_init_array
                0x000000000000182c       0x48 /home/saish/Desktop/ccs1011/ccs/tools/compiler/gcc-arm-none-eabi-7-2017-q4-major/bin/../lib/gcc/arm-none-eabi/7.2.1/../../../../arm-none-eabi/lib/thumb/v7e-m/fpv4-sp/hard/libc.a(lib_a-init.o)
                0x000000000000182c                __libc_init_array
 .text          0x0000000000001874      0x134 /home/saish/Desktop/ccs1011/ccs/tools/compiler/gcc-arm-none-eabi-7-2017-q4-major/bin/../lib/gcc/arm-none-eabi/7.2.1/../../../../arm-none-eabi/lib/thumb/v7e-m/fpv4-sp/hard/libc.a(lib_a-memcpy.o)
                0x0000000000001874                memcpy
 .text          0x00000000000019a8        0x0 /home/saish/Desktop/ccs1011/ccs/tools/compiler/gcc-arm-none-eabi-7-2017-q4-major/bin/../lib/gcc/arm-none-eabi/7.2.1/../../../../arm-none-eabi/lib/thumb/v7e-m/fpv4-sp/hard/libc.a(lib_a-memset.o)
 .text.memset   0x00000000000019a8       0x94 /home/saish/Desktop/ccs1011/ccs/tools/compiler/gcc-arm-none-eabi-7-2017-q4-major/bin/../lib/gcc/arm-none-eabi/7.2.1/../../../../arm-none-eabi/lib/thumb/v7e-m/fpv4-sp/hard/libc.a(lib_a-memset.o)
                0x00000000000019a8                memset
 .text          0x0000000000001a3c        0x0 /home/saish/Desktop/ccs1011/ccs/tools/compiler/gcc-arm-none-eabi-7-2017-q4-major/bin/../lib/gcc/arm-none-eabi/7.2.1/../../../../arm-none-eabi/lib/thumb/v7e-m/fpv4-sp/hard/libc.a(lib_a-printf.o)
 .text._printf_r
                0x0000000000001a3c       0x20 /home/saish/Desktop/ccs1011/ccs/tools/compiler/gcc-arm-none-eabi-7-2017-q4-major/bin/../lib/gcc/arm-none-eabi/7.2.1/../../../../arm-none-eabi/lib/thumb/v7e-m/fpv4-sp/hard/libc.a(lib_a-printf.o)
                0x0000000000001a3c                _printf_r
 .text.printf   0x0000000000001a5c       0x28 /home/saish/Desktop/ccs1011/ccs/tools/compiler/gcc-arm-none-eabi-7-2017-q4-major/bin/../lib/gcc/arm-none-eabi/7.2.1/../../../../arm-none-eabi/lib/thumb/v7e-m/fpv4-sp/hard/libc.a(lib_a-printf.o)
                0x0000000000001a5c                printf
 .text          0x0000000000001a84        0x0 /home/saish/Desktop/ccs1011/ccs/tools/compiler/gcc-arm-none-eabi-7-2017-q4-major/bin/../lib/gcc/arm-none-eabi/7.2.1/../../../../arm-none-eabi/lib/thumb/v7e-m/fpv4-sp/hard/libc.a(lib_a-vfprintf.o)
 *fill*         0x0000000000001a84        0x4 
 .text._vfprintf_r
                0x0000000000001a88     0x150c /home/saish/Desktop/ccs1011/ccs/tools/compiler/gcc-arm-none-eabi-7-2017-q4-major/bin/../lib/gcc/arm-none-eabi/7.2.1/../../../../arm-none-eabi/lib/thumb/v7e-m/fpv4-sp/hard/libc.a(lib_a-vfprintf.o)
                0x0000000000001a88                _vfprintf_r
 .text.vfprintf
                0x0000000000002f94       0x18 /home/saish/Desktop/ccs1011/ccs/tools/compiler/gcc-arm-none-eabi-7-2017-q4-major/bin/../lib/gcc/arm-none-eabi/7.2.1/../../../../arm-none-eabi/lib/thumb/v7e-m/fpv4-sp/hard/libc.a(lib_a-vfprintf.o)
                0x0000000000002f94                vfprintf
 .text.__sbprintf
                0x0000000000002fac       0x84 /home/saish/Desktop/ccs1011/ccs/tools/compiler/gcc-arm-none-eabi-7-2017-q4-major/bin/../lib/gcc/arm-none-eabi/7.2.1/../../../../arm-none-eabi/lib/thumb/v7e-m/fpv4-sp/hard/libc.a(lib_a-vfprintf.o)
 .text          0x0000000000003030        0x0 /home/saish/Desktop/ccs1011/ccs/tools/compiler/gcc-arm-none-eabi-7-2017-q4-major/bin/../lib/gcc/arm-none-eabi/7.2.1/../../../../arm-none-eabi/lib/thumb/v7e-m/fpv4-sp/hard/libc.a(lib_a-wsetup.o)
 .text.__swsetup_r
                0x0000000000003030       0xcc /home/saish/Desktop/ccs1011/ccs/tools/compiler/gcc-arm-none-eabi-7-2017-q4-major/bin/../lib/gcc/arm-none-eabi/7.2.1/../../../../arm-none-eabi/lib/thumb/v7e-m/fpv4-sp/hard/libc.a(lib_a-wsetup.o)
                0x0000000000003030                __swsetup_r
 .text          0x00000000000030fc        0x0 /home/saish/Desktop/ccs1011/ccs/tools/compiler/gcc-arm-none-eabi-7-2017-q4-major/bin/../lib/gcc/arm-none-eabi/7.2.1/../../../../arm-none-eabi/lib/thumb/v7e-m/fpv4-sp/hard/libc.a(lib_a-__call_atexit.o)
 .text.startup.register_fini
                0x00000000000030fc       0x14 /home/saish/Desktop/ccs1011/ccs/tools/compiler/gcc-arm-none-eabi-7-2017-q4-major/bin/../lib/gcc/arm-none-eabi/7.2.1/../../../../arm-none-eabi/lib/thumb/v7e-m/fpv4-sp/hard/libc.a(lib_a-__call_atexit.o)
 .text.__call_exitprocs
                0x0000000000003110       0xe8 /home/saish/Desktop/ccs1011/ccs/tools/compiler/gcc-arm-none-eabi-7-2017-q4-major/bin/../lib/gcc/arm-none-eabi/7.2.1/../../../../arm-none-eabi/lib/thumb/v7e-m/fpv4-sp/hard/libc.a(lib_a-__call_atexit.o)
                0x0000000000003110                __call_exitprocs
 .text          0x00000000000031f8        0x0 /home/saish/Desktop/ccs1011/ccs/tools/compiler/gcc-arm-none-eabi-7-2017-q4-major/bin/../lib/gcc/arm-none-eabi/7.2.1/../../../../arm-none-eabi/lib/thumb/v7e-m/fpv4-sp/hard/libc.a(lib_a-atexit.o)
 .text.atexit   0x00000000000031f8        0xc /home/saish/Desktop/ccs1011/ccs/tools/compiler/gcc-arm-none-eabi-7-2017-q4-major/bin/../lib/gcc/arm-none-eabi/7.2.1/../../../../arm-none-eabi/lib/thumb/v7e-m/fpv4-sp/hard/libc.a(lib_a-atexit.o)
                0x00000000000031f8                atexit
 .text          0x0000000000003204        0x0 /home/saish/Desktop/ccs1011/ccs/tools/compiler/gcc-arm-none-eabi-7-2017-q4-major/bin/../lib/gcc/arm-none-eabi/7.2.1/../../../../arm-none-eabi/lib/thumb/v7e-m/fpv4-sp/hard/libc.a(lib_a-dtoa.o)
 .text.quorem   0x0000000000003204      0x124 /home/saish/Desktop/ccs1011/ccs/tools/compiler/gcc-arm-none-eabi-7-2017-q4-major/bin/../lib/gcc/arm-none-eabi/7.2.1/../../../../arm-none-eabi/lib/thumb/v7e-m/fpv4-sp/hard/libc.a(lib_a-dtoa.o)
 .text._dtoa_r  0x0000000000003328      0xe28 /home/saish/Desktop/ccs1011/ccs/tools/compiler/gcc-arm-none-eabi-7-2017-q4-major/bin/../lib/gcc/arm-none-eabi/7.2.1/../../../../arm-none-eabi/lib/thumb/v7e-m/fpv4-sp/hard/libc.a(lib_a-dtoa.o)
                0x0000000000003328                _dtoa_r
 .text          0x0000000000004150        0x0 /home/saish/Desktop/ccs1011/ccs/tools/compiler/gcc-arm-none-eabi-7-2017-q4-major/bin/../lib/gcc/arm-none-eabi/7.2.1/../../../../arm-none-eabi/lib/thumb/v7e-m/fpv4-sp/hard/libc.a(lib_a-fflush.o)
 .text.__sflush_r
                0x0000000000004150      0x154 /home/saish/Desktop/ccs1011/ccs/tools/compiler/gcc-arm-none-eabi-7-2017-q4-major/bin/../lib/gcc/arm-none-eabi/7.2.1/../../../../arm-none-eabi/lib/thumb/v7e-m/fpv4-sp/hard/libc.a(lib_a-fflush.o)
                0x0000000000004150                __sflush_r
 .text._fflush_r
                0x00000000000042a4       0x5c /home/saish/Desktop/ccs1011/ccs/tools/compiler/gcc-arm-none-eabi-7-2017-q4-major/bin/../lib/gcc/arm-none-eabi/7.2.1/../../../../arm-none-eabi/lib/thumb/v7e-m/fpv4-sp/hard/libc.a(lib_a-fflush.o)
                0x00000000000042a4                _fflush_r
 .text.fflush   0x0000000000004300       0x24 /home/saish/Desktop/ccs1011/ccs/tools/compiler/gcc-arm-none-eabi-7-2017-q4-major/bin/../lib/gcc/arm-none-eabi/7.2.1/../../../../arm-none-eabi/lib/thumb/v7e-m/fpv4-sp/hard/libc.a(lib_a-fflush.o)
                0x0000000000004300                fflush
 .text          0x0000000000004324        0x0 /home/saish/Desktop/ccs1011/ccs/tools/compiler/gcc-arm-none-eabi-7-2017-q4-major/bin/../lib/gcc/arm-none-eabi/7.2.1/../../../../arm-none-eabi/lib/thumb/v7e-m/fpv4-sp/hard/libc.a(lib_a-findfp.o)
 .text.std      0x0000000000004324       0x50 /home/saish/Desktop/ccs1011/ccs/tools/compiler/gcc-arm-none-eabi-7-2017-q4-major/bin/../lib/gcc/arm-none-eabi/7.2.1/../../../../arm-none-eabi/lib/thumb/v7e-m/fpv4-sp/hard/libc.a(lib_a-findfp.o)
 .text._cleanup_r
                0x0000000000004374        0xc /home/saish/Desktop/ccs1011/ccs/tools/compiler/gcc-arm-none-eabi-7-2017-q4-major/bin/../lib/gcc/arm-none-eabi/7.2.1/../../../../arm-none-eabi/lib/thumb/v7e-m/fpv4-sp/hard/libc.a(lib_a-findfp.o)
                0x0000000000004374                _cleanup_r
 .text.__fp_lock
                0x0000000000004380       0x1c /home/saish/Desktop/ccs1011/ccs/tools/compiler/gcc-arm-none-eabi-7-2017-q4-major/bin/../lib/gcc/arm-none-eabi/7.2.1/../../../../arm-none-eabi/lib/thumb/v7e-m/fpv4-sp/hard/libc.a(lib_a-findfp.o)
 .text.__fp_unlock
                0x000000000000439c       0x1c /home/saish/Desktop/ccs1011/ccs/tools/compiler/gcc-arm-none-eabi-7-2017-q4-major/bin/../lib/gcc/arm-none-eabi/7.2.1/../../../../arm-none-eabi/lib/thumb/v7e-m/fpv4-sp/hard/libc.a(lib_a-findfp.o)
 .text.__sfmoreglue
                0x00000000000043b8       0x30 /home/saish/Desktop/ccs1011/ccs/tools/compiler/gcc-arm-none-eabi-7-2017-q4-major/bin/../lib/gcc/arm-none-eabi/7.2.1/../../../../arm-none-eabi/lib/thumb/v7e-m/fpv4-sp/hard/libc.a(lib_a-findfp.o)
                0x00000000000043b8                __sfmoreglue
 .text._cleanup
                0x00000000000043e8       0x14 /home/saish/Desktop/ccs1011/ccs/tools/compiler/gcc-arm-none-eabi-7-2017-q4-major/bin/../lib/gcc/arm-none-eabi/7.2.1/../../../../arm-none-eabi/lib/thumb/v7e-m/fpv4-sp/hard/libc.a(lib_a-findfp.o)
                0x00000000000043e8                _cleanup
 .text.__sinit  0x00000000000043fc       0x58 /home/saish/Desktop/ccs1011/ccs/tools/compiler/gcc-arm-none-eabi-7-2017-q4-major/bin/../lib/gcc/arm-none-eabi/7.2.1/../../../../arm-none-eabi/lib/thumb/v7e-m/fpv4-sp/hard/libc.a(lib_a-findfp.o)
                0x00000000000043fc                __sinit
 .text.__sfp    0x0000000000004454       0xa4 /home/saish/Desktop/ccs1011/ccs/tools/compiler/gcc-arm-none-eabi-7-2017-q4-major/bin/../lib/gcc/arm-none-eabi/7.2.1/../../../../arm-none-eabi/lib/thumb/v7e-m/fpv4-sp/hard/libc.a(lib_a-findfp.o)
                0x0000000000004454                __sfp
 .text.__sfp_lock_acquire
                0x00000000000044f8        0xc /home/saish/Desktop/ccs1011/ccs/tools/compiler/gcc-arm-none-eabi-7-2017-q4-major/bin/../lib/gcc/arm-none-eabi/7.2.1/../../../../arm-none-eabi/lib/thumb/v7e-m/fpv4-sp/hard/libc.a(lib_a-findfp.o)
                0x00000000000044f8                __sfp_lock_acquire
 .text.__sfp_lock_release
                0x0000000000004504        0xc /home/saish/Desktop/ccs1011/ccs/tools/compiler/gcc-arm-none-eabi-7-2017-q4-major/bin/../lib/gcc/arm-none-eabi/7.2.1/../../../../arm-none-eabi/lib/thumb/v7e-m/fpv4-sp/hard/libc.a(lib_a-findfp.o)
                0x0000000000004504                __sfp_lock_release
 .text.__sinit_lock_acquire
                0x0000000000004510        0xc /home/saish/Desktop/ccs1011/ccs/tools/compiler/gcc-arm-none-eabi-7-2017-q4-major/bin/../lib/gcc/arm-none-eabi/7.2.1/../../../../arm-none-eabi/lib/thumb/v7e-m/fpv4-sp/hard/libc.a(lib_a-findfp.o)
                0x0000000000004510                __sinit_lock_acquire
 .text.__sinit_lock_release
                0x000000000000451c        0xc /home/saish/Desktop/ccs1011/ccs/tools/compiler/gcc-arm-none-eabi-7-2017-q4-major/bin/../lib/gcc/arm-none-eabi/7.2.1/../../../../arm-none-eabi/lib/thumb/v7e-m/fpv4-sp/hard/libc.a(lib_a-findfp.o)
                0x000000000000451c                __sinit_lock_release
 .text.__fp_lock_all
                0x0000000000004528       0x24 /home/saish/Desktop/ccs1011/ccs/tools/compiler/gcc-arm-none-eabi-7-2017-q4-major/bin/../lib/gcc/arm-none-eabi/7.2.1/../../../../arm-none-eabi/lib/thumb/v7e-m/fpv4-sp/hard/libc.a(lib_a-findfp.o)
                0x0000000000004528                __fp_lock_all
 .text.__fp_unlock_all
                0x000000000000454c       0x24 /home/saish/Desktop/ccs1011/ccs/tools/compiler/gcc-arm-none-eabi-7-2017-q4-major/bin/../lib/gcc/arm-none-eabi/7.2.1/../../../../arm-none-eabi/lib/thumb/v7e-m/fpv4-sp/hard/libc.a(lib_a-findfp.o)
                0x000000000000454c                __fp_unlock_all
 .text          0x0000000000004570        0x0 /home/saish/Desktop/ccs1011/ccs/tools/compiler/gcc-arm-none-eabi-7-2017-q4-major/bin/../lib/gcc/arm-none-eabi/7.2.1/../../../../arm-none-eabi/lib/thumb/v7e-m/fpv4-sp/hard/libc.a(lib_a-fini.o)
 .text.__libc_fini_array
                0x0000000000004570       0x34 /home/saish/Desktop/ccs1011/ccs/tools/compiler/gcc-arm-none-eabi-7-2017-q4-major/bin/../lib/gcc/arm-none-eabi/7.2.1/../../../../arm-none-eabi/lib/thumb/v7e-m/fpv4-sp/hard/libc.a(lib_a-fini.o)
                0x0000000000004570                __libc_fini_array
 .text          0x00000000000045a4        0x0 /home/saish/Desktop/ccs1011/ccs/tools/compiler/gcc-arm-none-eabi-7-2017-q4-major/bin/../lib/gcc/arm-none-eabi/7.2.1/../../../../arm-none-eabi/lib/thumb/v7e-m/fpv4-sp/hard/libc.a(lib_a-freer.o)
 .text._malloc_trim_r
                0x00000000000045a4       0xa0 /home/saish/Desktop/ccs1011/ccs/tools/compiler/gcc-arm-none-eabi-7-2017-q4-major/bin/../lib/gcc/arm-none-eabi/7.2.1/../../../../arm-none-eabi/lib/thumb/v7e-m/fpv4-sp/hard/libc.a(lib_a-freer.o)
                0x00000000000045a4                _malloc_trim_r
 .text._free_r  0x0000000000004644      0x1e8 /home/saish/Desktop/ccs1011/ccs/tools/compiler/gcc-arm-none-eabi-7-2017-q4-major/bin/../lib/gcc/arm-none-eabi/7.2.1/../../../../arm-none-eabi/lib/thumb/v7e-m/fpv4-sp/hard/libc.a(lib_a-freer.o)
                0x0000000000004644                _free_r
 .text          0x000000000000482c        0x0 /home/saish/Desktop/ccs1011/ccs/tools/compiler/gcc-arm-none-eabi-7-2017-q4-major/bin/../lib/gcc/arm-none-eabi/7.2.1/../../../../arm-none-eabi/lib/thumb/v7e-m/fpv4-sp/hard/libc.a(lib_a-fwalk.o)
 .text._fwalk   0x000000000000482c       0x4c /home/saish/Desktop/ccs1011/ccs/tools/compiler/gcc-arm-none-eabi-7-2017-q4-major/bin/../lib/gcc/arm-none-eabi/7.2.1/../../../../arm-none-eabi/lib/thumb/v7e-m/fpv4-sp/hard/libc.a(lib_a-fwalk.o)
                0x000000000000482c                _fwalk
 .text._fwalk_reent
                0x0000000000004878       0x54 /home/saish/Desktop/ccs1011/ccs/tools/compiler/gcc-arm-none-eabi-7-2017-q4-major/bin/../lib/gcc/arm-none-eabi/7.2.1/../../../../arm-none-eabi/lib/thumb/v7e-m/fpv4-sp/hard/libc.a(lib_a-fwalk.o)
                0x0000000000004878                _fwalk_reent
 .text          0x00000000000048cc        0x0 /home/saish/Desktop/ccs1011/ccs/tools/compiler/gcc-arm-none-eabi-7-2017-q4-major/bin/../lib/gcc/arm-none-eabi/7.2.1/../../../../arm-none-eabi/lib/thumb/v7e-m/fpv4-sp/hard/libc.a(lib_a-localeconv.o)
 .text.__localeconv_l
                0x00000000000048cc        0x4 /home/saish/Desktop/ccs1011/ccs/tools/compiler/gcc-arm-none-eabi-7-2017-q4-major/bin/../lib/gcc/arm-none-eabi/7.2.1/../../../../arm-none-eabi/lib/thumb/v7e-m/fpv4-sp/hard/libc.a(lib_a-localeconv.o)
                0x00000000000048cc                __localeconv_l
 .text._localeconv_r
                0x00000000000048d0       0x1c /home/saish/Desktop/ccs1011/ccs/tools/compiler/gcc-arm-none-eabi-7-2017-q4-major/bin/../lib/gcc/arm-none-eabi/7.2.1/../../../../arm-none-eabi/lib/thumb/v7e-m/fpv4-sp/hard/libc.a(lib_a-localeconv.o)
                0x00000000000048d0                _localeconv_r
 .text.localeconv
                0x00000000000048ec       0x1c /home/saish/Desktop/ccs1011/ccs/tools/compiler/gcc-arm-none-eabi-7-2017-q4-major/bin/../lib/gcc/arm-none-eabi/7.2.1/../../../../arm-none-eabi/lib/thumb/v7e-m/fpv4-sp/hard/libc.a(lib_a-localeconv.o)
                0x00000000000048ec                localeconv
 .text          0x0000000000004908        0x0 /home/saish/Desktop/ccs1011/ccs/tools/compiler/gcc-arm-none-eabi-7-2017-q4-major/bin/../lib/gcc/arm-none-eabi/7.2.1/../../../../arm-none-eabi/lib/thumb/v7e-m/fpv4-sp/hard/libc.a(lib_a-lock.o)
 .text.__retarget_lock_init
                0x0000000000004908        0x4 /home/saish/Desktop/ccs1011/ccs/tools/compiler/gcc-arm-none-eabi-7-2017-q4-major/bin/../lib/gcc/arm-none-eabi/7.2.1/../../../../arm-none-eabi/lib/thumb/v7e-m/fpv4-sp/hard/libc.a(lib_a-lock.o)
                0x0000000000004908                __retarget_lock_init
 .text.__retarget_lock_init_recursive
                0x000000000000490c        0x4 /home/saish/Desktop/ccs1011/ccs/tools/compiler/gcc-arm-none-eabi-7-2017-q4-major/bin/../lib/gcc/arm-none-eabi/7.2.1/../../../../arm-none-eabi/lib/thumb/v7e-m/fpv4-sp/hard/libc.a(lib_a-lock.o)
                0x000000000000490c                __retarget_lock_init_recursive
 .text.__retarget_lock_close
                0x0000000000004910        0x4 /home/saish/Desktop/ccs1011/ccs/tools/compiler/gcc-arm-none-eabi-7-2017-q4-major/bin/../lib/gcc/arm-none-eabi/7.2.1/../../../../arm-none-eabi/lib/thumb/v7e-m/fpv4-sp/hard/libc.a(lib_a-lock.o)
                0x0000000000004910                __retarget_lock_close
 .text.__retarget_lock_close_recursive
                0x0000000000004914        0x4 /home/saish/Desktop/ccs1011/ccs/tools/compiler/gcc-arm-none-eabi-7-2017-q4-major/bin/../lib/gcc/arm-none-eabi/7.2.1/../../../../arm-none-eabi/lib/thumb/v7e-m/fpv4-sp/hard/libc.a(lib_a-lock.o)
                0x0000000000004914                __retarget_lock_close_recursive
 .text.__retarget_lock_acquire
                0x0000000000004918        0x4 /home/saish/Desktop/ccs1011/ccs/tools/compiler/gcc-arm-none-eabi-7-2017-q4-major/bin/../lib/gcc/arm-none-eabi/7.2.1/../../../../arm-none-eabi/lib/thumb/v7e-m/fpv4-sp/hard/libc.a(lib_a-lock.o)
                0x0000000000004918                __retarget_lock_acquire
 .text.__retarget_lock_acquire_recursive
                0x000000000000491c        0x4 /home/saish/Desktop/ccs1011/ccs/tools/compiler/gcc-arm-none-eabi-7-2017-q4-major/bin/../lib/gcc/arm-none-eabi/7.2.1/../../../../arm-none-eabi/lib/thumb/v7e-m/fpv4-sp/hard/libc.a(lib_a-lock.o)
                0x000000000000491c                __retarget_lock_acquire_recursive
 .text.__retarget_lock_try_acquire
                0x0000000000004920        0x4 /home/saish/Desktop/ccs1011/ccs/tools/compiler/gcc-arm-none-eabi-7-2017-q4-major/bin/../lib/gcc/arm-none-eabi/7.2.1/../../../../arm-none-eabi/lib/thumb/v7e-m/fpv4-sp/hard/libc.a(lib_a-lock.o)
                0x0000000000004920                __retarget_lock_try_acquire
 .text.__retarget_lock_try_acquire_recursive
                0x0000000000004924        0x4 /home/saish/Desktop/ccs1011/ccs/tools/compiler/gcc-arm-none-eabi-7-2017-q4-major/bin/../lib/gcc/arm-none-eabi/7.2.1/../../../../arm-none-eabi/lib/thumb/v7e-m/fpv4-sp/hard/libc.a(lib_a-lock.o)
                0x0000000000004924                __retarget_lock_try_acquire_recursive
 .text.__retarget_lock_release
                0x0000000000004928        0x4 /home/saish/Desktop/ccs1011/ccs/tools/compiler/gcc-arm-none-eabi-7-2017-q4-major/bin/../lib/gcc/arm-none-eabi/7.2.1/../../../../arm-none-eabi/lib/thumb/v7e-m/fpv4-sp/hard/libc.a(lib_a-lock.o)
                0x0000000000004928                __retarget_lock_release
 .text.__retarget_lock_release_recursive
                0x000000000000492c        0x4 /home/saish/Desktop/ccs1011/ccs/tools/compiler/gcc-arm-none-eabi-7-2017-q4-major/bin/../lib/gcc/arm-none-eabi/7.2.1/../../../../arm-none-eabi/lib/thumb/v7e-m/fpv4-sp/hard/libc.a(lib_a-lock.o)
                0x000000000000492c                __retarget_lock_release_recursive
 .text          0x0000000000004930        0x0 /home/saish/Desktop/ccs1011/ccs/tools/compiler/gcc-arm-none-eabi-7-2017-q4-major/bin/../lib/gcc/arm-none-eabi/7.2.1/../../../../arm-none-eabi/lib/thumb/v7e-m/fpv4-sp/hard/libc.a(lib_a-makebuf.o)
 .text.__swhatbuf_r
                0x0000000000004930       0x5c /home/saish/Desktop/ccs1011/ccs/tools/compiler/gcc-arm-none-eabi-7-2017-q4-major/bin/../lib/gcc/arm-none-eabi/7.2.1/../../../../arm-none-eabi/lib/thumb/v7e-m/fpv4-sp/hard/libc.a(lib_a-makebuf.o)
                0x0000000000004930                __swhatbuf_r
 .text.__smakebuf_r
                0x000000000000498c       0x94 /home/saish/Desktop/ccs1011/ccs/tools/compiler/gcc-arm-none-eabi-7-2017-q4-major/bin/../lib/gcc/arm-none-eabi/7.2.1/../../../../arm-none-eabi/lib/thumb/v7e-m/fpv4-sp/hard/libc.a(lib_a-makebuf.o)
                0x000000000000498c                __smakebuf_r
 .text          0x0000000000004a20        0x0 /home/saish/Desktop/ccs1011/ccs/tools/compiler/gcc-arm-none-eabi-7-2017-q4-major/bin/../lib/gcc/arm-none-eabi/7.2.1/../../../../arm-none-eabi/lib/thumb/v7e-m/fpv4-sp/hard/libc.a(lib_a-mallocr.o)
 .text._malloc_r
                0x0000000000004a20      0x548 /home/saish/Desktop/ccs1011/ccs/tools/compiler/gcc-arm-none-eabi-7-2017-q4-major/bin/../lib/gcc/arm-none-eabi/7.2.1/../../../../arm-none-eabi/lib/thumb/v7e-m/fpv4-sp/hard/libc.a(lib_a-mallocr.o)
                0x0000000000004a20                _malloc_r
 *fill*         0x0000000000004f68        0x8 
 .text          0x0000000000004f70       0xa0 /home/saish/Desktop/ccs1011/ccs/tools/compiler/gcc-arm-none-eabi-7-2017-q4-major/bin/../lib/gcc/arm-none-eabi/7.2.1/../../../../arm-none-eabi/lib/thumb/v7e-m/fpv4-sp/hard/libc.a(lib_a-memchr.o)
                0x0000000000004f70                memchr
 .text          0x0000000000005010        0x0 /home/saish/Desktop/ccs1011/ccs/tools/compiler/gcc-arm-none-eabi-7-2017-q4-major/bin/../lib/gcc/arm-none-eabi/7.2.1/../../../../arm-none-eabi/lib/thumb/v7e-m/fpv4-sp/hard/libc.a(lib_a-mlock.o)
 .text.__malloc_lock
                0x0000000000005010        0xc /home/saish/Desktop/ccs1011/ccs/tools/compiler/gcc-arm-none-eabi-7-2017-q4-major/bin/../lib/gcc/arm-none-eabi/7.2.1/../../../../arm-none-eabi/lib/thumb/v7e-m/fpv4-sp/hard/libc.a(lib_a-mlock.o)
                0x0000000000005010                __malloc_lock
 .text.__malloc_unlock
                0x000000000000501c        0xc /home/saish/Desktop/ccs1011/ccs/tools/compiler/gcc-arm-none-eabi-7-2017-q4-major/bin/../lib/gcc/arm-none-eabi/7.2.1/../../../../arm-none-eabi/lib/thumb/v7e-m/fpv4-sp/hard/libc.a(lib_a-mlock.o)
                0x000000000000501c                __malloc_unlock
 .text          0x0000000000005028        0x0 /home/saish/Desktop/ccs1011/ccs/tools/compiler/gcc-arm-none-eabi-7-2017-q4-major/bin/../lib/gcc/arm-none-eabi/7.2.1/../../../../arm-none-eabi/lib/thumb/v7e-m/fpv4-sp/hard/libc.a(lib_a-mprec.o)
 .text._Balloc  0x0000000000005028       0x4c /home/saish/Desktop/ccs1011/ccs/tools/compiler/gcc-arm-none-eabi-7-2017-q4-major/bin/../lib/gcc/arm-none-eabi/7.2.1/../../../../arm-none-eabi/lib/thumb/v7e-m/fpv4-sp/hard/libc.a(lib_a-mprec.o)
                0x0000000000005028                _Balloc
 .text._Bfree   0x0000000000005074       0x14 /home/saish/Desktop/ccs1011/ccs/tools/compiler/gcc-arm-none-eabi-7-2017-q4-major/bin/../lib/gcc/arm-none-eabi/7.2.1/../../../../arm-none-eabi/lib/thumb/v7e-m/fpv4-sp/hard/libc.a(lib_a-mprec.o)
                0x0000000000005074                _Bfree
 .text.__multadd
                0x0000000000005088       0x80 /home/saish/Desktop/ccs1011/ccs/tools/compiler/gcc-arm-none-eabi-7-2017-q4-major/bin/../lib/gcc/arm-none-eabi/7.2.1/../../../../arm-none-eabi/lib/thumb/v7e-m/fpv4-sp/hard/libc.a(lib_a-mprec.o)
                0x0000000000005088                __multadd
 .text.__s2b    0x0000000000005108       0x98 /home/saish/Desktop/ccs1011/ccs/tools/compiler/gcc-arm-none-eabi-7-2017-q4-major/bin/../lib/gcc/arm-none-eabi/7.2.1/../../../../arm-none-eabi/lib/thumb/v7e-m/fpv4-sp/hard/libc.a(lib_a-mprec.o)
                0x0000000000005108                __s2b
 .text.__hi0bits
                0x00000000000051a0       0x40 /home/saish/Desktop/ccs1011/ccs/tools/compiler/gcc-arm-none-eabi-7-2017-q4-major/bin/../lib/gcc/arm-none-eabi/7.2.1/../../../../arm-none-eabi/lib/thumb/v7e-m/fpv4-sp/hard/libc.a(lib_a-mprec.o)
                0x00000000000051a0                __hi0bits
 .text.__lo0bits
                0x00000000000051e0       0x60 /home/saish/Desktop/ccs1011/ccs/tools/compiler/gcc-arm-none-eabi-7-2017-q4-major/bin/../lib/gcc/arm-none-eabi/7.2.1/../../../../arm-none-eabi/lib/thumb/v7e-m/fpv4-sp/hard/libc.a(lib_a-mprec.o)
                0x00000000000051e0                __lo0bits
 .text.__i2b    0x0000000000005240       0x14 /home/saish/Desktop/ccs1011/ccs/tools/compiler/gcc-arm-none-eabi-7-2017-q4-major/bin/../lib/gcc/arm-none-eabi/7.2.1/../../../../arm-none-eabi/lib/thumb/v7e-m/fpv4-sp/hard/libc.a(lib_a-mprec.o)
                0x0000000000005240                __i2b
 .text.__multiply
                0x0000000000005254      0x14c /home/saish/Desktop/ccs1011/ccs/tools/compiler/gcc-arm-none-eabi-7-2017-q4-major/bin/../lib/gcc/arm-none-eabi/7.2.1/../../../../arm-none-eabi/lib/thumb/v7e-m/fpv4-sp/hard/libc.a(lib_a-mprec.o)
                0x0000000000005254                __multiply
 .text.__pow5mult
                0x00000000000053a0       0xa0 /home/saish/Desktop/ccs1011/ccs/tools/compiler/gcc-arm-none-eabi-7-2017-q4-major/bin/../lib/gcc/arm-none-eabi/7.2.1/../../../../arm-none-eabi/lib/thumb/v7e-m/fpv4-sp/hard/libc.a(lib_a-mprec.o)
                0x00000000000053a0                __pow5mult
 .text.__lshift
                0x0000000000005440       0xac /home/saish/Desktop/ccs1011/ccs/tools/compiler/gcc-arm-none-eabi-7-2017-q4-major/bin/../lib/gcc/arm-none-eabi/7.2.1/../../../../arm-none-eabi/lib/thumb/v7e-m/fpv4-sp/hard/libc.a(lib_a-mprec.o)
                0x0000000000005440                __lshift
 .text.__mcmp   0x00000000000054ec       0x38 /home/saish/Desktop/ccs1011/ccs/tools/compiler/gcc-arm-none-eabi-7-2017-q4-major/bin/../lib/gcc/arm-none-eabi/7.2.1/../../../../arm-none-eabi/lib/thumb/v7e-m/fpv4-sp/hard/libc.a(lib_a-mprec.o)
                0x00000000000054ec                __mcmp
 .text.__mdiff  0x0000000000005524       0xec /home/saish/Desktop/ccs1011/ccs/tools/compiler/gcc-arm-none-eabi-7-2017-q4-major/bin/../lib/gcc/arm-none-eabi/7.2.1/../../../../arm-none-eabi/lib/thumb/v7e-m/fpv4-sp/hard/libc.a(lib_a-mprec.o)
                0x0000000000005524                __mdiff
 .text.__ulp    0x0000000000005610       0x54 /home/saish/Desktop/ccs1011/ccs/tools/compiler/gcc-arm-none-eabi-7-2017-q4-major/bin/../lib/gcc/arm-none-eabi/7.2.1/../../../../arm-none-eabi/lib/thumb/v7e-m/fpv4-sp/hard/libc.a(lib_a-mprec.o)
                0x0000000000005610                __ulp
 .text.__b2d    0x0000000000005664       0xbc /home/saish/Desktop/ccs1011/ccs/tools/compiler/gcc-arm-none-eabi-7-2017-q4-major/bin/../lib/gcc/arm-none-eabi/7.2.1/../../../../arm-none-eabi/lib/thumb/v7e-m/fpv4-sp/hard/libc.a(lib_a-mprec.o)
                0x0000000000005664                __b2d
 .text.__d2b    0x0000000000005720       0xc4 /home/saish/Desktop/ccs1011/ccs/tools/compiler/gcc-arm-none-eabi-7-2017-q4-major/bin/../lib/gcc/arm-none-eabi/7.2.1/../../../../arm-none-eabi/lib/thumb/v7e-m/fpv4-sp/hard/libc.a(lib_a-mprec.o)
                0x0000000000005720                __d2b
 .text.__ratio  0x00000000000057e4       0x60 /home/saish/Desktop/ccs1011/ccs/tools/compiler/gcc-arm-none-eabi-7-2017-q4-major/bin/../lib/gcc/arm-none-eabi/7.2.1/../../../../arm-none-eabi/lib/thumb/v7e-m/fpv4-sp/hard/libc.a(lib_a-mprec.o)
                0x00000000000057e4                __ratio
 .text._mprec_log10
                0x0000000000005844       0x40 /home/saish/Desktop/ccs1011/ccs/tools/compiler/gcc-arm-none-eabi-7-2017-q4-major/bin/../lib/gcc/arm-none-eabi/7.2.1/../../../../arm-none-eabi/lib/thumb/v7e-m/fpv4-sp/hard/libc.a(lib_a-mprec.o)
                0x0000000000005844                _mprec_log10
 .text.__copybits
                0x0000000000005884       0x48 /home/saish/Desktop/ccs1011/ccs/tools/compiler/gcc-arm-none-eabi-7-2017-q4-major/bin/../lib/gcc/arm-none-eabi/7.2.1/../../../../arm-none-eabi/lib/thumb/v7e-m/fpv4-sp/hard/libc.a(lib_a-mprec.o)
                0x0000000000005884                __copybits
 .text.__any_on
                0x00000000000058cc       0x58 /home/saish/Desktop/ccs1011/ccs/tools/compiler/gcc-arm-none-eabi-7-2017-q4-major/bin/../lib/gcc/arm-none-eabi/7.2.1/../../../../arm-none-eabi/lib/thumb/v7e-m/fpv4-sp/hard/libc.a(lib_a-mprec.o)
                0x00000000000058cc                __any_on
 .text          0x0000000000005924        0x0 /home/saish/Desktop/ccs1011/ccs/tools/compiler/gcc-arm-none-eabi-7-2017-q4-major/bin/../lib/gcc/arm-none-eabi/7.2.1/../../../../arm-none-eabi/lib/thumb/v7e-m/fpv4-sp/hard/libc.a(lib_a-sbrkr.o)
 .text._sbrk_r  0x0000000000005924       0x24 /home/saish/Desktop/ccs1011/ccs/tools/compiler/gcc-arm-none-eabi-7-2017-q4-major/bin/../lib/gcc/arm-none-eabi/7.2.1/../../../../arm-none-eabi/lib/thumb/v7e-m/fpv4-sp/hard/libc.a(lib_a-sbrkr.o)
                0x0000000000005924                _sbrk_r
 .text          0x0000000000005948        0x0 /home/saish/Desktop/ccs1011/ccs/tools/compiler/gcc-arm-none-eabi-7-2017-q4-major/bin/../lib/gcc/arm-none-eabi/7.2.1/../../../../arm-none-eabi/lib/thumb/v7e-m/fpv4-sp/hard/libc.a(lib_a-stdio.o)
 .text.__sread  0x0000000000005948       0x24 /home/saish/Desktop/ccs1011/ccs/tools/compiler/gcc-arm-none-eabi-7-2017-q4-major/bin/../lib/gcc/arm-none-eabi/7.2.1/../../../../arm-none-eabi/lib/thumb/v7e-m/fpv4-sp/hard/libc.a(lib_a-stdio.o)
                0x0000000000005948                __sread
 .text.__seofread
                0x000000000000596c        0x4 /home/saish/Desktop/ccs1011/ccs/tools/compiler/gcc-arm-none-eabi-7-2017-q4-major/bin/../lib/gcc/arm-none-eabi/7.2.1/../../../../arm-none-eabi/lib/thumb/v7e-m/fpv4-sp/hard/libc.a(lib_a-stdio.o)
                0x000000000000596c                __seofread
 .text.__swrite
                0x0000000000005970       0x3c /home/saish/Desktop/ccs1011/ccs/tools/compiler/gcc-arm-none-eabi-7-2017-q4-major/bin/../lib/gcc/arm-none-eabi/7.2.1/../../../../arm-none-eabi/lib/thumb/v7e-m/fpv4-sp/hard/libc.a(lib_a-stdio.o)
                0x0000000000005970                __swrite
 .text.__sseek  0x00000000000059ac       0x20 /home/saish/Desktop/ccs1011/ccs/tools/compiler/gcc-arm-none-eabi-7-2017-q4-major/bin/../lib/gcc/arm-none-eabi/7.2.1/../../../../arm-none-eabi/lib/thumb/v7e-m/fpv4-sp/hard/libc.a(lib_a-stdio.o)
                0x00000000000059ac                __sseek
 .text.__sclose
                0x00000000000059cc        0x8 /home/saish/Desktop/ccs1011/ccs/tools/compiler/gcc-arm-none-eabi-7-2017-q4-major/bin/../lib/gcc/arm-none-eabi/7.2.1/../../../../arm-none-eabi/lib/thumb/v7e-m/fpv4-sp/hard/libc.a(lib_a-stdio.o)
                0x00000000000059cc                __sclose
 *fill*         0x00000000000059d4       0x2c 
 .text          0x0000000000005a00       0xdc /home/saish/Desktop/ccs1011/ccs/tools/compiler/gcc-arm-none-eabi-7-2017-q4-major/bin/../lib/gcc/arm-none-eabi/7.2.1/../../../../arm-none-eabi/lib/thumb/v7e-m/fpv4-sp/hard/libc.a(lib_a-strlen.o)
                0x0000000000005a00                strlen
 .text          0x0000000000005adc        0x0 /home/saish/Desktop/ccs1011/ccs/tools/compiler/gcc-arm-none-eabi-7-2017-q4-major/bin/../lib/gcc/arm-none-eabi/7.2.1/../../../../arm-none-eabi/lib/thumb/v7e-m/fpv4-sp/hard/libc.a(lib_a-vfiprintf.o)
 .text.__sprint_r.part.0
                0x0000000000005adc       0x78 /home/saish/Desktop/ccs1011/ccs/tools/compiler/gcc-arm-none-eabi-7-2017-q4-major/bin/../lib/gcc/arm-none-eabi/7.2.1/../../../../arm-none-eabi/lib/thumb/v7e-m/fpv4-sp/hard/libc.a(lib_a-vfiprintf.o)
 .text.__sprint_r
                0x0000000000005b54       0x14 /home/saish/Desktop/ccs1011/ccs/tools/compiler/gcc-arm-none-eabi-7-2017-q4-major/bin/../lib/gcc/arm-none-eabi/7.2.1/../../../../arm-none-eabi/lib/thumb/v7e-m/fpv4-sp/hard/libc.a(lib_a-vfiprintf.o)
                0x0000000000005b54                __sprint_r
 .text._vfiprintf_r
                0x0000000000005b68      0xc24 /home/saish/Desktop/ccs1011/ccs/tools/compiler/gcc-arm-none-eabi-7-2017-q4-major/bin/../lib/gcc/arm-none-eabi/7.2.1/../../../../arm-none-eabi/lib/thumb/v7e-m/fpv4-sp/hard/libc.a(lib_a-vfiprintf.o)
                0x0000000000005b68                _vfiprintf_r
 .text.vfiprintf
                0x000000000000678c       0x18 /home/saish/Desktop/ccs1011/ccs/tools/compiler/gcc-arm-none-eabi-7-2017-q4-major/bin/../lib/gcc/arm-none-eabi/7.2.1/../../../../arm-none-eabi/lib/thumb/v7e-m/fpv4-sp/hard/libc.a(lib_a-vfiprintf.o)
                0x000000000000678c                vfiprintf
 .text.__sbprintf
                0x00000000000067a4       0x84 /home/saish/Desktop/ccs1011/ccs/tools/compiler/gcc-arm-none-eabi-7-2017-q4-major/bin/../lib/gcc/arm-none-eabi/7.2.1/../../../../arm-none-eabi/lib/thumb/v7e-m/fpv4-sp/hard/libc.a(lib_a-vfiprintf.o)
 .text          0x0000000000006828        0x0 /home/saish/Desktop/ccs1011/ccs/tools/compiler/gcc-arm-none-eabi-7-2017-q4-major/bin/../lib/gcc/arm-none-eabi/7.2.1/../../../../arm-none-eabi/lib/thumb/v7e-m/fpv4-sp/hard/libc.a(lib_a-writer.o)
 .text._write_r
                0x0000000000006828       0x2c /home/saish/Desktop/ccs1011/ccs/tools/compiler/gcc-arm-none-eabi-7-2017-q4-major/bin/../lib/gcc/arm-none-eabi/7.2.1/../../../../arm-none-eabi/lib/thumb/v7e-m/fpv4-sp/hard/libc.a(lib_a-writer.o)
                0x0000000000006828                _write_r
 .text          0x0000000000006854        0x0 /home/saish/Desktop/ccs1011/ccs/tools/compiler/gcc-arm-none-eabi-7-2017-q4-major/bin/../lib/gcc/arm-none-eabi/7.2.1/../../../../arm-none-eabi/lib/thumb/v7e-m/fpv4-sp/hard/libc.a(lib_a-__atexit.o)
 .text.__register_exitproc
                0x0000000000006854       0xc0 /home/saish/Desktop/ccs1011/ccs/tools/compiler/gcc-arm-none-eabi-7-2017-q4-major/bin/../lib/gcc/arm-none-eabi/7.2.1/../../../../arm-none-eabi/lib/thumb/v7e-m/fpv4-sp/hard/libc.a(lib_a-__atexit.o)
                0x0000000000006854                __register_exitproc
 .text          0x0000000000006914        0x0 /home/saish/Desktop/ccs1011/ccs/tools/compiler/gcc-arm-none-eabi-7-2017-q4-major/bin/../lib/gcc/arm-none-eabi/7.2.1/../../../../arm-none-eabi/lib/thumb/v7e-m/fpv4-sp/hard/libc.a(lib_a-callocr.o)
 .text._calloc_r
                0x0000000000006914       0x68 /home/saish/Desktop/ccs1011/ccs/tools/compiler/gcc-arm-none-eabi-7-2017-q4-major/bin/../lib/gcc/arm-none-eabi/7.2.1/../../../../arm-none-eabi/lib/thumb/v7e-m/fpv4-sp/hard/libc.a(lib_a-callocr.o)
                0x0000000000006914                _calloc_r
 .text          0x000000000000697c        0x0 /home/saish/Desktop/ccs1011/ccs/tools/compiler/gcc-arm-none-eabi-7-2017-q4-major/bin/../lib/gcc/arm-none-eabi/7.2.1/../../../../arm-none-eabi/lib/thumb/v7e-m/fpv4-sp/hard/libc.a(lib_a-closer.o)
 .text._close_r
                0x000000000000697c       0x24 /home/saish/Desktop/ccs1011/ccs/tools/compiler/gcc-arm-none-eabi-7-2017-q4-major/bin/../lib/gcc/arm-none-eabi/7.2.1/../../../../arm-none-eabi/lib/thumb/v7e-m/fpv4-sp/hard/libc.a(lib_a-closer.o)
                0x000000000000697c                _close_r
 .text          0x00000000000069a0        0x0 /home/saish/Desktop/ccs1011/ccs/tools/compiler/gcc-arm-none-eabi-7-2017-q4-major/bin/../lib/gcc/arm-none-eabi/7.2.1/../../../../arm-none-eabi/lib/thumb/v7e-m/fpv4-sp/hard/libc.a(lib_a-fclose.o)
 .text._fclose_r
                0x00000000000069a0       0xd0 /home/saish/Desktop/ccs1011/ccs/tools/compiler/gcc-arm-none-eabi-7-2017-q4-major/bin/../lib/gcc/arm-none-eabi/7.2.1/../../../../arm-none-eabi/lib/thumb/v7e-m/fpv4-sp/hard/libc.a(lib_a-fclose.o)
                0x00000000000069a0                _fclose_r
 .text.fclose   0x0000000000006a70       0x10 /home/saish/Desktop/ccs1011/ccs/tools/compiler/gcc-arm-none-eabi-7-2017-q4-major/bin/../lib/gcc/arm-none-eabi/7.2.1/../../../../arm-none-eabi/lib/thumb/v7e-m/fpv4-sp/hard/libc.a(lib_a-fclose.o)
                0x0000000000006a70                fclose
 .text          0x0000000000006a80        0x0 /home/saish/Desktop/ccs1011/ccs/tools/compiler/gcc-arm-none-eabi-7-2017-q4-major/bin/../lib/gcc/arm-none-eabi/7.2.1/../../../../arm-none-eabi/lib/thumb/v7e-m/fpv4-sp/hard/libc.a(lib_a-fputwc.o)
 .text.__fputwc
                0x0000000000006a80       0xa0 /home/saish/Desktop/ccs1011/ccs/tools/compiler/gcc-arm-none-eabi-7-2017-q4-major/bin/../lib/gcc/arm-none-eabi/7.2.1/../../../../arm-none-eabi/lib/thumb/v7e-m/fpv4-sp/hard/libc.a(lib_a-fputwc.o)
                0x0000000000006a80                __fputwc
 .text._fputwc_r
                0x0000000000006b20       0x64 /home/saish/Desktop/ccs1011/ccs/tools/compiler/gcc-arm-none-eabi-7-2017-q4-major/bin/../lib/gcc/arm-none-eabi/7.2.1/../../../../arm-none-eabi/lib/thumb/v7e-m/fpv4-sp/hard/libc.a(lib_a-fputwc.o)
                0x0000000000006b20                _fputwc_r
 .text.fputwc   0x0000000000006b84       0x38 /home/saish/Desktop/ccs1011/ccs/tools/compiler/gcc-arm-none-eabi-7-2017-q4-major/bin/../lib/gcc/arm-none-eabi/7.2.1/../../../../arm-none-eabi/lib/thumb/v7e-m/fpv4-sp/hard/libc.a(lib_a-fputwc.o)
                0x0000000000006b84                fputwc
 .text          0x0000000000006bbc        0x0 /home/saish/Desktop/ccs1011/ccs/tools/compiler/gcc-arm-none-eabi-7-2017-q4-major/bin/../lib/gcc/arm-none-eabi/7.2.1/../../../../arm-none-eabi/lib/thumb/v7e-m/fpv4-sp/hard/libc.a(lib_a-fstatr.o)
 .text._fstat_r
                0x0000000000006bbc       0x28 /home/saish/Desktop/ccs1011/ccs/tools/compiler/gcc-arm-none-eabi-7-2017-q4-major/bin/../lib/gcc/arm-none-eabi/7.2.1/../../../../arm-none-eabi/lib/thumb/v7e-m/fpv4-sp/hard/libc.a(lib_a-fstatr.o)
                0x0000000000006bbc                _fstat_r
 .text          0x0000000000006be4        0x0 /home/saish/Desktop/ccs1011/ccs/tools/compiler/gcc-arm-none-eabi-7-2017-q4-major/bin/../lib/gcc/arm-none-eabi/7.2.1/../../../../arm-none-eabi/lib/thumb/v7e-m/fpv4-sp/hard/libc.a(lib_a-fvwrite.o)
 .text.__sfvwrite_r
                0x0000000000006be4      0x2fc /home/saish/Desktop/ccs1011/ccs/tools/compiler/gcc-arm-none-eabi-7-2017-q4-major/bin/../lib/gcc/arm-none-eabi/7.2.1/../../../../arm-none-eabi/lib/thumb/v7e-m/fpv4-sp/hard/libc.a(lib_a-fvwrite.o)
                0x0000000000006be4                __sfvwrite_r
 .text          0x0000000000006ee0        0x0 /home/saish/Desktop/ccs1011/ccs/tools/compiler/gcc-arm-none-eabi-7-2017-q4-major/bin/../lib/gcc/arm-none-eabi/7.2.1/../../../../arm-none-eabi/lib/thumb/v7e-m/fpv4-sp/hard/libc.a(lib_a-isattyr.o)
 .text._isatty_r
                0x0000000000006ee0       0x24 /home/saish/Desktop/ccs1011/ccs/tools/compiler/gcc-arm-none-eabi-7-2017-q4-major/bin/../lib/gcc/arm-none-eabi/7.2.1/../../../../arm-none-eabi/lib/thumb/v7e-m/fpv4-sp/hard/libc.a(lib_a-isattyr.o)
                0x0000000000006ee0                _isatty_r
 .text          0x0000000000006f04        0x0 /home/saish/Desktop/ccs1011/ccs/tools/compiler/gcc-arm-none-eabi-7-2017-q4-major/bin/../lib/gcc/arm-none-eabi/7.2.1/../../../../arm-none-eabi/lib/thumb/v7e-m/fpv4-sp/hard/libc.a(lib_a-locale.o)
 .text._setlocale_r
                0x0000000000006f04       0x40 /home/saish/Desktop/ccs1011/ccs/tools/compiler/gcc-arm-none-eabi-7-2017-q4-major/bin/../lib/gcc/arm-none-eabi/7.2.1/../../../../arm-none-eabi/lib/thumb/v7e-m/fpv4-sp/hard/libc.a(lib_a-locale.o)
                0x0000000000006f04                _setlocale_r
 .text.__locale_mb_cur_max
                0x0000000000006f44       0x1c /home/saish/Desktop/ccs1011/ccs/tools/compiler/gcc-arm-none-eabi-7-2017-q4-major/bin/../lib/gcc/arm-none-eabi/7.2.1/../../../../arm-none-eabi/lib/thumb/v7e-m/fpv4-sp/hard/libc.a(lib_a-locale.o)
                0x0000000000006f44                __locale_mb_cur_max
 .text.__locale_ctype_ptr_l
                0x0000000000006f60        0x8 /home/saish/Desktop/ccs1011/ccs/tools/compiler/gcc-arm-none-eabi-7-2017-q4-major/bin/../lib/gcc/arm-none-eabi/7.2.1/../../../../arm-none-eabi/lib/thumb/v7e-m/fpv4-sp/hard/libc.a(lib_a-locale.o)
                0x0000000000006f60                __locale_ctype_ptr_l
 .text.__locale_ctype_ptr
                0x0000000000006f68       0x1c /home/saish/Desktop/ccs1011/ccs/tools/compiler/gcc-arm-none-eabi-7-2017-q4-major/bin/../lib/gcc/arm-none-eabi/7.2.1/../../../../arm-none-eabi/lib/thumb/v7e-m/fpv4-sp/hard/libc.a(lib_a-locale.o)
                0x0000000000006f68                __locale_ctype_ptr
 .text.setlocale
                0x0000000000006f84       0x10 /home/saish/Desktop/ccs1011/ccs/tools/compiler/gcc-arm-none-eabi-7-2017-q4-major/bin/../lib/gcc/arm-none-eabi/7.2.1/../../../../arm-none-eabi/lib/thumb/v7e-m/fpv4-sp/hard/libc.a(lib_a-locale.o)
                0x0000000000006f84                setlocale
 .text          0x0000000000006f94        0x0 /home/saish/Desktop/ccs1011/ccs/tools/compiler/gcc-arm-none-eabi-7-2017-q4-major/bin/../lib/gcc/arm-none-eabi/7.2.1/../../../../arm-none-eabi/lib/thumb/v7e-m/fpv4-sp/hard/libc.a(lib_a-lseekr.o)
 .text._lseek_r
                0x0000000000006f94       0x2c /home/saish/Desktop/ccs1011/ccs/tools/compiler/gcc-arm-none-eabi-7-2017-q4-major/bin/../lib/gcc/arm-none-eabi/7.2.1/../../../../arm-none-eabi/lib/thumb/v7e-m/fpv4-sp/hard/libc.a(lib_a-lseekr.o)
                0x0000000000006f94                _lseek_r
 .text          0x0000000000006fc0        0x0 /home/saish/Desktop/ccs1011/ccs/tools/compiler/gcc-arm-none-eabi-7-2017-q4-major/bin/../lib/gcc/arm-none-eabi/7.2.1/../../../../arm-none-eabi/lib/thumb/v7e-m/fpv4-sp/hard/libc.a(lib_a-mbtowc_r.o)
 .text._mbtowc_r
                0x0000000000006fc0       0x24 /home/saish/Desktop/ccs1011/ccs/tools/compiler/gcc-arm-none-eabi-7-2017-q4-major/bin/../lib/gcc/arm-none-eabi/7.2.1/../../../../arm-none-eabi/lib/thumb/v7e-m/fpv4-sp/hard/libc.a(lib_a-mbtowc_r.o)
                0x0000000000006fc0                _mbtowc_r
 .text.__ascii_mbtowc
                0x0000000000006fe4       0x2c /home/saish/Desktop/ccs1011/ccs/tools/compiler/gcc-arm-none-eabi-7-2017-q4-major/bin/../lib/gcc/arm-none-eabi/7.2.1/../../../../arm-none-eabi/lib/thumb/v7e-m/fpv4-sp/hard/libc.a(lib_a-mbtowc_r.o)
                0x0000000000006fe4                __ascii_mbtowc
 .text          0x0000000000007010        0x0 /home/saish/Desktop/ccs1011/ccs/tools/compiler/gcc-arm-none-eabi-7-2017-q4-major/bin/../lib/gcc/arm-none-eabi/7.2.1/../../../../arm-none-eabi/lib/thumb/v7e-m/fpv4-sp/hard/libc.a(lib_a-memmove.o)
 .text.memmove  0x0000000000007010       0xc8 /home/saish/Desktop/ccs1011/ccs/tools/compiler/gcc-arm-none-eabi-7-2017-q4-major/bin/../lib/gcc/arm-none-eabi/7.2.1/../../../../arm-none-eabi/lib/thumb/v7e-m/fpv4-sp/hard/libc.a(lib_a-memmove.o)
                0x0000000000007010                memmove
 .text          0x00000000000070d8        0x0 /home/saish/Desktop/ccs1011/ccs/tools/compiler/gcc-arm-none-eabi-7-2017-q4-major/bin/../lib/gcc/arm-none-eabi/7.2.1/../../../../arm-none-eabi/lib/thumb/v7e-m/fpv4-sp/hard/libc.a(lib_a-readr.o)
 .text._read_r  0x00000000000070d8       0x2c /home/saish/Desktop/ccs1011/ccs/tools/compiler/gcc-arm-none-eabi-7-2017-q4-major/bin/../lib/gcc/arm-none-eabi/7.2.1/../../../../arm-none-eabi/lib/thumb/v7e-m/fpv4-sp/hard/libc.a(lib_a-readr.o)
                0x00000000000070d8                _read_r
 .text          0x0000000000007104        0x0 /home/saish/Desktop/ccs1011/ccs/tools/compiler/gcc-arm-none-eabi-7-2017-q4-major/bin/../lib/gcc/arm-none-eabi/7.2.1/../../../../arm-none-eabi/lib/thumb/v7e-m/fpv4-sp/hard/libc.a(lib_a-reallocr.o)
 .text._realloc_r
                0x0000000000007104      0x35c /home/saish/Desktop/ccs1011/ccs/tools/compiler/gcc-arm-none-eabi-7-2017-q4-major/bin/../lib/gcc/arm-none-eabi/7.2.1/../../../../arm-none-eabi/lib/thumb/v7e-m/fpv4-sp/hard/libc.a(lib_a-reallocr.o)
                0x0000000000007104                _realloc_r
 .text          0x0000000000007460        0x0 /home/saish/Desktop/ccs1011/ccs/tools/compiler/gcc-arm-none-eabi-7-2017-q4-major/bin/../lib/gcc/arm-none-eabi/7.2.1/../../../../arm-none-eabi/lib/thumb/v7e-m/fpv4-sp/hard/libc.a(lib_a-reent.o)
 .text.cleanup_glue
                0x0000000000007460       0x28 /home/saish/Desktop/ccs1011/ccs/tools/compiler/gcc-arm-none-eabi-7-2017-q4-major/bin/../lib/gcc/arm-none-eabi/7.2.1/../../../../arm-none-eabi/lib/thumb/v7e-m/fpv4-sp/hard/libc.a(lib_a-reent.o)
                0x0000000000007460                cleanup_glue
 .text._reclaim_reent
                0x0000000000007488       0x88 /home/saish/Desktop/ccs1011/ccs/tools/compiler/gcc-arm-none-eabi-7-2017-q4-major/bin/../lib/gcc/arm-none-eabi/7.2.1/../../../../arm-none-eabi/lib/thumb/v7e-m/fpv4-sp/hard/libc.a(lib_a-reent.o)
                0x0000000000007488                _reclaim_reent
 *fill*         0x0000000000007510       0x10 
 .text          0x0000000000007520      0x2dc /home/saish/Desktop/ccs1011/ccs/tools/compiler/gcc-arm-none-eabi-7-2017-q4-major/bin/../lib/gcc/arm-none-eabi/7.2.1/../../../../arm-none-eabi/lib/thumb/v7e-m/fpv4-sp/hard/libc.a(lib_a-strcmp.o)
                0x0000000000007528                strcmp
 .text          0x00000000000077fc        0x0 /home/saish/Desktop/ccs1011/ccs/tools/compiler/gcc-arm-none-eabi-7-2017-q4-major/bin/../lib/gcc/arm-none-eabi/7.2.1/../../../../arm-none-eabi/lib/thumb/v7e-m/fpv4-sp/hard/libc.a(lib_a-wbuf.o)
 .text.__swbuf_r
                0x00000000000077fc       0xb0 /home/saish/Desktop/ccs1011/ccs/tools/compiler/gcc-arm-none-eabi-7-2017-q4-major/bin/../lib/gcc/arm-none-eabi/7.2.1/../../../../arm-none-eabi/lib/thumb/v7e-m/fpv4-sp/hard/libc.a(lib_a-wbuf.o)
                0x00000000000077fc                __swbuf_r
 .text.__swbuf  0x00000000000078ac       0x10 /home/saish/Desktop/ccs1011/ccs/tools/compiler/gcc-arm-none-eabi-7-2017-q4-major/bin/../lib/gcc/arm-none-eabi/7.2.1/../../../../arm-none-eabi/lib/thumb/v7e-m/fpv4-sp/hard/libc.a(lib_a-wbuf.o)
                0x00000000000078ac                __swbuf
 .text          0x00000000000078bc        0x0 /home/saish/Desktop/ccs1011/ccs/tools/compiler/gcc-arm-none-eabi-7-2017-q4-major/bin/../lib/gcc/arm-none-eabi/7.2.1/../../../../arm-none-eabi/lib/thumb/v7e-m/fpv4-sp/hard/libc.a(lib_a-wcrtomb.o)
 .text._wcrtomb_r
                0x00000000000078bc       0x50 /home/saish/Desktop/ccs1011/ccs/tools/compiler/gcc-arm-none-eabi-7-2017-q4-major/bin/../lib/gcc/arm-none-eabi/7.2.1/../../../../arm-none-eabi/lib/thumb/v7e-m/fpv4-sp/hard/libc.a(lib_a-wcrtomb.o)
                0x00000000000078bc                _wcrtomb_r
 .text.wcrtomb  0x000000000000790c       0x54 /home/saish/Desktop/ccs1011/ccs/tools/compiler/gcc-arm-none-eabi-7-2017-q4-major/bin/../lib/gcc/arm-none-eabi/7.2.1/../../../../arm-none-eabi/lib/thumb/v7e-m/fpv4-sp/hard/libc.a(lib_a-wcrtomb.o)
                0x000000000000790c                wcrtomb
 .text          0x0000000000007960        0x0 /home/saish/Desktop/ccs1011/ccs/tools/compiler/gcc-arm-none-eabi-7-2017-q4-major/bin/../lib/gcc/arm-none-eabi/7.2.1/../../../../arm-none-eabi/lib/thumb/v7e-m/fpv4-sp/hard/libc.a(lib_a-wctomb_r.o)
 .text._wctomb_r
                0x0000000000007960       0x24 /home/saish/Desktop/ccs1011/ccs/tools/compiler/gcc-arm-none-eabi-7-2017-q4-major/bin/../lib/gcc/arm-none-eabi/7.2.1/../../../../arm-none-eabi/lib/thumb/v7e-m/fpv4-sp/hard/libc.a(lib_a-wctomb_r.o)
                0x0000000000007960                _wctomb_r
 .text.__ascii_wctomb
                0x0000000000007984       0x1c /home/saish/Desktop/ccs1011/ccs/tools/compiler/gcc-arm-none-eabi-7-2017-q4-major/bin/../lib/gcc/arm-none-eabi/7.2.1/../../../../arm-none-eabi/lib/thumb/v7e-m/fpv4-sp/hard/libc.a(lib_a-wctomb_r.o)
                0x0000000000007984                __ascii_wctomb
 .text          0x00000000000079a0        0x0 /home/saish/Desktop/ccs1011/ccs/tools/compiler/gcc-arm-none-eabi-7-2017-q4-major/bin/../lib/gcc/arm-none-eabi/7.2.1/../../../../arm-none-eabi/lib/thumb/v7e-m/fpv4-sp/hard/libc.a(lib_a-ctype_.o)
 .text          0x00000000000079a0      0x378 /home/saish/Desktop/ccs1011/ccs/tools/compiler/gcc-arm-none-eabi-7-2017-q4-major/bin/../lib/gcc/arm-none-eabi/7.2.1/thumb/v7e-m/fpv4-sp/hard/libgcc.a(_arm_addsubdf3.o)
                0x00000000000079a0                __aeabi_drsub
                0x00000000000079a8                __aeabi_dsub
                0x00000000000079a8                __subdf3
                0x00000000000079ac                __adddf3
                0x00000000000079ac                __aeabi_dadd
                0x0000000000007c24                __aeabi_ui2d
                0x0000000000007c24                __floatunsidf
                0x0000000000007c44                __floatsidf
                0x0000000000007c44                __aeabi_i2d
                0x0000000000007c68                __extendsfdf2
                0x0000000000007c68                __aeabi_f2d
                0x0000000000007cac                __aeabi_ul2d
                0x0000000000007cac                __floatundidf
                0x0000000000007cbc                __floatdidf
                0x0000000000007cbc                __aeabi_l2d
 .text          0x0000000000007d18      0x424 /home/saish/Desktop/ccs1011/ccs/tools/compiler/gcc-arm-none-eabi-7-2017-q4-major/bin/../lib/gcc/arm-none-eabi/7.2.1/thumb/v7e-m/fpv4-sp/hard/libgcc.a(_arm_muldivdf3.o)
                0x0000000000007d18                __aeabi_dmul
                0x0000000000007d18                __muldf3
                0x0000000000007f6c                __aeabi_ddiv
                0x0000000000007f6c                __divdf3
 .text          0x000000000000813c      0x110 /home/saish/Desktop/ccs1011/ccs/tools/compiler/gcc-arm-none-eabi-7-2017-q4-major/bin/../lib/gcc/arm-none-eabi/7.2.1/thumb/v7e-m/fpv4-sp/hard/libgcc.a(_arm_cmpdf2.o)
                0x000000000000813c                __gtdf2
                0x000000000000813c                __gedf2
                0x0000000000008144                __ltdf2
                0x0000000000008144                __ledf2
                0x000000000000814c                __cmpdf2
                0x000000000000814c                __eqdf2
                0x000000000000814c                __nedf2
                0x00000000000081c8                __aeabi_cdrcmple
                0x00000000000081d8                __aeabi_cdcmple
                0x00000000000081d8                __aeabi_cdcmpeq
                0x00000000000081e8                __aeabi_dcmpeq
                0x00000000000081fc                __aeabi_dcmplt
                0x0000000000008210                __aeabi_dcmple
                0x0000000000008224                __aeabi_dcmpge
                0x0000000000008238                __aeabi_dcmpgt
 .text          0x000000000000824c       0x2c /home/saish/Desktop/ccs1011/ccs/tools/compiler/gcc-arm-none-eabi-7-2017-q4-major/bin/../lib/gcc/arm-none-eabi/7.2.1/thumb/v7e-m/fpv4-sp/hard/libgcc.a(_arm_unorddf2.o)
                0x000000000000824c                __aeabi_dcmpun
                0x000000000000824c                __unorddf2
 .text          0x0000000000008278       0x50 /home/saish/Desktop/ccs1011/ccs/tools/compiler/gcc-arm-none-eabi-7-2017-q4-major/bin/../lib/gcc/arm-none-eabi/7.2.1/thumb/v7e-m/fpv4-sp/hard/libgcc.a(_arm_fixdfsi.o)
                0x0000000000008278                __fixdfsi
                0x0000000000008278                __aeabi_d2iz
 .text          0x00000000000082c8       0x30 /home/saish/Desktop/ccs1011/ccs/tools/compiler/gcc-arm-none-eabi-7-2017-q4-major/bin/../lib/gcc/arm-none-eabi/7.2.1/thumb/v7e-m/fpv4-sp/hard/libgcc.a(_aeabi_uldivmod.o)
                0x00000000000082c8                __aeabi_uldivmod
 .text          0x00000000000082f8      0x2cc /home/saish/Desktop/ccs1011/ccs/tools/compiler/gcc-arm-none-eabi-7-2017-q4-major/bin/../lib/gcc/arm-none-eabi/7.2.1/thumb/v7e-m/fpv4-sp/hard/libgcc.a(_udivmoddi4.o)
                0x00000000000082f8                __udivmoddi4
 .text          0x00000000000085c4        0x4 /home/saish/Desktop/ccs1011/ccs/tools/compiler/gcc-arm-none-eabi-7-2017-q4-major/bin/../lib/gcc/arm-none-eabi/7.2.1/thumb/v7e-m/fpv4-sp/hard/libgcc.a(_dvmd_tls.o)
                0x00000000000085c4                __aeabi_ldiv0
                0x00000000000085c4                __aeabi_idiv0
 .text          0x00000000000085c8        0x0 /home/saish/Desktop/ccs1011/ccs/tools/compiler/gcc-arm-none-eabi-7-2017-q4-major/bin/../lib/gcc/arm-none-eabi/7.2.1/../../../../arm-none-eabi/lib/thumb/v7e-m/fpv4-sp/hard/libnosys.a(_exit.o)
 .text._exit    0x00000000000085c8        0x4 /home/saish/Desktop/ccs1011/ccs/tools/compiler/gcc-arm-none-eabi-7-2017-q4-major/bin/../lib/gcc/arm-none-eabi/7.2.1/../../../../arm-none-eabi/lib/thumb/v7e-m/fpv4-sp/hard/libnosys.a(_exit.o)
                0x00000000000085c8                _exit
 .text          0x00000000000085cc        0x0 /home/saish/Desktop/ccs1011/ccs/tools/compiler/gcc-arm-none-eabi-7-2017-q4-major/bin/../lib/gcc/arm-none-eabi/7.2.1/thumb/v7e-m/fpv4-sp/hard/crtend.o
 .text          0x00000000000085cc        0x0 /home/saish/Desktop/ccs1011/ccs/tools/compiler/gcc-arm-none-eabi-7-2017-q4-major/bin/../lib/gcc/arm-none-eabi/7.2.1/thumb/v7e-m/fpv4-sp/hard/crtn.o
                0x00000000000085cc                . = ALIGN (0x4)
 *(.rodata*)
 .rodata.main_thread_func.str1.1
                0x00000000000085cc        0x4 ./main.o
 .rodata._global_impure_ptr
                0x00000000000085d0        0x4 /home/saish/Desktop/ccs1011/ccs/tools/compiler/gcc-arm-none-eabi-7-2017-q4-major/bin/../lib/gcc/arm-none-eabi/7.2.1/../../../../arm-none-eabi/lib/thumb/v7e-m/fpv4-sp/hard/libc.a(lib_a-impure.o)
                0x00000000000085d0                _global_impure_ptr
 .rodata._vfprintf_r.str1.4
                0x00000000000085d4       0x42 /home/saish/Desktop/ccs1011/ccs/tools/compiler/gcc-arm-none-eabi-7-2017-q4-major/bin/../lib/gcc/arm-none-eabi/7.2.1/../../../../arm-none-eabi/lib/thumb/v7e-m/fpv4-sp/hard/libc.a(lib_a-vfprintf.o)
 *fill*         0x0000000000008616        0x2 
 .rodata.blanks.8566
                0x0000000000008618       0x10 /home/saish/Desktop/ccs1011/ccs/tools/compiler/gcc-arm-none-eabi-7-2017-q4-major/bin/../lib/gcc/arm-none-eabi/7.2.1/../../../../arm-none-eabi/lib/thumb/v7e-m/fpv4-sp/hard/libc.a(lib_a-vfprintf.o)
 .rodata.zeroes.8567
                0x0000000000008628       0x10 /home/saish/Desktop/ccs1011/ccs/tools/compiler/gcc-arm-none-eabi-7-2017-q4-major/bin/../lib/gcc/arm-none-eabi/7.2.1/../../../../arm-none-eabi/lib/thumb/v7e-m/fpv4-sp/hard/libc.a(lib_a-vfprintf.o)
 .rodata._dtoa_r.str1.4
                0x0000000000008638       0x10 /home/saish/Desktop/ccs1011/ccs/tools/compiler/gcc-arm-none-eabi-7-2017-q4-major/bin/../lib/gcc/arm-none-eabi/7.2.1/../../../../arm-none-eabi/lib/thumb/v7e-m/fpv4-sp/hard/libc.a(lib_a-dtoa.o)
                                         0x12 (size before relaxing)
 .rodata.__mprec_bigtens
                0x0000000000008648       0x28 /home/saish/Desktop/ccs1011/ccs/tools/compiler/gcc-arm-none-eabi-7-2017-q4-major/bin/../lib/gcc/arm-none-eabi/7.2.1/../../../../arm-none-eabi/lib/thumb/v7e-m/fpv4-sp/hard/libc.a(lib_a-mprec.o)
                0x0000000000008648                __mprec_bigtens
 .rodata.__mprec_tens
                0x0000000000008670       0xc8 /home/saish/Desktop/ccs1011/ccs/tools/compiler/gcc-arm-none-eabi-7-2017-q4-major/bin/../lib/gcc/arm-none-eabi/7.2.1/../../../../arm-none-eabi/lib/thumb/v7e-m/fpv4-sp/hard/libc.a(lib_a-mprec.o)
                0x0000000000008670                __mprec_tens
 .rodata.__mprec_tinytens
                0x0000000000008738       0x28 /home/saish/Desktop/ccs1011/ccs/tools/compiler/gcc-arm-none-eabi-7-2017-q4-major/bin/../lib/gcc/arm-none-eabi/7.2.1/../../../../arm-none-eabi/lib/thumb/v7e-m/fpv4-sp/hard/libc.a(lib_a-mprec.o)
                0x0000000000008738                __mprec_tinytens
 .rodata.p05.7367
                0x0000000000008760        0xc /home/saish/Desktop/ccs1011/ccs/tools/compiler/gcc-arm-none-eabi-7-2017-q4-major/bin/../lib/gcc/arm-none-eabi/7.2.1/../../../../arm-none-eabi/lib/thumb/v7e-m/fpv4-sp/hard/libc.a(lib_a-mprec.o)
 .rodata._vfiprintf_r.str1.4
                0x000000000000876c       0x2f /home/saish/Desktop/ccs1011/ccs/tools/compiler/gcc-arm-none-eabi-7-2017-q4-major/bin/../lib/gcc/arm-none-eabi/7.2.1/../../../../arm-none-eabi/lib/thumb/v7e-m/fpv4-sp/hard/libc.a(lib_a-vfiprintf.o)
 .rodata.blanks.8545
                0x000000000000876c       0x10 /home/saish/Desktop/ccs1011/ccs/tools/compiler/gcc-arm-none-eabi-7-2017-q4-major/bin/../lib/gcc/arm-none-eabi/7.2.1/../../../../arm-none-eabi/lib/thumb/v7e-m/fpv4-sp/hard/libc.a(lib_a-vfiprintf.o)
 .rodata.zeroes.8546
                0x000000000000877c       0x10 /home/saish/Desktop/ccs1011/ccs/tools/compiler/gcc-arm-none-eabi-7-2017-q4-major/bin/../lib/gcc/arm-none-eabi/7.2.1/../../../../arm-none-eabi/lib/thumb/v7e-m/fpv4-sp/hard/libc.a(lib_a-vfiprintf.o)
 .rodata._setlocale_r.str1.4
                0x000000000000878c        0xa /home/saish/Desktop/ccs1011/ccs/tools/compiler/gcc-arm-none-eabi-7-2017-q4-major/bin/../lib/gcc/arm-none-eabi/7.2.1/../../../../arm-none-eabi/lib/thumb/v7e-m/fpv4-sp/hard/libc.a(lib_a-locale.o)
                                          0xd (size before relaxing)
 *fill*         0x0000000000008796        0x2 
 .rodata.str1.4
                0x0000000000008798        0x4 /home/saish/Desktop/ccs1011/ccs/tools/compiler/gcc-arm-none-eabi-7-2017-q4-major/bin/../lib/gcc/arm-none-eabi/7.2.1/../../../../arm-none-eabi/lib/thumb/v7e-m/fpv4-sp/hard/libc.a(lib_a-locale.o)
                                          0x2 (size before relaxing)
 .rodata._ctype_
                0x000000000000879c      0x101 /home/saish/Desktop/ccs1011/ccs/tools/compiler/gcc-arm-none-eabi-7-2017-q4-major/bin/../lib/gcc/arm-none-eabi/7.2.1/../../../../arm-none-eabi/lib/thumb/v7e-m/fpv4-sp/hard/libc.a(lib_a-ctype_.o)
                0x000000000000879c                _ctype_
                0x00000000000088a0                . = ALIGN (0x4)
 *fill*         0x000000000000889d        0x3 

.glue_7         0x00000000000088a0        0x0
 .glue_7        0x00000000000088a0        0x0 linker stubs

.glue_7t        0x00000000000088a0        0x0
 .glue_7t       0x00000000000088a0        0x0 linker stubs

.vfp11_veneer   0x00000000000088a0        0x0
 .vfp11_veneer  0x00000000000088a0        0x0 linker stubs

.v4_bx          0x00000000000088a0        0x0
 .v4_bx         0x00000000000088a0        0x0 linker stubs

.init           0x00000000000088a0        0xc
 .init          0x00000000000088a0        0x4 /home/saish/Desktop/ccs1011/ccs/tools/compiler/gcc-arm-none-eabi-7-2017-q4-major/bin/../lib/gcc/arm-none-eabi/7.2.1/thumb/v7e-m/fpv4-sp/hard/crti.o
                0x00000000000088a0                _init
 .init          0x00000000000088a4        0x8 /home/saish/Desktop/ccs1011/ccs/tools/compiler/gcc-arm-none-eabi-7-2017-q4-major/bin/../lib/gcc/arm-none-eabi/7.2.1/thumb/v7e-m/fpv4-sp/hard/crtn.o

.fini           0x00000000000088ac        0xc
 .fini          0x00000000000088ac        0x4 /home/saish/Desktop/ccs1011/ccs/tools/compiler/gcc-arm-none-eabi-7-2017-q4-major/bin/../lib/gcc/arm-none-eabi/7.2.1/thumb/v7e-m/fpv4-sp/hard/crti.o
                0x00000000000088ac                _fini
 .fini          0x00000000000088b0        0x8 /home/saish/Desktop/ccs1011/ccs/tools/compiler/gcc-arm-none-eabi-7-2017-q4-major/bin/../lib/gcc/arm-none-eabi/7.2.1/thumb/v7e-m/fpv4-sp/hard/crtn.o

.iplt           0x00000000000088b8        0x0
 .iplt          0x00000000000088b8        0x0 /home/saish/Desktop/ccs1011/ccs/tools/compiler/gcc-arm-none-eabi-7-2017-q4-major/bin/../lib/gcc/arm-none-eabi/7.2.1/thumb/v7e-m/fpv4-sp/hard/crtbegin.o

.preinit_array  0x00000000000088b8        0x0
                0x00000000000088b8                . = ALIGN (0x4)
                0x00000000000088b8                __preinit_array_start = .
 *(.preinit_array)
                0x00000000000088b8                __preinit_array_end = .

.init_array     0x00000000000088b8        0x8
                0x00000000000088b8                . = ALIGN (0x4)
                0x00000000000088b8                __init_array_start = .
 *(SORT_BY_NAME(.init_array.*))
 .init_array.00000
                0x00000000000088b8        0x4 /home/saish/Desktop/ccs1011/ccs/tools/compiler/gcc-arm-none-eabi-7-2017-q4-major/bin/../lib/gcc/arm-none-eabi/7.2.1/../../../../arm-none-eabi/lib/thumb/v7e-m/fpv4-sp/hard/libc.a(lib_a-__call_atexit.o)
 *(.init_array)
 .init_array    0x00000000000088bc        0x4 /home/saish/Desktop/ccs1011/ccs/tools/compiler/gcc-arm-none-eabi-7-2017-q4-major/bin/../lib/gcc/arm-none-eabi/7.2.1/thumb/v7e-m/fpv4-sp/hard/crtbegin.o
                0x00000000000088c0                __init_array_end = .

.fini_array     0x00000000000088c0        0x4
                0x00000000000088c0                . = ALIGN (0x4)
                0x00000000000088c0                __fini_array_start = .
 *(.fini_array)
 .fini_array    0x00000000000088c0        0x4 /home/saish/Desktop/ccs1011/ccs/tools/compiler/gcc-arm-none-eabi-7-2017-q4-major/bin/../lib/gcc/arm-none-eabi/7.2.1/thumb/v7e-m/fpv4-sp/hard/crtbegin.o
 *(SORT_BY_NAME(.fini_array.*))
                0x00000000000088c4                __fini_array_end = .

.ARM.extab      0x00000000000088c4        0x0
 *(.ARM.extab*)
 .ARM.extab     0x00000000000088c4        0x0 /home/saish/Desktop/ccs1011/ccs/tools/compiler/gcc-arm-none-eabi-7-2017-q4-major/bin/../lib/gcc/arm-none-eabi/7.2.1/../../../../arm-none-eabi/lib/thumb/v7e-m/fpv4-sp/hard/crt0.o
 .ARM.extab     0x00000000000088c4        0x0 /home/saish/Desktop/ccs1011/ccs/tools/compiler/gcc-arm-none-eabi-7-2017-q4-major/bin/../lib/gcc/arm-none-eabi/7.2.1/thumb/v7e-m/fpv4-sp/hard/libgcc.a(_udivmoddi4.o)

.eh_frame       0x00000000000088c4        0x4
 .eh_frame      0x00000000000088c4        0x0 /home/saish/Desktop/ccs1011/ccs/tools/compiler/gcc-arm-none-eabi-7-2017-q4-major/bin/../lib/gcc/arm-none-eabi/7.2.1/thumb/v7e-m/fpv4-sp/hard/crtbegin.o
 .eh_frame      0x00000000000088c4        0x4 /home/saish/Desktop/ccs1011/ccs/tools/compiler/gcc-arm-none-eabi-7-2017-q4-major/bin/../lib/gcc/arm-none-eabi/7.2.1/thumb/v7e-m/fpv4-sp/hard/crtend.o

.ARM.exidx      0x00000000000088c8        0x8
                0x00000000000088c8                __exidx_start = .
 *(.ARM.exidx*)
 .ARM.exidx     0x00000000000088c8        0x8 /home/saish/Desktop/ccs1011/ccs/tools/compiler/gcc-arm-none-eabi-7-2017-q4-major/bin/../lib/gcc/arm-none-eabi/7.2.1/../../../../arm-none-eabi/lib/thumb/v7e-m/fpv4-sp/hard/crt0.o
 .ARM.exidx     0x00000000000088d0        0x0 /home/saish/Desktop/ccs1011/ccs/tools/compiler/gcc-arm-none-eabi-7-2017-q4-major/bin/../lib/gcc/arm-none-eabi/7.2.1/thumb/v7e-m/fpv4-sp/hard/libgcc.a(_udivmoddi4.o)
                                          0x8 (size before relaxing)
                0x00000000000088d0                __exidx_end = .

.rel.dyn        0x00000000000088d0        0x0
 .rel.iplt      0x00000000000088d0        0x0 /home/saish/Desktop/ccs1011/ccs/tools/compiler/gcc-arm-none-eabi-7-2017-q4-major/bin/../lib/gcc/arm-none-eabi/7.2.1/thumb/v7e-m/fpv4-sp/hard/crtbegin.o
                0x00000000000088d0                . = ALIGN (0x4)
                0x00000000000088d0                _etext = .

.data           0x0000000020000000      0x9b0 load address 0x00000000000088d0
                0x0000000020000000                _data = .
 *(.data*)
 .data          0x0000000020000000        0x0 /home/saish/Desktop/ccs1011/ccs/tools/compiler/gcc-arm-none-eabi-7-2017-q4-major/bin/../lib/gcc/arm-none-eabi/7.2.1/thumb/v7e-m/fpv4-sp/hard/crti.o
 .data          0x0000000020000000        0x4 /home/saish/Desktop/ccs1011/ccs/tools/compiler/gcc-arm-none-eabi-7-2017-q4-major/bin/../lib/gcc/arm-none-eabi/7.2.1/thumb/v7e-m/fpv4-sp/hard/crtbegin.o
                0x0000000020000000                __dso_handle
 .data          0x0000000020000004        0x0 /home/saish/Desktop/ccs1011/ccs/tools/compiler/gcc-arm-none-eabi-7-2017-q4-major/bin/../lib/gcc/arm-none-eabi/7.2.1/../../../../arm-none-eabi/lib/thumb/v7e-m/fpv4-sp/hard/crt0.o
 .data          0x0000000020000004        0x0 ./main.o
 .data          0x0000000020000004        0x0 ./boards/ek-tm4c123gxl/board_setup.o
 .data          0x0000000020000004        0x0 ./boards/ek-tm4c123gxl/gpio.o
 .data          0x0000000020000004        0x0 ./boards/ek-tm4c123gxl/pll.o
 .data          0x0000000020000004        0x0 ./boards/ek-tm4c123gxl/systick.o
 .data          0x0000000020000004        0x0 ./boards/ek-tm4c123gxl/uart0.o
 .data          0x0000000020000004        0x0 ./kernel/atomkernel.o
 .data          0x0000000020000004        0x0 ./kernel/atommutex.o
 .data          0x0000000020000004        0x0 ./kernel/atomqueue.o
 .data          0x0000000020000004        0x0 ./kernel/atomsem.o
 .data          0x0000000020000004        0x0 ./kernel/atomtimer.o
 .data          0x0000000020000004        0x0 ./ports/cortex-m/atomport-asm.o
 .data          0x0000000020000004        0x0 ./ports/cortex-m/atomport.o
 .data          0x0000000020000004        0x0 ./ports/cortex-m/common/stubs.o
 .data          0x0000000020000004        0x0 ./ports/cortex-m/common/tivac_con.o
 .data          0x0000000020000004        0x0 ./ports/cortex-m/common/vector.o
 .data          0x0000000020000004        0x0 /home/saish/Desktop/ccs1011/ccs/tools/compiler/gcc-arm-none-eabi-7-2017-q4-major/bin/../lib/gcc/arm-none-eabi/7.2.1/../../../../arm-none-eabi/lib/thumb/v7e-m/fpv4-sp/hard/libc.a(lib_a-errno.o)
 .data          0x0000000020000004        0x0 /home/saish/Desktop/ccs1011/ccs/tools/compiler/gcc-arm-none-eabi-7-2017-q4-major/bin/../lib/gcc/arm-none-eabi/7.2.1/../../../../arm-none-eabi/lib/thumb/v7e-m/fpv4-sp/hard/libc.a(lib_a-exit.o)
 .data          0x0000000020000004        0x0 /home/saish/Desktop/ccs1011/ccs/tools/compiler/gcc-arm-none-eabi-7-2017-q4-major/bin/../lib/gcc/arm-none-eabi/7.2.1/../../../../arm-none-eabi/lib/thumb/v7e-m/fpv4-sp/hard/libc.a(lib_a-impure.o)
 .data._impure_ptr
                0x0000000020000004        0x4 /home/saish/Desktop/ccs1011/ccs/tools/compiler/gcc-arm-none-eabi-7-2017-q4-major/bin/../lib/gcc/arm-none-eabi/7.2.1/../../../../arm-none-eabi/lib/thumb/v7e-m/fpv4-sp/hard/libc.a(lib_a-impure.o)
                0x0000000020000004                _impure_ptr
 .data.impure_data
                0x0000000020000008      0x428 /home/saish/Desktop/ccs1011/ccs/tools/compiler/gcc-arm-none-eabi-7-2017-q4-major/bin/../lib/gcc/arm-none-eabi/7.2.1/../../../../arm-none-eabi/lib/thumb/v7e-m/fpv4-sp/hard/libc.a(lib_a-impure.o)
 .data          0x0000000020000430        0x0 /home/saish/Desktop/ccs1011/ccs/tools/compiler/gcc-arm-none-eabi-7-2017-q4-major/bin/../lib/gcc/arm-none-eabi/7.2.1/../../../../arm-none-eabi/lib/thumb/v7e-m/fpv4-sp/hard/libc.a(lib_a-init.o)
 .data          0x0000000020000430        0x0 /home/saish/Desktop/ccs1011/ccs/tools/compiler/gcc-arm-none-eabi-7-2017-q4-major/bin/../lib/gcc/arm-none-eabi/7.2.1/../../../../arm-none-eabi/lib/thumb/v7e-m/fpv4-sp/hard/libc.a(lib_a-memcpy.o)
 .data          0x0000000020000430        0x0 /home/saish/Desktop/ccs1011/ccs/tools/compiler/gcc-arm-none-eabi-7-2017-q4-major/bin/../lib/gcc/arm-none-eabi/7.2.1/../../../../arm-none-eabi/lib/thumb/v7e-m/fpv4-sp/hard/libc.a(lib_a-memset.o)
 .data          0x0000000020000430        0x0 /home/saish/Desktop/ccs1011/ccs/tools/compiler/gcc-arm-none-eabi-7-2017-q4-major/bin/../lib/gcc/arm-none-eabi/7.2.1/../../../../arm-none-eabi/lib/thumb/v7e-m/fpv4-sp/hard/libc.a(lib_a-printf.o)
 .data          0x0000000020000430        0x0 /home/saish/Desktop/ccs1011/ccs/tools/compiler/gcc-arm-none-eabi-7-2017-q4-major/bin/../lib/gcc/arm-none-eabi/7.2.1/../../../../arm-none-eabi/lib/thumb/v7e-m/fpv4-sp/hard/libc.a(lib_a-vfprintf.o)
 .data          0x0000000020000430        0x0 /home/saish/Desktop/ccs1011/ccs/tools/compiler/gcc-arm-none-eabi-7-2017-q4-major/bin/../lib/gcc/arm-none-eabi/7.2.1/../../../../arm-none-eabi/lib/thumb/v7e-m/fpv4-sp/hard/libc.a(lib_a-wsetup.o)
 .data          0x0000000020000430        0x0 /home/saish/Desktop/ccs1011/ccs/tools/compiler/gcc-arm-none-eabi-7-2017-q4-major/bin/../lib/gcc/arm-none-eabi/7.2.1/../../../../arm-none-eabi/lib/thumb/v7e-m/fpv4-sp/hard/libc.a(lib_a-__call_atexit.o)
 .data.__atexit_recursive_mutex
                0x0000000020000430        0x4 /home/saish/Desktop/ccs1011/ccs/tools/compiler/gcc-arm-none-eabi-7-2017-q4-major/bin/../lib/gcc/arm-none-eabi/7.2.1/../../../../arm-none-eabi/lib/thumb/v7e-m/fpv4-sp/hard/libc.a(lib_a-__call_atexit.o)
                0x0000000020000430                __atexit_recursive_mutex
 .data          0x0000000020000434        0x0 /home/saish/Desktop/ccs1011/ccs/tools/compiler/gcc-arm-none-eabi-7-2017-q4-major/bin/../lib/gcc/arm-none-eabi/7.2.1/../../../../arm-none-eabi/lib/thumb/v7e-m/fpv4-sp/hard/libc.a(lib_a-atexit.o)
 .data          0x0000000020000434        0x0 /home/saish/Desktop/ccs1011/ccs/tools/compiler/gcc-arm-none-eabi-7-2017-q4-major/bin/../lib/gcc/arm-none-eabi/7.2.1/../../../../arm-none-eabi/lib/thumb/v7e-m/fpv4-sp/hard/libc.a(lib_a-dtoa.o)
 .data          0x0000000020000434        0x0 /home/saish/Desktop/ccs1011/ccs/tools/compiler/gcc-arm-none-eabi-7-2017-q4-major/bin/../lib/gcc/arm-none-eabi/7.2.1/../../../../arm-none-eabi/lib/thumb/v7e-m/fpv4-sp/hard/libc.a(lib_a-fflush.o)
 .data          0x0000000020000434        0x0 /home/saish/Desktop/ccs1011/ccs/tools/compiler/gcc-arm-none-eabi-7-2017-q4-major/bin/../lib/gcc/arm-none-eabi/7.2.1/../../../../arm-none-eabi/lib/thumb/v7e-m/fpv4-sp/hard/libc.a(lib_a-findfp.o)
 .data          0x0000000020000434        0x0 /home/saish/Desktop/ccs1011/ccs/tools/compiler/gcc-arm-none-eabi-7-2017-q4-major/bin/../lib/gcc/arm-none-eabi/7.2.1/../../../../arm-none-eabi/lib/thumb/v7e-m/fpv4-sp/hard/libc.a(lib_a-fini.o)
 .data          0x0000000020000434        0x0 /home/saish/Desktop/ccs1011/ccs/tools/compiler/gcc-arm-none-eabi-7-2017-q4-major/bin/../lib/gcc/arm-none-eabi/7.2.1/../../../../arm-none-eabi/lib/thumb/v7e-m/fpv4-sp/hard/libc.a(lib_a-freer.o)
 .data          0x0000000020000434        0x0 /home/saish/Desktop/ccs1011/ccs/tools/compiler/gcc-arm-none-eabi-7-2017-q4-major/bin/../lib/gcc/arm-none-eabi/7.2.1/../../../../arm-none-eabi/lib/thumb/v7e-m/fpv4-sp/hard/libc.a(lib_a-fwalk.o)
 .data          0x0000000020000434        0x0 /home/saish/Desktop/ccs1011/ccs/tools/compiler/gcc-arm-none-eabi-7-2017-q4-major/bin/../lib/gcc/arm-none-eabi/7.2.1/../../../../arm-none-eabi/lib/thumb/v7e-m/fpv4-sp/hard/libc.a(lib_a-localeconv.o)
 .data          0x0000000020000434        0x0 /home/saish/Desktop/ccs1011/ccs/tools/compiler/gcc-arm-none-eabi-7-2017-q4-major/bin/../lib/gcc/arm-none-eabi/7.2.1/../../../../arm-none-eabi/lib/thumb/v7e-m/fpv4-sp/hard/libc.a(lib_a-lock.o)
 .data          0x0000000020000434        0x0 /home/saish/Desktop/ccs1011/ccs/tools/compiler/gcc-arm-none-eabi-7-2017-q4-major/bin/../lib/gcc/arm-none-eabi/7.2.1/../../../../arm-none-eabi/lib/thumb/v7e-m/fpv4-sp/hard/libc.a(lib_a-makebuf.o)
 .data          0x0000000020000434        0x0 /home/saish/Desktop/ccs1011/ccs/tools/compiler/gcc-arm-none-eabi-7-2017-q4-major/bin/../lib/gcc/arm-none-eabi/7.2.1/../../../../arm-none-eabi/lib/thumb/v7e-m/fpv4-sp/hard/libc.a(lib_a-mallocr.o)
 .data.__malloc_av_
                0x0000000020000434      0x408 /home/saish/Desktop/ccs1011/ccs/tools/compiler/gcc-arm-none-eabi-7-2017-q4-major/bin/../lib/gcc/arm-none-eabi/7.2.1/../../../../arm-none-eabi/lib/thumb/v7e-m/fpv4-sp/hard/libc.a(lib_a-mallocr.o)
                0x0000000020000434                __malloc_av_
 .data.__malloc_sbrk_base
                0x000000002000083c        0x4 /home/saish/Desktop/ccs1011/ccs/tools/compiler/gcc-arm-none-eabi-7-2017-q4-major/bin/../lib/gcc/arm-none-eabi/7.2.1/../../../../arm-none-eabi/lib/thumb/v7e-m/fpv4-sp/hard/libc.a(lib_a-mallocr.o)
                0x000000002000083c                __malloc_sbrk_base
 .data.__malloc_trim_threshold
                0x0000000020000840        0x4 /home/saish/Desktop/ccs1011/ccs/tools/compiler/gcc-arm-none-eabi-7-2017-q4-major/bin/../lib/gcc/arm-none-eabi/7.2.1/../../../../arm-none-eabi/lib/thumb/v7e-m/fpv4-sp/hard/libc.a(lib_a-mallocr.o)
                0x0000000020000840                __malloc_trim_threshold
 .data          0x0000000020000844        0x0 /home/saish/Desktop/ccs1011/ccs/tools/compiler/gcc-arm-none-eabi-7-2017-q4-major/bin/../lib/gcc/arm-none-eabi/7.2.1/../../../../arm-none-eabi/lib/thumb/v7e-m/fpv4-sp/hard/libc.a(lib_a-memchr.o)
 .data          0x0000000020000844        0x0 /home/saish/Desktop/ccs1011/ccs/tools/compiler/gcc-arm-none-eabi-7-2017-q4-major/bin/../lib/gcc/arm-none-eabi/7.2.1/../../../../arm-none-eabi/lib/thumb/v7e-m/fpv4-sp/hard/libc.a(lib_a-mlock.o)
 .data          0x0000000020000844        0x0 /home/saish/Desktop/ccs1011/ccs/tools/compiler/gcc-arm-none-eabi-7-2017-q4-major/bin/../lib/gcc/arm-none-eabi/7.2.1/../../../../arm-none-eabi/lib/thumb/v7e-m/fpv4-sp/hard/libc.a(lib_a-mprec.o)
 .data          0x0000000020000844        0x0 /home/saish/Desktop/ccs1011/ccs/tools/compiler/gcc-arm-none-eabi-7-2017-q4-major/bin/../lib/gcc/arm-none-eabi/7.2.1/../../../../arm-none-eabi/lib/thumb/v7e-m/fpv4-sp/hard/libc.a(lib_a-sbrkr.o)
 .data          0x0000000020000844        0x0 /home/saish/Desktop/ccs1011/ccs/tools/compiler/gcc-arm-none-eabi-7-2017-q4-major/bin/../lib/gcc/arm-none-eabi/7.2.1/../../../../arm-none-eabi/lib/thumb/v7e-m/fpv4-sp/hard/libc.a(lib_a-stdio.o)