Archive member included to satisfy reference by file (symbol)

/home/jshankar/ti/ccs1011/ccs/tools/compiler/gcc-arm-none-eabi-9-2019-q4-major/bin/../lib/gcc/arm-none-eabi/9.2.1/../../../../arm-none-eabi/lib/thumb/v7e-m+fp/hard/libg.a(lib_a-errno.o)
                              ./ports/cortex-m/common/tivac_con.o (__errno)
/home/jshankar/ti/ccs1011/ccs/tools/compiler/gcc-arm-none-eabi-9-2019-q4-major/bin/../lib/gcc/arm-none-eabi/9.2.1/../../../../arm-none-eabi/lib/thumb/v7e-m+fp/hard/libg.a(lib_a-exit.o)
                              /home/jshankar/ti/ccs1011/ccs/tools/compiler/gcc-arm-none-eabi-9-2019-q4-major/bin/../lib/gcc/arm-none-eabi/9.2.1/../../../../arm-none-eabi/lib/thumb/v7e-m+fp/hard/crt0.o (exit)
/home/jshankar/ti/ccs1011/ccs/tools/compiler/gcc-arm-none-eabi-9-2019-q4-major/bin/../lib/gcc/arm-none-eabi/9.2.1/../../../../arm-none-eabi/lib/thumb/v7e-m+fp/hard/libg.a(lib_a-impure.o)
                              /home/jshankar/ti/ccs1011/ccs/tools/compiler/gcc-arm-none-eabi-9-2019-q4-major/bin/../lib/gcc/arm-none-eabi/9.2.1/../../../../arm-none-eabi/lib/thumb/v7e-m+fp/hard/libg.a(lib_a-exit.o) (_global_impure_ptr)
/home/jshankar/ti/ccs1011/ccs/tools/compiler/gcc-arm-none-eabi-9-2019-q4-major/bin/../lib/gcc/arm-none-eabi/9.2.1/../../../../arm-none-eabi/lib/thumb/v7e-m+fp/hard/libg.a(lib_a-init.o)
                              /home/jshankar/ti/ccs1011/ccs/tools/compiler/gcc-arm-none-eabi-9-2019-q4-major/bin/../lib/gcc/arm-none-eabi/9.2.1/../../../../arm-none-eabi/lib/thumb/v7e-m+fp/hard/crt0.o (__libc_init_array)
/home/jshankar/ti/ccs1011/ccs/tools/compiler/gcc-arm-none-eabi-9-2019-q4-major/bin/../lib/gcc/arm-none-eabi/9.2.1/../../../../arm-none-eabi/lib/thumb/v7e-m+fp/hard/libg.a(lib_a-memcpy.o)
                              ./kernel/atomqueue.o (memcpy)
/home/jshankar/ti/ccs1011/ccs/tools/compiler/gcc-arm-none-eabi-9-2019-q4-major/bin/../lib/gcc/arm-none-eabi/9.2.1/../../../../arm-none-eabi/lib/thumb/v7e-m+fp/hard/libg.a(lib_a-memset.o)
                              /home/jshankar/ti/ccs1011/ccs/tools/compiler/gcc-arm-none-eabi-9-2019-q4-major/bin/../lib/gcc/arm-none-eabi/9.2.1/../../../../arm-none-eabi/lib/thumb/v7e-m+fp/hard/crt0.o (memset)
/home/jshankar/ti/ccs1011/ccs/tools/compiler/gcc-arm-none-eabi-9-2019-q4-major/bin/../lib/gcc/arm-none-eabi/9.2.1/../../../../arm-none-eabi/lib/thumb/v7e-m+fp/hard/libg.a(lib_a-puts.o)
                              ./main.o (puts)
/home/jshankar/ti/ccs1011/ccs/tools/compiler/gcc-arm-none-eabi-9-2019-q4-major/bin/../lib/gcc/arm-none-eabi/9.2.1/../../../../arm-none-eabi/lib/thumb/v7e-m+fp/hard/libg.a(lib_a-strlen.o)
                              /home/jshankar/ti/ccs1011/ccs/tools/compiler/gcc-arm-none-eabi-9-2019-q4-major/bin/../lib/gcc/arm-none-eabi/9.2.1/../../../../arm-none-eabi/lib/thumb/v7e-m+fp/hard/libg.a(lib_a-puts.o) (strlen)
/home/jshankar/ti/ccs1011/ccs/tools/compiler/gcc-arm-none-eabi-9-2019-q4-major/bin/../lib/gcc/arm-none-eabi/9.2.1/../../../../arm-none-eabi/lib/thumb/v7e-m+fp/hard/libg.a(lib_a-__call_atexit.o)
                              /home/jshankar/ti/ccs1011/ccs/tools/compiler/gcc-arm-none-eabi-9-2019-q4-major/bin/../lib/gcc/arm-none-eabi/9.2.1/../../../../arm-none-eabi/lib/thumb/v7e-m+fp/hard/libg.a(lib_a-exit.o) (__call_exitprocs)
/home/jshankar/ti/ccs1011/ccs/tools/compiler/gcc-arm-none-eabi-9-2019-q4-major/bin/../lib/gcc/arm-none-eabi/9.2.1/../../../../arm-none-eabi/lib/thumb/v7e-m+fp/hard/libg.a(lib_a-atexit.o)
                              /home/jshankar/ti/ccs1011/ccs/tools/compiler/gcc-arm-none-eabi-9-2019-q4-major/bin/../lib/gcc/arm-none-eabi/9.2.1/../../../../arm-none-eabi/lib/thumb/v7e-m+fp/hard/libg.a(lib_a-__call_atexit.o) (atexit)
/home/jshankar/ti/ccs1011/ccs/tools/compiler/gcc-arm-none-eabi-9-2019-q4-major/bin/../lib/gcc/arm-none-eabi/9.2.1/../../../../arm-none-eabi/lib/thumb/v7e-m+fp/hard/libg.a(lib_a-findfp.o)
                              /home/jshankar/ti/ccs1011/ccs/tools/compiler/gcc-arm-none-eabi-9-2019-q4-major/bin/../lib/gcc/arm-none-eabi/9.2.1/../../../../arm-none-eabi/lib/thumb/v7e-m+fp/hard/libg.a(lib_a-puts.o) (__sinit)
/home/jshankar/ti/ccs1011/ccs/tools/compiler/gcc-arm-none-eabi-9-2019-q4-major/bin/../lib/gcc/arm-none-eabi/9.2.1/../../../../arm-none-eabi/lib/thumb/v7e-m+fp/hard/libg.a(lib_a-fini.o)
                              /home/jshankar/ti/ccs1011/ccs/tools/compiler/gcc-arm-none-eabi-9-2019-q4-major/bin/../lib/gcc/arm-none-eabi/9.2.1/../../../../arm-none-eabi/lib/thumb/v7e-m+fp/hard/libg.a(lib_a-__call_atexit.o) (__libc_fini_array)
/home/jshankar/ti/ccs1011/ccs/tools/compiler/gcc-arm-none-eabi-9-2019-q4-major/bin/../lib/gcc/arm-none-eabi/9.2.1/../../../../arm-none-eabi/lib/thumb/v7e-m+fp/hard/libg.a(lib_a-fvwrite.o)
                              /home/jshankar/ti/ccs1011/ccs/tools/compiler/gcc-arm-none-eabi-9-2019-q4-major/bin/../lib/gcc/arm-none-eabi/9.2.1/../../../../arm-none-eabi/lib/thumb/v7e-m+fp/hard/libg.a(lib_a-puts.o) (__sfvwrite_r)
[...]
Memory Configuration

Name             Origin             Length             Attributes
rom              0x0000000000000000 0x0000000000040000 xr
ram              0x0000000020000000 0x0000000000008000 xrw
*default*        0x0000000000000000 0xffffffffffffffff

Linker script and memory map

LOAD /home/jshankar/ti/ccs1011/ccs/tools/compiler/gcc-arm-none-eabi-9-2019-q4-major/bin/../lib/gcc/arm-none-eabi/9.2.1/thumb/v7e-m+fp/hard/crti.o
LOAD /home/jshankar/ti/ccs1011/ccs/tools/compiler/gcc-arm-none-eabi-9-2019-q4-major/bin/../lib/gcc/arm-none-eabi/9.2.1/thumb/v7e-m+fp/hard/crtbegin.o
LOAD /home/jshankar/ti/ccs1011/ccs/tools/compiler/gcc-arm-none-eabi-9-2019-q4-major/bin/../lib/gcc/arm-none-eabi/9.2.1/../../../../arm-none-eabi/lib/thumb/v7e-m+fp/hard/crt0.o
LOAD ./main.o
LOAD ./boards/ek-tm4c123gxl/board_setup.o
LOAD ./boards/ek-tm4c123gxl/gpio.o
LOAD ./boards/ek-tm4c123gxl/pll.o
LOAD ./boards/ek-tm4c123gxl/systick.o
LOAD ./boards/ek-tm4c123gxl/uart0.o
LOAD ./kernel/atomkernel.o
LOAD ./kernel/atommutex.o
LOAD ./kernel/atomqueue.o
LOAD ./kernel/atomsem.o
LOAD ./kernel/atomtimer.o
LOAD ./ports/cortex-m/atomport-asm.o
LOAD ./ports/cortex-m/atomport.o
LOAD ./ports/cortex-m/common/stubs.o
LOAD ./ports/cortex-m/common/tivac_con.o
LOAD ./ports/cortex-m/common/vector.o

.text           0x0000000000000000     0x3624
 *(.vectors)
 .vectors       0x0000000000000000      0x26c ./ports/cortex-m/common/vector.o
                0x0000000000000000                vector_table
 *(.text*)
 .text          0x000000000000026c        0x0 /home/jshankar/ti/ccs1011/ccs/tools/compiler/gcc-arm-none-eabi-9-2019-q4-major/bin/../lib/gcc/arm-none-eabi/9.2.1/thumb/v7e-m+fp/hard/crti.o
 .text          0x000000000000026c       0x40 /home/jshankar/ti/ccs1011/ccs/tools/compiler/gcc-arm-none-eabi-9-2019-q4-major/bin/../lib/gcc/arm-none-eabi/9.2.1/thumb/v7e-m+fp/hard/crtbegin.o
 .text          0x00000000000002ac       0x74 /home/jshankar/ti/ccs1011/ccs/tools/compiler/gcc-arm-none-eabi-9-2019-q4-major/bin/../lib/gcc/arm-none-eabi/9.2.1/../../../../arm-none-eabi/lib/thumb/v7e-m+fp/hard/crt0.o
                0x00000000000002ac                _mainCRTStartup
                0x00000000000002ac                _start
 .text          0x0000000000000320        0x0 ./main.o
 .text.main_thread_func
                0x0000000000000320       0x1c ./main.o
 .text.startup.main
                0x000000000000033c       0x54 ./main.o
                0x000000000000033c                main
 .text          0x0000000000000390        0x0 ./boards/ek-tm4c123gxl/board_setup.o
 .text.setup_board
                0x0000000000000390       0x3c ./boards/ek-tm4c123gxl/board_setup.o
                0x0000000000000390                setup_board
 .text          0x00000000000003cc        0x0 ./boards/ek-tm4c123gxl/gpio.o
 .text.setup_led
                0x00000000000003cc       0x38 ./boards/ek-tm4c123gxl/gpio.o
                0x00000000000003cc                setup_led
 .text.toggle_led
                0x0000000000000404       0x10 ./boards/ek-tm4c123gxl/gpio.o
                0x0000000000000404                toggle_led
 .text          0x0000000000000414        0x0 ./boards/ek-tm4c123gxl/pll.o
 .text.Init_PLL
                0x0000000000000414       0x6c ./boards/ek-tm4c123gxl/pll.o
                0x0000000000000414                Init_PLL
 .text.setup_clock
                0x0000000000000480        0x6 ./boards/ek-tm4c123gxl/pll.o
                0x0000000000000480                setup_clock
 .text          0x0000000000000486        0x0 ./boards/ek-tm4c123gxl/systick.o
 *fill*         0x0000000000000486        0x2 
 .text.setup_systick
                0x0000000000000488       0x28 ./boards/ek-tm4c123gxl/systick.o
                0x0000000000000488                setup_systick
 .text          0x00000000000004b0        0x0 ./boards/ek-tm4c123gxl/uart0.o
 .text.setup_uart0
                0x00000000000004b0       0x84 ./boards/ek-tm4c123gxl/uart0.o
                0x00000000000004b0                setup_uart0
 .text.uart0_recv_blocking
                0x0000000000000534       0x18 ./boards/ek-tm4c123gxl/uart0.o
                0x0000000000000534                uart0_recv_blocking
 .text.uart0_send_blocking
                0x000000000000054c       0x18 ./boards/ek-tm4c123gxl/uart0.o
                0x000000000000054c                uart0_send_blocking
 .text          0x0000000000000564        0x0 ./kernel/atomkernel.o
 .text.atomIdleThread
                0x0000000000000564        0x2 ./kernel/atomkernel.o
 .text.atomThreadStackCheck
                0x0000000000000566       0x32 ./kernel/atomkernel.o
                0x0000000000000566                atomThreadStackCheck
 .text.atomIntEnter
                0x0000000000000598       0x10 ./kernel/atomkernel.o
                0x0000000000000598                atomIntEnter
 .text.atomCurrentContext
                0x00000000000005a8       0x18 ./kernel/atomkernel.o
                0x00000000000005a8                atomCurrentContext
 .text.tcbEnqueuePriority
                0x00000000000005c0       0x58 ./kernel/atomkernel.o
                0x00000000000005c0                tcbEnqueuePriority
 .text.tcbDequeueHead
                0x0000000000000618       0x22 ./kernel/atomkernel.o
                0x0000000000000618                tcbDequeueHead
 .text.tcbDequeueEntry
                0x000000000000063a       0x4e ./kernel/atomkernel.o
                0x000000000000063a                tcbDequeueEntry
 .text.tcbDequeuePriority
                0x0000000000000688       0x28 ./kernel/atomkernel.o
                0x0000000000000688                tcbDequeuePriority
 .text.atomSched
                0x00000000000006b0       0x94 ./kernel/atomkernel.o
                0x00000000000006b0                atomSched
 .text.atomThreadCreate
                0x0000000000000744       0xbc ./kernel/atomkernel.o
                0x0000000000000744                atomThreadCreate
 .text.atomOSInit
                0x0000000000000800       0x38 ./kernel/atomkernel.o
                0x0000000000000800                atomOSInit
 .text.atomIntExit
                0x0000000000000838       0x10 ./kernel/atomkernel.o
                0x0000000000000838                atomIntExit
 .text.atomOSStart
                0x0000000000000848       0x2c ./kernel/atomkernel.o
                0x0000000000000848                atomOSStart
 .text          0x0000000000000874        0x0 ./kernel/atommutex.o
 .text.atomMutexTimerCallback
                0x0000000000000874       0x40 ./kernel/atommutex.o
 .text.atomMutexCreate
                0x00000000000008b4       0x12 ./kernel/atommutex.o
                0x00000000000008b4                atomMutexCreate
 *fill*         0x00000000000008c6        0x2 
 .text.atomMutexDelete
                0x00000000000008c8       0x98 ./kernel/atommutex.o
                0x00000000000008c8                atomMutexDelete
 .text.atomMutexGet
                0x0000000000000960       0xec ./kernel/atommutex.o
                0x0000000000000960                atomMutexGet
 .text.atomMutexPut
                0x0000000000000a4c       0xac ./kernel/atommutex.o
                0x0000000000000a4c                atomMutexPut
 .text          0x0000000000000af8        0x0 ./kernel/atomqueue.o
 .text.atomQueueTimerCallback
                0x0000000000000af8       0x40 ./kernel/atomqueue.o
 .text.queue_remove.part.0
                0x0000000000000b38       0x74 ./kernel/atomqueue.o
 .text.queue_insert.part.0
                0x0000000000000bac       0x70 ./kernel/atomqueue.o
 .text.atomQueueCreate
                0x0000000000000c1c       0x22 ./kernel/atomqueue.o
                0x0000000000000c1c                atomQueueCreate
 *fill*         0x0000000000000c3e        0x2 
 .text.atomQueueDelete
                0x0000000000000c40       0xa4 ./kernel/atomqueue.o
                0x0000000000000c40                atomQueueDelete
 .text.atomQueueGet
                0x0000000000000ce4      0x124 ./kernel/atomqueue.o
                0x0000000000000ce4                atomQueueGet
 .text.atomQueuePut
                0x0000000000000e08      0x120 ./kernel/atomqueue.o
                0x0000000000000e08                atomQueuePut
 .text          0x0000000000000f28        0x0 ./kernel/atomsem.o
 .text.atomSemTimerCallback
                0x0000000000000f28       0x40 ./kernel/atomsem.o
 .text.atomSemCreate
                0x0000000000000f68       0x10 ./kernel/atomsem.o
                0x0000000000000f68                atomSemCreate
 .text.atomSemDelete
                0x0000000000000f78       0x98 ./kernel/atomsem.o
                0x0000000000000f78                atomSemDelete
 .text.atomSemGet
                0x0000000000001010       0xcc ./kernel/atomsem.o
                0x0000000000001010                atomSemGet
 .text.atomSemPut
                0x00000000000010dc       0x8c ./kernel/atomsem.o
                0x00000000000010dc                atomSemPut
 .text.atomSemResetCount
                0x0000000000001168        0xc ./kernel/atomsem.o
                0x0000000000001168                atomSemResetCount
 .text          0x0000000000001174        0x0 ./kernel/atomtimer.o
 .text.atomTimerDelayCallback
                0x0000000000001174       0x2c ./kernel/atomtimer.o
 .text.atomTimerRegister
                0x00000000000011a0       0x38 ./kernel/atomtimer.o
                0x00000000000011a0                atomTimerRegister
 .text.atomTimerCancel
                0x00000000000011d8       0x4c ./kernel/atomtimer.o
                0x00000000000011d8                atomTimerCancel
 .text.atomTimeGet
                0x0000000000001224        0xc ./kernel/atomtimer.o
                0x0000000000001224                atomTimeGet
 .text.atomTimeSet
                0x0000000000001230        0xc ./kernel/atomtimer.o
                0x0000000000001230                atomTimeSet
 .text.atomTimerTick
                0x000000000000123c       0x74 ./kernel/atomtimer.o
                0x000000000000123c                atomTimerTick
 .text.atomTimerDelay
                0x00000000000012b0       0x68 ./kernel/atomtimer.o
                0x00000000000012b0                atomTimerDelay
 .text          0x0000000000001318       0xc4 ./ports/cortex-m/atomport-asm.o
                0x0000000000001318                _archFirstThreadRestore
                0x000000000000137a                pend_sv_handler
 .text          0x00000000000013dc        0x0 ./ports/cortex-m/atomport.o
 .text.thread_shell
                0x00000000000013dc       0x16 ./ports/cortex-m/atomport.o
 .text.__dmb    0x00000000000013f2        0x6 ./ports/cortex-m/atomport.o
                0x00000000000013f2                __dmb
 .text.archFirstThreadRestore
                0x00000000000013f8       0x14 ./ports/cortex-m/atomport.o
                0x00000000000013f8                archFirstThreadRestore
 .text.archContextSwitch
                0x000000000000140c       0x24 ./ports/cortex-m/atomport.o
                0x000000000000140c                archContextSwitch
 .text.sys_tick_handler
                0x0000000000001430       0x14 ./ports/cortex-m/atomport.o
                0x0000000000001430                sys_tick_handler
 .text.nmi_handler
                0x0000000000001444        0x2 ./ports/cortex-m/atomport.o
                0x0000000000001444                nmi_handler
 .text.hard_fault_handler
                0x0000000000001446        0x2 ./ports/cortex-m/atomport.o
                0x0000000000001446                hard_fault_handler
 .text.archThreadContextInit
                0x0000000000001448       0xc8 ./ports/cortex-m/atomport.o
                0x0000000000001448                archThreadContextInit
 .text          0x0000000000001510        0x0 ./ports/cortex-m/common/stubs.o
 .text._sbrk    0x0000000000001510       0x4c ./ports/cortex-m/common/stubs.o
                0x0000000000001510                _sbrk
 .text._close   0x000000000000155c        0x6 ./ports/cortex-m/common/stubs.o
                0x000000000000155c                _close
 .text._fstat   0x0000000000001562        0xa ./ports/cortex-m/common/stubs.o
                0x0000000000001562                _fstat
 .text._isatty  0x000000000000156c        0x4 ./ports/cortex-m/common/stubs.o
                0x000000000000156c                _isatty
 .text._lseek   0x0000000000001570        0x4 ./ports/cortex-m/common/stubs.o
                0x0000000000001570                _lseek
 .text._open    0x0000000000001574        0x6 ./ports/cortex-m/common/stubs.o
                0x0000000000001574                _open
 .text          0x000000000000157a        0x0 ./ports/cortex-m/common/tivac_con.o
 .text._read    0x000000000000157a       0x34 ./ports/cortex-m/common/tivac_con.o
                0x000000000000157a                _read
 .text._write   0x00000000000015ae       0x38 ./ports/cortex-m/common/tivac_con.o
                0x00000000000015ae                _write
 .text          0x00000000000015e6        0x0 ./ports/cortex-m/common/vector.o
 .text.blocking_handler
                0x00000000000015e6        0x2 ./ports/cortex-m/common/vector.o
                0x00000000000015e6                ssi0_isr
                0x00000000000015e6                timer3b_isr
                0x00000000000015e6                pwm1_3_isr
                0x00000000000015e6                gpiom_isr
                0x00000000000015e6                adc1ss1_isr
                0x00000000000015e6                uart0_isr
                0x00000000000015e6                timer0a_isr
                0x00000000000015e6                i2c0_isr
                0x00000000000015e6                udmaerr_isr
                0x00000000000015e6                udma_isr
                0x00000000000015e6                gpiop4_isr
                0x00000000000015e6                gpioq2_isr
                0x00000000000015e6                gpiog_isr
                0x00000000000015e6                blocking_handler
                0x00000000000015e6                uart2_isr
                0x00000000000015e6                gpioq5_isr
                0x00000000000015e6                pwm1_0_isr
                0x00000000000015e6                pwm0_0_isr
                0x00000000000015e6                timer5b_isr
                0x00000000000015e6                watchdog_isr
                0x00000000000015e6                i2c1_isr
                0x00000000000015e6                i2c2_isr
                0x00000000000015e6                gpiop2_isr
                0x00000000000015e6                wtimer5a_isr
                0x00000000000015e6                usage_fault_handler
                0x00000000000015e6                comp2_isr
                0x00000000000015e6                pwm0_fault_isr
                0x00000000000015e6                wtimer4b_isr
                0x00000000000015e6                i2c3_isr
                0x00000000000015e6                lpc0_isr
                0x00000000000015e6                pwm1_2_isr
                0x00000000000015e6                epi0_isr
                0x00000000000015e6                pwm0_2_isr
                0x00000000000015e6                gpiop1_isr
                0x00000000000015e6                eth_isr
                0x00000000000015e6                gpioq1_isr
                0x00000000000015e6                uart6_isr
                0x00000000000015e6                timer2b_isr
                0x00000000000015e6                wtimer3b_isr
                0x00000000000015e6                fan0_isr
                0x00000000000015e6                adc1ss3_isr
                0x00000000000015e6                qei0_isr
                0x00000000000015e6                wtimer5b_isr
                0x00000000000015e6                ssi3_isr
                0x00000000000015e6                gpiof_isr
                0x00000000000015e6                gpiol_isr
                0x00000000000015e6                flash_isr
                0x00000000000015e6                uart4_isr
                0x00000000000015e6                comp0_isr
                0x00000000000015e6                gpioq6_isr
                0x00000000000015e6                gpiop0_isr
                0x00000000000015e6                gpiop6_isr
                0x00000000000015e6                sysctl_isr
                0x00000000000015e6                qei1_isr
                0x00000000000015e6                timer4b_isr
                0x00000000000015e6                gpioa_isr
                0x00000000000015e6                usb0_isr
                0x00000000000015e6                gpioq0_isr
                0x00000000000015e6                uart1_isr
                0x00000000000015e6                gpiob_isr
                0x00000000000015e6                adc0ss3_isr
                0x00000000000015e6                comp1_isr
                0x00000000000015e6                gpioe_isr
                0x00000000000015e6                wtimer0b_isr
                0x00000000000015e6                pwm0_1_isr
                0x00000000000015e6                wtimer2a_isr
                0x00000000000015e6                wtimer1b_isr
                0x00000000000015e6                wtimer2b_isr
                0x00000000000015e6                gpioq4_isr
                0x00000000000015e6                wtimer0a_isr
                0x00000000000015e6                adc0ss1_isr
                0x00000000000015e6                uart5_isr
                0x00000000000015e6                timer1b_isr
                0x00000000000015e6                wtimer3a_isr
                0x00000000000015e6                i2c5_isr
                0x00000000000015e6                can2_isr
                0x00000000000015e6                gpion_isr
                0x00000000000015e6                adc0ss2_isr
                0x00000000000015e6                gpioj_isr
                0x00000000000015e6                gpioh_isr
                0x00000000000015e6                gpioq7_isr
                0x00000000000015e6                mem_manage_handler
                0x00000000000015e6                gpiod_isr
                0x00000000000015e6                pwm0_3_isr
                0x00000000000015e6                ssi2_isr
                0x00000000000015e6                timer5a_isr
                0x00000000000015e6                gpiop7_isr
                0x00000000000015e6                gpioc_isr
                0x00000000000015e6                gpioq3_isr
                0x00000000000015e6                uart7_isr
                0x00000000000015e6                pwm1_fault_isr
                0x00000000000015e6                hibernate_isr
                0x00000000000015e6                gpiop5_isr
                0x00000000000015e6                i2s0_isr
                0x00000000000015e6                adc1ss2_isr
                0x00000000000015e6                peci0_isr
                0x00000000000015e6                timer3a_isr
                0x00000000000015e6                can0_isr
                0x00000000000015e6                i2c4_isr
                0x00000000000015e6                sysexc_isr
                0x00000000000015e6                gpiop3_isr
                0x00000000000015e6                timer4a_isr
                0x00000000000015e6                can1_isr
                0x00000000000015e6                timer1a_isr
                0x00000000000015e6                adc0ss0_isr
                0x00000000000015e6                ssi1_isr
                0x00000000000015e6                wtimer4a_isr
                0x00000000000015e6                wtimer1a_isr
                0x00000000000015e6                bus_fault_handler
                0x00000000000015e6                gpiok_isr
                0x00000000000015e6                pwm1_1_isr
                0x00000000000015e6                timer2a_isr
                0x00000000000015e6                uart3_isr
                0x00000000000015e6                adc1ss0_isr
                0x00000000000015e6                timer0b_isr
 .text.null_handler
                0x00000000000015e8        0x2 ./ports/cortex-m/common/vector.o
                0x00000000000015e8                null_handler
                0x00000000000015e8                sv_call_handler
                0x00000000000015e8                debug_monitor_handler
 *fill*         0x00000000000015ea        0x2 
 .text.reset_handler
                0x00000000000015ec       0x98 ./ports/cortex-m/common/vector.o
                0x00000000000015ec                reset_handler
 .text          0x0000000000001684        0x0 /home/jshankar/ti/ccs1011/ccs/tools/compiler/gcc-arm-none-eabi-9-2019-q4-major/bin/../lib/gcc/arm-none-eabi/9.2.1/../../../../arm-none-eabi/lib/thumb/v7e-m+fp/hard/libg.a(lib_a-errno.o)
 .text.__errno  0x0000000000001684        0xc /home/jshankar/ti/ccs1011/ccs/tools/compiler/gcc-arm-none-eabi-9-2019-q4-major/bin/../lib/gcc/arm-none-eabi/9.2.1/../../../../arm-none-eabi/lib/thumb/v7e-m+fp/hard/libg.a(lib_a-errno.o)
                0x0000000000001684                __errno
 .text          0x0000000000001690        0x0 /home/jshankar/ti/ccs1011/ccs/tools/compiler/gcc-arm-none-eabi-9-2019-q4-major/bin/../lib/gcc/arm-none-eabi/9.2.1/../../../../arm-none-eabi/lib/thumb/v7e-m+fp/hard/libg.a(lib_a-exit.o)
 .text.exit     0x0000000000001690       0x20 /home/jshankar/ti/ccs1011/ccs/tools/compiler/gcc-arm-none-eabi-9-2019-q4-major/bin/../lib/gcc/arm-none-eabi/9.2.1/../../../../arm-none-eabi/lib/thumb/v7e-m+fp/hard/libg.a(lib_a-exit.o)
                0x0000000000001690                exit
 .text          0x00000000000016b0        0x0 /home/jshankar/ti/ccs1011/ccs/tools/compiler/gcc-arm-none-eabi-9-2019-q4-major/bin/../lib/gcc/arm-none-eabi/9.2.1/../../../../arm-none-eabi/lib/thumb/v7e-m+fp/hard/libg.a(lib_a-impure.o)
 .text          0x00000000000016b0        0x0 /home/jshankar/ti/ccs1011/ccs/tools/compiler/gcc-arm-none-eabi-9-2019-q4-major/bin/../lib/gcc/arm-none-eabi/9.2.1/../../../../arm-none-eabi/lib/thumb/v7e-m+fp/hard/libg.a(lib_a-init.o)
 .text.__libc_init_array
                0x00000000000016b0       0x48 /home/jshankar/ti/ccs1011/ccs/tools/compiler/gcc-arm-none-eabi-9-2019-q4-major/bin/../lib/gcc/arm-none-eabi/9.2.1/../../../../arm-none-eabi/lib/thumb/v7e-m+fp/hard/libg.a(lib_a-init.o)
                0x00000000000016b0                __libc_init_array
 .text          0x00000000000016f8      0x134 /home/jshankar/ti/ccs1011/ccs/tools/compiler/gcc-arm-none-eabi-9-2019-q4-major/bin/../lib/gcc/arm-none-eabi/9.2.1/../../../../arm-none-eabi/lib/thumb/v7e-m+fp/hard/libg.a(lib_a-memcpy.o)
                0x00000000000016f8                memcpy
 .text          0x000000000000182c        0x0 /home/jshankar/ti/ccs1011/ccs/tools/compiler/gcc-arm-none-eabi-9-2019-q4-major/bin/../lib/gcc/arm-none-eabi/9.2.1/../../../../arm-none-eabi/lib/thumb/v7e-m+fp/hard/libg.a(lib_a-memset.o)
 .text.memset   0x000000000000182c       0xa0 /home/jshankar/ti/ccs1011/ccs/tools/compiler/gcc-arm-none-eabi-9-2019-q4-major/bin/../lib/gcc/arm-none-eabi/9.2.1/../../../../arm-none-eabi/lib/thumb/v7e-m+fp/hard/libg.a(lib_a-memset.o)
                0x000000000000182c                memset
 .text          0x00000000000018cc        0x0 /home/jshankar/ti/ccs1011/ccs/tools/compiler/gcc-arm-none-eabi-9-2019-q4-major/bin/../lib/gcc/arm-none-eabi/9.2.1/../../../../arm-none-eabi/lib/thumb/v7e-m+fp/hard/libg.a(lib_a-puts.o)
 .text._puts_r  0x00000000000018cc       0x9c /home/jshankar/ti/ccs1011/ccs/tools/compiler/gcc-arm-none-eabi-9-2019-q4-major/bin/../lib/gcc/arm-none-eabi/9.2.1/../../../../arm-none-eabi/lib/thumb/v7e-m+fp/hard/libg.a(lib_a-puts.o)
                0x00000000000018cc                _puts_r
 .text.puts     0x0000000000001968       0x10 /home/jshankar/ti/ccs1011/ccs/tools/compiler/gcc-arm-none-eabi-9-2019-q4-major/bin/../lib/gcc/arm-none-eabi/9.2.1/../../../../arm-none-eabi/lib/thumb/v7e-m+fp/hard/libg.a(lib_a-puts.o)
                0x0000000000001968                puts
 *fill*         0x0000000000001978        0x8 
 .text          0x0000000000001980       0xdc /home/jshankar/ti/ccs1011/ccs/tools/compiler/gcc-arm-none-eabi-9-2019-q4-major/bin/../lib/gcc/arm-none-eabi/9.2.1/../../../../arm-none-eabi/lib/thumb/v7e-m+fp/hard/libg.a(lib_a-strlen.o)
                0x0000000000001980                strlen
 .text          0x0000000000001a5c        0x0 /home/jshankar/ti/ccs1011/ccs/tools/compiler/gcc-arm-none-eabi-9-2019-q4-major/bin/../lib/gcc/arm-none-eabi/9.2.1/../../../../arm-none-eabi/lib/thumb/v7e-m+fp/hard/libg.a(lib_a-__call_atexit.o)
 .text.startup.register_fini
                0x0000000000001a5c       0x14 /home/jshankar/ti/ccs1011/ccs/tools/compiler/gcc-arm-none-eabi-9-2019-q4-major/bin/../lib/gcc/arm-none-eabi/9.2.1/../../../../arm-none-eabi/lib/thumb/v7e-m+fp/hard/libg.a(lib_a-__call_atexit.o)
 .text.__call_exitprocs
                0x0000000000001a70       0xcc /home/jshankar/ti/ccs1011/ccs/tools/compiler/gcc-arm-none-eabi-9-2019-q4-major/bin/../lib/gcc/arm-none-eabi/9.2.1/../../../../arm-none-eabi/lib/thumb/v7e-m+fp/hard/libg.a(lib_a-__call_atexit.o)
                0x0000000000001a70                __call_exitprocs
 .text          0x0000000000001b3c        0x0 /home/jshankar/ti/ccs1011/ccs/tools/compiler/gcc-arm-none-eabi-9-2019-q4-major/bin/../lib/gcc/arm-none-eabi/9.2.1/../../../../arm-none-eabi/lib/thumb/v7e-m+fp/hard/libg.a(lib_a-atexit.o)
 .text.atexit   0x0000000000001b3c        0xc /home/jshankar/ti/ccs1011/ccs/tools/compiler/gcc-arm-none-eabi-9-2019-q4-major/bin/../lib/gcc/arm-none-eabi/9.2.1/../../../../arm-none-eabi/lib/thumb/v7e-m+fp/hard/libg.a(lib_a-atexit.o)
                0x0000000000001b3c                atexit
 .text          0x0000000000001b48        0x0 /home/jshankar/ti/ccs1011/ccs/tools/compiler/gcc-arm-none-eabi-9-2019-q4-major/bin/../lib/gcc/arm-none-eabi/9.2.1/../../../../arm-none-eabi/lib/thumb/v7e-m+fp/hard/libg.a(lib_a-findfp.o)
 .text.std      0x0000000000001b48       0x50 /home/jshankar/ti/ccs1011/ccs/tools/compiler/gcc-arm-none-eabi-9-2019-q4-major/bin/../lib/gcc/arm-none-eabi/9.2.1/../../../../arm-none-eabi/lib/thumb/v7e-m+fp/hard/libg.a(lib_a-findfp.o)
 .text._cleanup_r
                0x0000000000001b98        0xc /home/jshankar/ti/ccs1011/ccs/tools/compiler/gcc-arm-none-eabi-9-2019-q4-major/bin/../lib/gcc/arm-none-eabi/9.2.1/../../../../arm-none-eabi/lib/thumb/v7e-m+fp/hard/libg.a(lib_a-findfp.o)
                0x0000000000001b98                _cleanup_r
 .text.__fp_lock
                0x0000000000001ba4       0x1c /home/jshankar/ti/ccs1011/ccs/tools/compiler/gcc-arm-none-eabi-9-2019-q4-major/bin/../lib/gcc/arm-none-eabi/9.2.1/../../../../arm-none-eabi/lib/thumb/v7e-m+fp/hard/libg.a(lib_a-findfp.o)
 .text.__fp_unlock
                0x0000000000001bc0       0x1c /home/jshankar/ti/ccs1011/ccs/tools/compiler/gcc-arm-none-eabi-9-2019-q4-major/bin/../lib/gcc/arm-none-eabi/9.2.1/../../../../arm-none-eabi/lib/thumb/v7e-m+fp/hard/libg.a(lib_a-findfp.o)
 .text.__sfmoreglue
                0x0000000000001bdc       0x30 /home/jshankar/ti/ccs1011/ccs/tools/compiler/gcc-arm-none-eabi-9-2019-q4-major/bin/../lib/gcc/arm-none-eabi/9.2.1/../../../../arm-none-eabi/lib/thumb/v7e-m+fp/hard/libg.a(lib_a-findfp.o)
                0x0000000000001bdc                __sfmoreglue
 .text._cleanup
                0x0000000000001c0c       0x14 /home/jshankar/ti/ccs1011/ccs/tools/compiler/gcc-arm-none-eabi-9-2019-q4-major/bin/../lib/gcc/arm-none-eabi/9.2.1/../../../../arm-none-eabi/lib/thumb/v7e-m+fp/hard/libg.a(lib_a-findfp.o)
                0x0000000000001c0c                _cleanup
 .text.__sinit  0x0000000000001c20       0x54 /home/jshankar/ti/ccs1011/ccs/tools/compiler/gcc-arm-none-eabi-9-2019-q4-major/bin/../lib/gcc/arm-none-eabi/9.2.1/../../../../arm-none-eabi/lib/thumb/v7e-m+fp/hard/libg.a(lib_a-findfp.o)
                0x0000000000001c20                __sinit
 .text.__sfp    0x0000000000001c74       0xa4 /home/jshankar/ti/ccs1011/ccs/tools/compiler/gcc-arm-none-eabi-9-2019-q4-major/bin/../lib/gcc/arm-none-eabi/9.2.1/../../../../arm-none-eabi/lib/thumb/v7e-m+fp/hard/libg.a(lib_a-findfp.o)
                0x0000000000001c74                __sfp
 .text.__sfp_lock_acquire
                0x0000000000001d18        0xc /home/jshankar/ti/ccs1011/ccs/tools/compiler/gcc-arm-none-eabi-9-2019-q4-major/bin/../lib/gcc/arm-none-eabi/9.2.1/../../../../arm-none-eabi/lib/thumb/v7e-m+fp/hard/libg.a(lib_a-findfp.o)
                0x0000000000001d18                __sfp_lock_acquire
 .text.__sfp_lock_release
                0x0000000000001d24        0xc /home/jshankar/ti/ccs1011/ccs/tools/compiler/gcc-arm-none-eabi-9-2019-q4-major/bin/../lib/gcc/arm-none-eabi/9.2.1/../../../../arm-none-eabi/lib/thumb/v7e-m+fp/hard/libg.a(lib_a-findfp.o)
                0x0000000000001d24                __sfp_lock_release
 .text.__sinit_lock_acquire
                0x0000000000001d30        0xc /home/jshankar/ti/ccs1011/ccs/tools/compiler/gcc-arm-none-eabi-9-2019-q4-major/bin/../lib/gcc/arm-none-eabi/9.2.1/../../../../arm-none-eabi/lib/thumb/v7e-m+fp/hard/libg.a(lib_a-findfp.o)
                0x0000000000001d30                __sinit_lock_acquire
 .text.__sinit_lock_release
                0x0000000000001d3c        0xc /home/jshankar/ti/ccs1011/ccs/tools/compiler/gcc-arm-none-eabi-9-2019-q4-major/bin/../lib/gcc/arm-none-eabi/9.2.1/../../../../arm-none-eabi/lib/thumb/v7e-m+fp/hard/libg.a(lib_a-findfp.o)
                0x0000000000001d3c                __sinit_lock_release
 .text.__fp_lock_all
                0x0000000000001d48       0x24 /home/jshankar/ti/ccs1011/ccs/tools/compiler/gcc-arm-none-eabi-9-2019-q4-major/bin/../lib/gcc/arm-none-eabi/9.2.1/../../../../arm-none-eabi/lib/thumb/v7e-m+fp/hard/libg.a(lib_a-findfp.o)
                0x0000000000001d48                __fp_lock_all
 .text.__fp_unlock_all
                0x0000000000001d6c       0x24 /home/jshankar/ti/ccs1011/ccs/tools/compiler/gcc-arm-none-eabi-9-2019-q4-major/bin/../lib/gcc/arm-none-eabi/9.2.1/../../../../arm-none-eabi/lib/thumb/v7e-m+fp/hard/libg.a(lib_a-findfp.o)
                0x0000000000001d6c                __fp_unlock_all
 .text          0x0000000000001d90        0x0 /home/jshankar/ti/ccs1011/ccs/tools/compiler/gcc-arm-none-eabi-9-2019-q4-major/bin/../lib/gcc/arm-none-eabi/9.2.1/../../../../arm-none-eabi/lib/thumb/v7e-m+fp/hard/libg.a(lib_a-fini.o)
 .text.__libc_fini_array
                0x0000000000001d90       0x2c /home/jshankar/ti/ccs1011/ccs/tools/compiler/gcc-arm-none-eabi-9-2019-q4-major/bin/../lib/gcc/arm-none-eabi/9.2.1/../../../../arm-none-eabi/lib/thumb/v7e-m+fp/hard/libg.a(lib_a-fini.o)
                0x0000000000001d90                __libc_fini_array
 .text          0x0000000000001dbc        0x0 /home/jshankar/ti/ccs1011/ccs/tools/compiler/gcc-arm-none-eabi-9-2019-q4-major/bin/../lib/gcc/arm-none-eabi/9.2.1/../../../../arm-none-eabi/lib/thumb/v7e-m+fp/hard/libg.a(lib_a-fvwrite.o)
 .text.__sfvwrite_r
                0x0000000000001dbc      0x2e0 /home/jshankar/ti/ccs1011/ccs/tools/compiler/gcc-arm-none-eabi-9-2019-q4-major/bin/../lib/gcc/arm-none-eabi/9.2.1/../../../../arm-none-eabi/lib/thumb/v7e-m+fp/hard/libg.a(lib_a-fvwrite.o)
                0x0000000000001dbc                __sfvwrite_r
 .text          0x000000000000209c        0x0 /home/jshankar/ti/ccs1011/ccs/tools/compiler/gcc-arm-none-eabi-9-2019-q4-major/bin/../lib/gcc/arm-none-eabi/9.2.1/../../../../arm-none-eabi/lib/thumb/v7e-m+fp/hard/libg.a(lib_a-fwalk.o)
 .text._fwalk   0x000000000000209c       0x40 /home/jshankar/ti/ccs1011/ccs/tools/compiler/gcc-arm-none-eabi-9-2019-q4-major/bin/../lib/gcc/arm-none-eabi/9.2.1/../../../../arm-none-eabi/lib/thumb/v7e-m+fp/hard/libg.a(lib_a-fwalk.o)
                0x000000000000209c                _fwalk
 .text._fwalk_reent
                0x00000000000020dc       0x48 /home/jshankar/ti/ccs1011/ccs/tools/compiler/gcc-arm-none-eabi-9-2019-q4-major/bin/../lib/gcc/arm-none-eabi/9.2.1/../../../../arm-none-eabi/lib/thumb/v7e-m+fp/hard/libg.a(lib_a-fwalk.o)
                0x00000000000020dc                _fwalk_reent
 .text          0x0000000000002124        0x0 /home/jshankar/ti/ccs1011/ccs/tools/compiler/gcc-arm-none-eabi-9-2019-q4-major/bin/../lib/gcc/arm-none-eabi/9.2.1/../../../../arm-none-eabi/lib/thumb/v7e-m+fp/hard/libg.a(lib_a-lock.o)
 .text.__retarget_lock_init
                0x0000000000002124        0x4 /home/jshankar/ti/ccs1011/ccs/tools/compiler/gcc-arm-none-eabi-9-2019-q4-major/bin/../lib/gcc/arm-none-eabi/9.2.1/../../../../arm-none-eabi/lib/thumb/v7e-m+fp/hard/libg.a(lib_a-lock.o)
                0x0000000000002124                __retarget_lock_init
 .text.__retarget_lock_init_recursive
                0x0000000000002128        0x4 /home/jshankar/ti/ccs1011/ccs/tools/compiler/gcc-arm-none-eabi-9-2019-q4-major/bin/../lib/gcc/arm-none-eabi/9.2.1/../../../../arm-none-eabi/lib/thumb/v7e-m+fp/hard/libg.a(lib_a-lock.o)
                0x0000000000002128                __retarget_lock_init_recursive
 .text.__retarget_lock_close
                0x000000000000212c        0x4 /home/jshankar/ti/ccs1011/ccs/tools/compiler/gcc-arm-none-eabi-9-2019-q4-major/bin/../lib/gcc/arm-none-eabi/9.2.1/../../../../arm-none-eabi/lib/thumb/v7e-m+fp/hard/libg.a(lib_a-lock.o)
                0x000000000000212c                __retarget_lock_close
 .text.__retarget_lock_close_recursive
                0x0000000000002130        0x4 /home/jshankar/ti/ccs1011/ccs/tools/compiler/gcc-arm-none-eabi-9-2019-q4-major/bin/../lib/gcc/arm-none-eabi/9.2.1/../../../../arm-none-eabi/lib/thumb/v7e-m+fp/hard/libg.a(lib_a-lock.o)
                0x0000000000002130                __retarget_lock_close_recursive
 .text.__retarget_lock_acquire
                0x0000000000002134        0x4 /home/jshankar/ti/ccs1011/ccs/tools/compiler/gcc-arm-none-eabi-9-2019-q4-major/bin/../lib/gcc/arm-none-eabi/9.2.1/../../../../arm-none-eabi/lib/thumb/v7e-m+fp/hard/libg.a(lib_a-lock.o)
                0x0000000000002134                __retarget_lock_acquire
 .text.__retarget_lock_acquire_recursive
                0x0000000000002138        0x4 /home/jshankar/ti/ccs1011/ccs/tools/compiler/gcc-arm-none-eabi-9-2019-q4-major/bin/../lib/gcc/arm-none-eabi/9.2.1/../../../../arm-none-eabi/lib/thumb/v7e-m+fp/hard/libg.a(lib_a-lock.o)
                0x0000000000002138                __retarget_lock_acquire_recursive
 .text.__retarget_lock_try_acquire
                0x000000000000213c        0x4 /home/jshankar/ti/ccs1011/ccs/tools/compiler/gcc-arm-none-eabi-9-2019-q4-major/bin/../lib/gcc/arm-none-eabi/9.2.1/../../../../arm-none-eabi/lib/thumb/v7e-m+fp/hard/libg.a(lib_a-lock.o)
                0x000000000000213c                __retarget_lock_try_acquire
 .text.__retarget_lock_try_acquire_recursive
                0x0000000000002140        0x4 /home/jshankar/ti/ccs1011/ccs/tools/compiler/gcc-arm-none-eabi-9-2019-q4-major/bin/../lib/gcc/arm-none-eabi/9.2.1/../../../../arm-none-eabi/lib/thumb/v7e-m+fp/hard/libg.a(lib_a-lock.o)
                0x0000000000002140                __retarget_lock_try_acquire_recursive
 .text.__retarget_lock_release
                0x0000000000002144        0x4 /home/jshankar/ti/ccs1011/ccs/tools/compiler/gcc-arm-none-eabi-9-2019-q4-major/bin/../lib/gcc/arm-none-eabi/9.2.1/../../../../arm-none-eabi/lib/thumb/v7e-m+fp/hard/libg.a(lib_a-lock.o)
                0x0000000000002144                __retarget_lock_release
 .text.__retarget_lock_release_recursive
                0x0000000000002148        0x4 /home/jshankar/ti/ccs1011/ccs/tools/compiler/gcc-arm-none-eabi-9-2019-q4-major/bin/../lib/gcc/arm-none-eabi/9.2.1/../../../../arm-none-eabi/lib/thumb/v7e-m+fp/hard/libg.a(lib_a-lock.o)
                0x0000000000002148                __retarget_lock_release_recursive
 .text          0x000000000000214c        0x0 /home/jshankar/ti/ccs1011/ccs/tools/compiler/gcc-arm-none-eabi-9-2019-q4-major/bin/../lib/gcc/arm-none-eabi/9.2.1/../../../../arm-none-eabi/lib/thumb/v7e-m+fp/hard/libg.a(lib_a-mallocr.o)
 .text._malloc_r
                0x000000000000214c      0x574 /home/jshankar/ti/ccs1011/ccs/tools/compiler/gcc-arm-none-eabi-9-2019-q4-major/bin/../lib/gcc/arm-none-eabi/9.2.1/../../../../arm-none-eabi/lib/thumb/v7e-m+fp/hard/libg.a(lib_a-mallocr.o)
                0x000000000000214c                _malloc_r
 .text          0x00000000000026c0       0xa0 /home/jshankar/ti/ccs1011/ccs/tools/compiler/gcc-arm-none-eabi-9-2019-q4-major/bin/../lib/gcc/arm-none-eabi/9.2.1/../../../../arm-none-eabi/lib/thumb/v7e-m+fp/hard/libg.a(lib_a-memchr.o)
                0x00000000000026c0                memchr
 .text          0x0000000000002760        0x0 /home/jshankar/ti/ccs1011/ccs/tools/compiler/gcc-arm-none-eabi-9-2019-q4-major/bin/../lib/gcc/arm-none-eabi/9.2.1/../../../../arm-none-eabi/lib/thumb/v7e-m+fp/hard/libg.a(lib_a-memmove.o)
 .text.memmove  0x0000000000002760       0xd8 /home/jshankar/ti/ccs1011/ccs/tools/compiler/gcc-arm-none-eabi-9-2019-q4-major/bin/../lib/gcc/arm-none-eabi/9.2.1/../../../../arm-none-eabi/lib/thumb/v7e-m+fp/hard/libg.a(lib_a-memmove.o)
                0x0000000000002760                memmove
 .text          0x0000000000002838        0x0 /home/jshankar/ti/ccs1011/ccs/tools/compiler/gcc-arm-none-eabi-9-2019-q4-major/bin/../lib/gcc/arm-none-eabi/9.2.1/../../../../arm-none-eabi/lib/thumb/v7e-m+fp/hard/libg.a(lib_a-mlock.o)
 .text.__malloc_lock
                0x0000000000002838        0xc /home/jshankar/ti/ccs1011/ccs/tools/compiler/gcc-arm-none-eabi-9-2019-q4-major/bin/../lib/gcc/arm-none-eabi/9.2.1/../../../../arm-none-eabi/lib/thumb/v7e-m+fp/hard/libg.a(lib_a-mlock.o)
                0x0000000000002838                __malloc_lock
 .text.__malloc_unlock
                0x0000000000002844        0xc /home/jshankar/ti/ccs1011/ccs/tools/compiler/gcc-arm-none-eabi-9-2019-q4-major/bin/../lib/gcc/arm-none-eabi/9.2.1/../../../../arm-none-eabi/lib/thumb/v7e-m+fp/hard/libg.a(lib_a-mlock.o)
                0x0000000000002844                __malloc_unlock
 .text          0x0000000000002850        0x0 /home/jshankar/ti/ccs1011/ccs/tools/compiler/gcc-arm-none-eabi-9-2019-q4-major/bin/../lib/gcc/arm-none-eabi/9.2.1/../../../../arm-none-eabi/lib/thumb/v7e-m+fp/hard/libg.a(lib_a-reallocr.o)
 .text._realloc_r
                0x0000000000002850      0x3e0 /home/jshankar/ti/ccs1011/ccs/tools/compiler/gcc-arm-none-eabi-9-2019-q4-major/bin/../lib/gcc/arm-none-eabi/9.2.1/../../../../arm-none-eabi/lib/thumb/v7e-m+fp/hard/libg.a(lib_a-reallocr.o)
                0x0000000000002850                _realloc_r
 .text          0x0000000000002c30        0x0 /home/jshankar/ti/ccs1011/ccs/tools/compiler/gcc-arm-none-eabi-9-2019-q4-major/bin/../lib/gcc/arm-none-eabi/9.2.1/../../../../arm-none-eabi/lib/thumb/v7e-m+fp/hard/libg.a(lib_a-sbrkr.o)
 .text._sbrk_r  0x0000000000002c30       0x24 /home/jshankar/ti/ccs1011/ccs/tools/compiler/gcc-arm-none-eabi-9-2019-q4-major/bin/../lib/gcc/arm-none-eabi/9.2.1/../../../../arm-none-eabi/lib/thumb/v7e-m+fp/hard/libg.a(lib_a-sbrkr.o)
                0x0000000000002c30                _sbrk_r
 .text          0x0000000000002c54        0x0 /home/jshankar/ti/ccs1011/ccs/tools/compiler/gcc-arm-none-eabi-9-2019-q4-major/bin/../lib/gcc/arm-none-eabi/9.2.1/../../../../arm-none-eabi/lib/thumb/v7e-m+fp/hard/libg.a(lib_a-stdio.o)
 .text.__sread  0x0000000000002c54       0x24 /home/jshankar/ti/ccs1011/ccs/tools/compiler/gcc-arm-none-eabi-9-2019-q4-major/bin/../lib/gcc/arm-none-eabi/9.2.1/../../../../arm-none-eabi/lib/thumb/v7e-m+fp/hard/libg.a(lib_a-stdio.o)
                0x0000000000002c54                __sread
 .text.__seofread
                0x0000000000002c78        0x4 /home/jshankar/ti/ccs1011/ccs/tools/compiler/gcc-arm-none-eabi-9-2019-q4-major/bin/../lib/gcc/arm-none-eabi/9.2.1/../../../../arm-none-eabi/lib/thumb/v7e-m+fp/hard/libg.a(lib_a-stdio.o)
                0x0000000000002c78                __seofread
 .text.__swrite
                0x0000000000002c7c       0x40 /home/jshankar/ti/ccs1011/ccs/tools/compiler/gcc-arm-none-eabi-9-2019-q4-major/bin/../lib/gcc/arm-none-eabi/9.2.1/../../../../arm-none-eabi/lib/thumb/v7e-m+fp/hard/libg.a(lib_a-stdio.o)
                0x0000000000002c7c                __swrite
 .text.__sseek  0x0000000000002cbc       0x20 /home/jshankar/ti/ccs1011/ccs/tools/compiler/gcc-arm-none-eabi-9-2019-q4-major/bin/../lib/gcc/arm-none-eabi/9.2.1/../../../../arm-none-eabi/lib/thumb/v7e-m+fp/hard/libg.a(lib_a-stdio.o)
                0x0000000000002cbc                __sseek
 .text.__sclose
                0x0000000000002cdc        0x8 /home/jshankar/ti/ccs1011/ccs/tools/compiler/gcc-arm-none-eabi-9-2019-q4-major/bin/../lib/gcc/arm-none-eabi/9.2.1/../../../../arm-none-eabi/lib/thumb/v7e-m+fp/hard/libg.a(lib_a-stdio.o)
                0x0000000000002cdc                __sclose
 .text          0x0000000000002ce4        0x0 /home/jshankar/ti/ccs1011/ccs/tools/compiler/gcc-arm-none-eabi-9-2019-q4-major/bin/../lib/gcc/arm-none-eabi/9.2.1/../../../../arm-none-eabi/lib/thumb/v7e-m+fp/hard/libg.a(lib_a-writer.o)
 .text._write_r
                0x0000000000002ce4       0x2c /home/jshankar/ti/ccs1011/ccs/tools/compiler/gcc-arm-none-eabi-9-2019-q4-major/bin/../lib/gcc/arm-none-eabi/9.2.1/../../../../arm-none-eabi/lib/thumb/v7e-m+fp/hard/libg.a(lib_a-writer.o)
                0x0000000000002ce4                _write_r
 .text          0x0000000000002d10        0x0 /home/jshankar/ti/ccs1011/ccs/tools/compiler/gcc-arm-none-eabi-9-2019-q4-major/bin/../lib/gcc/arm-none-eabi/9.2.1/../../../../arm-none-eabi/lib/thumb/v7e-m+fp/hard/libg.a(lib_a-wsetup.o)
 .text.__swsetup_r
                0x0000000000002d10       0xd0 /home/jshankar/ti/ccs1011/ccs/tools/compiler/gcc-arm-none-eabi-9-2019-q4-major/bin/../lib/gcc/arm-none-eabi/9.2.1/../../../../arm-none-eabi/lib/thumb/v7e-m+fp/hard/libg.a(lib_a-wsetup.o)
                0x0000000000002d10                __swsetup_r
 .text          0x0000000000002de0        0x0 /home/jshankar/ti/ccs1011/ccs/tools/compiler/gcc-arm-none-eabi-9-2019-q4-major/bin/../lib/gcc/arm-none-eabi/9.2.1/../../../../arm-none-eabi/lib/thumb/v7e-m+fp/hard/libg.a(lib_a-__atexit.o)
 .text.__register_exitproc
                0x0000000000002de0       0x8c /home/jshankar/ti/ccs1011/ccs/tools/compiler/gcc-arm-none-eabi-9-2019-q4-major/bin/../lib/gcc/arm-none-eabi/9.2.1/../../../../arm-none-eabi/lib/thumb/v7e-m+fp/hard/libg.a(lib_a-__atexit.o)
                0x0000000000002de0                __register_exitproc
 .text          0x0000000000002e6c        0x0 /home/jshankar/ti/ccs1011/ccs/tools/compiler/gcc-arm-none-eabi-9-2019-q4-major/bin/../lib/gcc/arm-none-eabi/9.2.1/../../../../arm-none-eabi/lib/thumb/v7e-m+fp/hard/libg.a(lib_a-closer.o)
 .text._close_r
                0x0000000000002e6c       0x24 /home/jshankar/ti/ccs1011/ccs/tools/compiler/gcc-arm-none-eabi-9-2019-q4-major/bin/../lib/gcc/arm-none-eabi/9.2.1/../../../../arm-none-eabi/lib/thumb/v7e-m+fp/hard/libg.a(lib_a-closer.o)
                0x0000000000002e6c                _close_r
 .text          0x0000000000002e90        0x0 /home/jshankar/ti/ccs1011/ccs/tools/compiler/gcc-arm-none-eabi-9-2019-q4-major/bin/../lib/gcc/arm-none-eabi/9.2.1/../../../../arm-none-eabi/lib/thumb/v7e-m+fp/hard/libg.a(lib_a-fclose.o)
 .text._fclose_r
                0x0000000000002e90       0xcc /home/jshankar/ti/ccs1011/ccs/tools/compiler/gcc-arm-none-eabi-9-2019-q4-major/bin/../lib/gcc/arm-none-eabi/9.2.1/../../../../arm-none-eabi/lib/thumb/v7e-m+fp/hard/libg.a(lib_a-fclose.o)
                0x0000000000002e90                _fclose_r
 .text.fclose   0x0000000000002f5c       0x10 /home/jshankar/ti/ccs1011/ccs/tools/compiler/gcc-arm-none-eabi-9-2019-q4-major/bin/../lib/gcc/arm-none-eabi/9.2.1/../../../../arm-none-eabi/lib/thumb/v7e-m+fp/hard/libg.a(lib_a-fclose.o)
                0x0000000000002f5c                fclose
 .text          0x0000000000002f6c        0x0 /home/jshankar/ti/ccs1011/ccs/tools/compiler/gcc-arm-none-eabi-9-2019-q4-major/bin/../lib/gcc/arm-none-eabi/9.2.1/../../../../arm-none-eabi/lib/thumb/v7e-m+fp/hard/libg.a(lib_a-fflush.o)
 .text.__sflush_r
                0x0000000000002f6c      0x130 /home/jshankar/ti/ccs1011/ccs/tools/compiler/gcc-arm-none-eabi-9-2019-q4-major/bin/../lib/gcc/arm-none-eabi/9.2.1/../../../../arm-none-eabi/lib/thumb/v7e-m+fp/hard/libg.a(lib_a-fflush.o)
                0x0000000000002f6c                __sflush_r
 .text._fflush_r
                0x000000000000309c       0x5c /home/jshankar/ti/ccs1011/ccs/tools/compiler/gcc-arm-none-eabi-9-2019-q4-major/bin/../lib/gcc/arm-none-eabi/9.2.1/../../../../arm-none-eabi/lib/thumb/v7e-m+fp/hard/libg.a(lib_a-fflush.o)
                0x000000000000309c                _fflush_r
 .text.fflush   0x00000000000030f8       0x24 /home/jshankar/ti/ccs1011/ccs/tools/compiler/gcc-arm-none-eabi-9-2019-q4-major/bin/../lib/gcc/arm-none-eabi/9.2.1/../../../../arm-none-eabi/lib/thumb/v7e-m+fp/hard/libg.a(lib_a-fflush.o)
                0x00000000000030f8                fflush
 .text          0x000000000000311c        0x0 /home/jshankar/ti/ccs1011/ccs/tools/compiler/gcc-arm-none-eabi-9-2019-q4-major/bin/../lib/gcc/arm-none-eabi/9.2.1/../../../../arm-none-eabi/lib/thumb/v7e-m+fp/hard/libg.a(lib_a-freer.o)
 .text._malloc_trim_r
                0x000000000000311c       0xa0 /home/jshankar/ti/ccs1011/ccs/tools/compiler/gcc-arm-none-eabi-9-2019-q4-major/bin/../lib/gcc/arm-none-eabi/9.2.1/../../../../arm-none-eabi/lib/thumb/v7e-m+fp/hard/libg.a(lib_a-freer.o)
                0x000000000000311c                _malloc_trim_r
 .text._free_r  0x00000000000031bc      0x208 /home/jshankar/ti/ccs1011/ccs/tools/compiler/gcc-arm-none-eabi-9-2019-q4-major/bin/../lib/gcc/arm-none-eabi/9.2.1/../../../../arm-none-eabi/lib/thumb/v7e-m+fp/hard/libg.a(lib_a-freer.o)
                0x00000000000031bc                _free_r
 .text          0x00000000000033c4        0x0 /home/jshankar/ti/ccs1011/ccs/tools/compiler/gcc-arm-none-eabi-9-2019-q4-major/bin/../lib/gcc/arm-none-eabi/9.2.1/../../../../arm-none-eabi/lib/thumb/v7e-m+fp/hard/libg.a(lib_a-lseekr.o)
 .text._lseek_r
                0x00000000000033c4       0x2c /home/jshankar/ti/ccs1011/ccs/tools/compiler/gcc-arm-none-eabi-9-2019-q4-major/bin/../lib/gcc/arm-none-eabi/9.2.1/../../../../arm-none-eabi/lib/thumb/v7e-m+fp/hard/libg.a(lib_a-lseekr.o)
                0x00000000000033c4                _lseek_r
 .text          0x00000000000033f0        0x0 /home/jshankar/ti/ccs1011/ccs/tools/compiler/gcc-arm-none-eabi-9-2019-q4-major/bin/../lib/gcc/arm-none-eabi/9.2.1/../../../../arm-none-eabi/lib/thumb/v7e-m+fp/hard/libg.a(lib_a-makebuf.o)
 .text.__swhatbuf_r
                0x00000000000033f0       0x5c /home/jshankar/ti/ccs1011/ccs/tools/compiler/gcc-arm-none-eabi-9-2019-q4-major/bin/../lib/gcc/arm-none-eabi/9.2.1/../../../../arm-none-eabi/lib/thumb/v7e-m+fp/hard/libg.a(lib_a-makebuf.o)
                0x00000000000033f0                __swhatbuf_r
 .text.__smakebuf_r
                0x000000000000344c       0x98 /home/jshankar/ti/ccs1011/ccs/tools/compiler/gcc-arm-none-eabi-9-2019-q4-major/bin/../lib/gcc/arm-none-eabi/9.2.1/../../../../arm-none-eabi/lib/thumb/v7e-m+fp/hard/libg.a(lib_a-makebuf.o)
                0x000000000000344c                __smakebuf_r
 .text          0x00000000000034e4        0x0 /home/jshankar/ti/ccs1011/ccs/tools/compiler/gcc-arm-none-eabi-9-2019-q4-major/bin/../lib/gcc/arm-none-eabi/9.2.1/../../../../arm-none-eabi/lib/thumb/v7e-m+fp/hard/libg.a(lib_a-readr.o)
 .text._read_r  0x00000000000034e4       0x2c /home/jshankar/ti/ccs1011/ccs/tools/compiler/gcc-arm-none-eabi-9-2019-q4-major/bin/../lib/gcc/arm-none-eabi/9.2.1/../../../../arm-none-eabi/lib/thumb/v7e-m+fp/hard/libg.a(lib_a-readr.o)
                0x00000000000034e4                _read_r
 .text          0x0000000000003510        0x0 /home/jshankar/ti/ccs1011/ccs/tools/compiler/gcc-arm-none-eabi-9-2019-q4-major/bin/../lib/gcc/arm-none-eabi/9.2.1/../../../../arm-none-eabi/lib/thumb/v7e-m+fp/hard/libg.a(lib_a-reent.o)
 .text.cleanup_glue
                0x0000000000003510       0x1c /home/jshankar/ti/ccs1011/ccs/tools/compiler/gcc-arm-none-eabi-9-2019-q4-major/bin/../lib/gcc/arm-none-eabi/9.2.1/../../../../arm-none-eabi/lib/thumb/v7e-m+fp/hard/libg.a(lib_a-reent.o)
                0x0000000000003510                cleanup_glue
 .text._reclaim_reent
                0x000000000000352c       0x84 /home/jshankar/ti/ccs1011/ccs/tools/compiler/gcc-arm-none-eabi-9-2019-q4-major/bin/../lib/gcc/arm-none-eabi/9.2.1/../../../../arm-none-eabi/lib/thumb/v7e-m+fp/hard/libg.a(lib_a-reent.o)
                0x000000000000352c                _reclaim_reent
 .text          0x00000000000035b0        0x0 /home/jshankar/ti/ccs1011/ccs/tools/compiler/gcc-arm-none-eabi-9-2019-q4-major/bin/../lib/gcc/arm-none-eabi/9.2.1/../../../../arm-none-eabi/lib/thumb/v7e-m+fp/hard/libg.a(lib_a-fstatr.o)
 .text._fstat_r
                0x00000000000035b0       0x2c /home/jshankar/ti/ccs1011/ccs/tools/compiler/gcc-arm-none-eabi-9-2019-q4-major/bin/../lib/gcc/arm-none-eabi/9.2.1/../../../../arm-none-eabi/lib/thumb/v7e-m+fp/hard/libg.a(lib_a-fstatr.o)
                0x00000000000035b0                _fstat_r
 .text          0x00000000000035dc        0x0 /home/jshankar/ti/ccs1011/ccs/tools/compiler/gcc-arm-none-eabi-9-2019-q4-major/bin/../lib/gcc/arm-none-eabi/9.2.1/../../../../arm-none-eabi/lib/thumb/v7e-m+fp/hard/libg.a(lib_a-isattyr.o)
 .text._isatty_r
                0x00000000000035dc       0x24 /home/jshankar/ti/ccs1011/ccs/tools/compiler/gcc-arm-none-eabi-9-2019-q4-major/bin/../lib/gcc/arm-none-eabi/9.2.1/../../../../arm-none-eabi/lib/thumb/v7e-m+fp/hard/libg.a(lib_a-isattyr.o)
                0x00000000000035dc                _isatty_r
 .text          0x0000000000003600        0x0 /home/jshankar/ti/ccs1011/ccs/tools/compiler/gcc-arm-none-eabi-9-2019-q4-major/bin/../lib/gcc/arm-none-eabi/9.2.1/../../../../arm-none-eabi/lib/thumb/v7e-m+fp/hard/libnosys.a(_exit.o)
 .text._exit    0x0000000000003600        0x4 /home/jshankar/ti/ccs1011/ccs/tools/compiler/gcc-arm-none-eabi-9-2019-q4-major/bin/../lib/gcc/arm-none-eabi/9.2.1/../../../../arm-none-eabi/lib/thumb/v7e-m+fp/hard/libnosys.a(_exit.o)
                0x0000000000003600                _exit
 .text          0x0000000000003604        0x0 /home/jshankar/ti/ccs1011/ccs/tools/compiler/gcc-arm-none-eabi-9-2019-q4-major/bin/../lib/gcc/arm-none-eabi/9.2.1/thumb/v7e-m+fp/hard/crtend.o
 .text          0x0000000000003604        0x0 /home/jshankar/ti/ccs1011/ccs/tools/compiler/gcc-arm-none-eabi-9-2019-q4-major/bin/../lib/gcc/arm-none-eabi/9.2.1/thumb/v7e-m+fp/hard/crtn.o
                0x0000000000003604                . = ALIGN (0x4)
 *(.rodata*)
 .rodata.main_thread_func.str1.1
                0x0000000000003604       0x16 ./main.o
 *fill*         0x000000000000361a        0x2 
 .rodata._global_impure_ptr
                0x000000000000361c        0x4 /home/jshankar/ti/ccs1011/ccs/tools/compiler/gcc-arm-none-eabi-9-2019-q4-major/bin/../lib/gcc/arm-none-eabi/9.2.1/../../../../arm-none-eabi/lib/thumb/v7e-m+fp/hard/libg.a(lib_a-impure.o)
                0x000000000000361c                _global_impure_ptr
 .rodata._puts_r.str1.4
                0x0000000000003620        0x2 /home/jshankar/ti/ccs1011/ccs/tools/compiler/gcc-arm-none-eabi-9-2019-q4-major/bin/../lib/gcc/arm-none-eabi/9.2.1/../../../../arm-none-eabi/lib/thumb/v7e-m+fp/hard/libg.a(lib_a-puts.o)
                0x0000000000003624                . = ALIGN (0x4)
 *fill*         0x0000000000003622        0x2 

.glue_7         0x0000000000003624        0x0
 .glue_7        0x0000000000003624        0x0 linker stubs

.glue_7t        0x0000000000003624        0x0
 .glue_7t       0x0000000000003624        0x0 linker stubs

.vfp11_veneer   0x0000000000003624        0x0
 .vfp11_veneer  0x0000000000003624        0x0 linker stubs

.v4_bx          0x0000000000003624        0x0
 .v4_bx         0x0000000000003624        0x0 linker stubs

.init           0x0000000000003624        0xc
 .init          0x0000000000003624        0x4 /home/jshankar/ti/ccs1011/ccs/tools/compiler/gcc-arm-none-eabi-9-2019-q4-major/bin/../lib/gcc/arm-none-eabi/9.2.1/thumb/v7e-m+fp/hard/crti.o
                0x0000000000003624                _init
 .init          0x0000000000003628        0x8 /home/jshankar/ti/ccs1011/ccs/tools/compiler/gcc-arm-none-eabi-9-2019-q4-major/bin/../lib/gcc/arm-none-eabi/9.2.1/thumb/v7e-m+fp/hard/crtn.o

.fini           0x0000000000003630        0xc
 .fini          0x0000000000003630        0x4 /home/jshankar/ti/ccs1011/ccs/tools/compiler/gcc-arm-none-eabi-9-2019-q4-major/bin/../lib/gcc/arm-none-eabi/9.2.1/thumb/v7e-m+fp/hard/crti.o
                0x0000000000003630                _fini
 .fini          0x0000000000003634        0x8 /home/jshankar/ti/ccs1011/ccs/tools/compiler/gcc-arm-none-eabi-9-2019-q4-major/bin/../lib/gcc/arm-none-eabi/9.2.1/thumb/v7e-m+fp/hard/crtn.o

.iplt           0x000000000000363c        0x0
 .iplt          0x000000000000363c        0x0 /home/jshankar/ti/ccs1011/ccs/tools/compiler/gcc-arm-none-eabi-9-2019-q4-major/bin/../lib/gcc/arm-none-eabi/9.2.1/thumb/v7e-m+fp/hard/crtbegin.o

.preinit_array  0x000000000000363c        0x0
                0x000000000000363c                . = ALIGN (0x4)
                0x000000000000363c                __preinit_array_start = .
 *(.preinit_array)
                0x000000000000363c                __preinit_array_end = .

.init_array     0x000000000000363c        0x8
                0x000000000000363c                . = ALIGN (0x4)
                0x000000000000363c                __init_array_start = .
 *(SORT_BY_NAME(.init_array.*))
 .init_array.00000
                0x000000000000363c        0x4 /home/jshankar/ti/ccs1011/ccs/tools/compiler/gcc-arm-none-eabi-9-2019-q4-major/bin/../lib/gcc/arm-none-eabi/9.2.1/../../../../arm-none-eabi/lib/thumb/v7e-m+fp/hard/libg.a(lib_a-__call_atexit.o)
 *(.init_array)
 .init_array    0x0000000000003640        0x4 /home/jshankar/ti/ccs1011/ccs/tools/compiler/gcc-arm-none-eabi-9-2019-q4-major/bin/../lib/gcc/arm-none-eabi/9.2.1/thumb/v7e-m+fp/hard/crtbegin.o
                0x0000000000003644                __init_array_end = .

.fini_array     0x0000000000003644        0x4
                0x0000000000003644                . = ALIGN (0x4)
                0x0000000000003644                __fini_array_start = .
 *(.fini_array)
 .fini_array    0x0000000000003644        0x4 /home/jshankar/ti/ccs1011/ccs/tools/compiler/gcc-arm-none-eabi-9-2019-q4-major/bin/../lib/gcc/arm-none-eabi/9.2.1/thumb/v7e-m+fp/hard/crtbegin.o
 *(SORT_BY_NAME(.fini_array.*))
                0x0000000000003648                __fini_array_end = .

.ARM.extab      0x0000000000003648        0x0
 *(.ARM.extab*)
 .ARM.extab     0x0000000000003648        0x0 /home/jshankar/ti/ccs1011/ccs/tools/compiler/gcc-arm-none-eabi-9-2019-q4-major/bin/../lib/gcc/arm-none-eabi/9.2.1/../../../../arm-none-eabi/lib/thumb/v7e-m+fp/hard/crt0.o

.eh_frame       0x0000000000003648        0x4
 .eh_frame      0x0000000000003648        0x0 /home/jshankar/ti/ccs1011/ccs/tools/compiler/gcc-arm-none-eabi-9-2019-q4-major/bin/../lib/gcc/arm-none-eabi/9.2.1/thumb/v7e-m+fp/hard/crtbegin.o
 .eh_frame      0x0000000000003648        0x4 /home/jshankar/ti/ccs1011/ccs/tools/compiler/gcc-arm-none-eabi-9-2019-q4-major/bin/../lib/gcc/arm-none-eabi/9.2.1/thumb/v7e-m+fp/hard/crtend.o

.ARM.exidx      0x000000000000364c        0x8
                0x000000000000364c                __exidx_start = .
 *(.ARM.exidx*)
 .ARM.exidx     0x000000000000364c        0x8 /home/jshankar/ti/ccs1011/ccs/tools/compiler/gcc-arm-none-eabi-9-2019-q4-major/bin/../lib/gcc/arm-none-eabi/9.2.1/../../../../arm-none-eabi/lib/thumb/v7e-m+fp/hard/crt0.o
                0x0000000000003654                __exidx_end = .

.rel.dyn        0x0000000000003654        0x0
 .rel.iplt      0x0000000000003654        0x0 /home/jshankar/ti/ccs1011/ccs/tools/compiler/gcc-arm-none-eabi-9-2019-q4-major/bin/../lib/gcc/arm-none-eabi/9.2.1/thumb/v7e-m+fp/hard/crtbegin.o
                0x0000000000003654                . = ALIGN (0x4)
                0x0000000000003654                _etext = .

.data           0x0000000020000000      0x844 load address 0x0000000000003654
                0x0000000020000000                _data = .
 *(.data*)
 .data          0x0000000020000000        0x0 /home/jshankar/ti/ccs1011/ccs/tools/compiler/gcc-arm-none-eabi-9-2019-q4-major/bin/../lib/gcc/arm-none-eabi/9.2.1/thumb/v7e-m+fp/hard/crti.o
 .data          0x0000000020000000        0x4 /home/jshankar/ti/ccs1011/ccs/tools/compiler/gcc-arm-none-eabi-9-2019-q4-major/bin/../lib/gcc/arm-none-eabi/9.2.1/thumb/v7e-m+fp/hard/crtbegin.o
                0x0000000020000000                __dso_handle
 .data          0x0000000020000004        0x0 /home/jshankar/ti/ccs1011/ccs/tools/compiler/gcc-arm-none-eabi-9-2019-q4-major/bin/../lib/gcc/arm-none-eabi/9.2.1/../../../../arm-none-eabi/lib/thumb/v7e-m+fp/hard/crt0.o
 .data          0x0000000020000004        0x0 ./main.o
 .data          0x0000000020000004        0x0 ./boards/ek-tm4c123gxl/board_setup.o
 .data          0x0000000020000004        0x0 ./boards/ek-tm4c123gxl/gpio.o
 .data          0x0000000020000004        0x0 ./boards/ek-tm4c123gxl/pll.o
 .data          0x0000000020000004        0x0 ./boards/ek-tm4c123gxl/systick.o
 .data          0x0000000020000004        0x0 ./boards/ek-tm4c123gxl/uart0.o
 .data          0x0000000020000004        0x0 ./kernel/atomkernel.o
 .data          0x0000000020000004        0x0 ./kernel/atommutex.o
 .data          0x0000000020000004        0x0 ./kernel/atomqueue.o
 .data          0x0000000020000004        0x0 ./kernel/atomsem.o
 .data          0x0000000020000004        0x0 ./kernel/atomtimer.o
 .data          0x0000000020000004        0x0 ./ports/cortex-m/atomport-asm.o
 .data          0x0000000020000004        0x0 ./ports/cortex-m/atomport.o
 .data          0x0000000020000004        0x0 ./ports/cortex-m/common/stubs.o
 .data          0x0000000020000004        0x0 ./ports/cortex-m/common/tivac_con.o
 .data          0x0000000020000004        0x0 ./ports/cortex-m/common/vector.o
 .data          0x0000000020000004        0x0 /home/jshankar/ti/ccs1011/ccs/tools/compiler/gcc-arm-none-eabi-9-2019-q4-major/bin/../lib/gcc/arm-none-eabi/9.2.1/../../../../arm-none-eabi/lib/thumb/v7e-m+fp/hard/libg.a(lib_a-errno.o)
 .data          0x0000000020000004        0x0 /home/jshankar/ti/ccs1011/ccs/tools/compiler/gcc-arm-none-eabi-9-2019-q4-major/bin/../lib/gcc/arm-none-eabi/9.2.1/../../../../arm-none-eabi/lib/thumb/v7e-m+fp/hard/libg.a(lib_a-exit.o)
 .data          0x0000000020000004        0x0 /home/jshankar/ti/ccs1011/ccs/tools/compiler/gcc-arm-none-eabi-9-2019-q4-major/bin/../lib/gcc/arm-none-eabi/9.2.1/../../../../arm-none-eabi/lib/thumb/v7e-m+fp/hard/libg.a(lib_a-impure.o)
 .data._impure_ptr
                0x0000000020000004        0x4 /home/jshankar/ti/ccs1011/ccs/tools/compiler/gcc-arm-none-eabi-9-2019-q4-major/bin/../lib/gcc/arm-none-eabi/9.2.1/../../../../arm-none-eabi/lib/thumb/v7e-m+fp/hard/libg.a(lib_a-impure.o)
                0x0000000020000004                _impure_ptr
 .data.impure_data
                0x0000000020000008      0x428 /home/jshankar/ti/ccs1011/ccs/tools/compiler/gcc-arm-none-eabi-9-2019-q4-major/bin/../lib/gcc/arm-none-eabi/9.2.1/../../../../arm-none-eabi/lib/thumb/v7e-m+fp/hard/libg.a(lib_a-impure.o)
 .data          0x0000000020000430        0x0 /home/jshankar/ti/ccs1011/ccs/tools/compiler/gcc-arm-none-eabi-9-2019-q4-major/bin/../lib/gcc/arm-none-eabi/9.2.1/../../../../arm-none-eabi/lib/thumb/v7e-m+fp/hard/libg.a(lib_a-init.o)
 .data          0x0000000020000430        0x0 /home/jshankar/ti/ccs1011/ccs/tools/compiler/gcc-arm-none-eabi-9-2019-q4-major/bin/../lib/gcc/arm-none-eabi/9.2.1/../../../../arm-none-eabi/lib/thumb/v7e-m+fp/hard/libg.a(lib_a-memcpy.o)
 .data          0x0000000020000430        0x0 /home/jshankar/ti/ccs1011/ccs/tools/compiler/gcc-arm-none-eabi-9-2019-q4-major/bin/../lib/gcc/arm-none-eabi/9.2.1/../../../../arm-none-eabi/lib/thumb/v7e-m+fp/hard/libg.a(lib_a-memset.o)
 .data          0x0000000020000430        0x0 /home/jshankar/ti/ccs1011/ccs/tools/compiler/gcc-arm-none-eabi-9-2019-q4-major/bin/../lib/gcc/arm-none-eabi/9.2.1/../../../../arm-none-eabi/lib/thumb/v7e-m+fp/hard/libg.a(lib_a-puts.o)
 .data          0x0000000020000430        0x0 /home/jshankar/ti/ccs1011/ccs/tools/compiler/gcc-arm-none-eabi-9-2019-q4-major/bin/../lib/gcc/arm-none-eabi/9.2.1/../../../../arm-none-eabi/lib/thumb/v7e-m+fp/hard/libg.a(lib_a-strlen.o)
 .data          0x0000000020000430        0x0 /home/jshankar/ti/ccs1011/ccs/tools/compiler/gcc-arm-none-eabi-9-2019-q4-major/bin/../lib/gcc/arm-none-eabi/9.2.1/../../../../arm-none-eabi/lib/thumb/v7e-m+fp/hard/libg.a(lib_a-__call_atexit.o)
 .data.__atexit_recursive_mutex
                0x0000000020000430        0x4 /home/jshankar/ti/ccs1011/ccs/tools/compiler/gcc-arm-none-eabi-9-2019-q4-major/bin/../lib/gcc/arm-none-eabi/9.2.1/../../../../arm-none-eabi/lib/thumb/v7e-m+fp/hard/libg.a(lib_a-__call_atexit.o)
                0x0000000020000430                __atexit_recursive_mutex
 .data          0x0000000020000434        0x0 /home/jshankar/ti/ccs1011/ccs/tools/compiler/gcc-arm-none-eabi-9-2019-q4-major/bin/../lib/gcc/arm-none-eabi/9.2.1/../../../../arm-none-eabi/lib/thumb/v7e-m+fp/hard/libg.a(lib_a-atexit.o)
 .data          0x0000000020000434        0x0 /home/jshankar/ti/ccs1011/ccs/tools/compiler/gcc-arm-none-eabi-9-2019-q4-major/bin/../lib/gcc/arm-none-eabi/9.2.1/../../../../arm-none-eabi/lib/thumb/v7e-m+fp/hard/libg.a(lib_a-findfp.o)
 .data          0x0000000020000434        0x0 /home/jshankar/ti/ccs1011/ccs/tools/compiler/gcc-arm-none-eabi-9-2019-q4-major/bin/../lib/gcc/arm-none-eabi/9.2.1/../../../../arm-none-eabi/lib/thumb/v7e-m+fp/hard/libg.a(lib_a-fini.o)
 .data          0x0000000020000434        0x0 /home/jshankar/ti/ccs1011/ccs/tools/compiler/gcc-arm-none-eabi-9-2019-q4-major/bin/../lib/gcc/arm-none-eabi/9.2.1/../../../../arm-none-eabi/lib/thumb/v7e-m+fp/hard/libg.a(lib_a-fvwrite.o)
 .data          0x0000000020000434        0x0 /home/jshankar/ti/ccs1011/ccs/tools/compiler/gcc-arm-none-eabi-9-2019-q4-major/bin/../lib/gcc/arm-none-eabi/9.2.1/../../../../arm-none-eabi/lib/thumb/v7e-m+fp/hard/libg.a(lib_a-fwalk.o)
 .data          0x0000000020000434        0x0 /home/jshankar/ti/ccs1011/ccs/tools/compiler/gcc-arm-none-eabi-9-2019-q4-major/bin/../lib/gcc/arm-none-eabi/9.2.1/../../../../arm-none-eabi/lib/thumb/v7e-m+fp/hard/libg.a(lib_a-lock.o)
 .data          0x0000000020000434        0x0 /home/jshankar/ti/ccs1011/ccs/tools/compiler/gcc-arm-none-eabi-9-2019-q4-major/bin/../lib/gcc/arm-none-eabi/9.2.1/../../../../arm-none-eabi/lib/thumb/v7e-m+fp/hard/libg.a(lib_a-mallocr.o)
 .data.__malloc_av_
                0x0000000020000434      0x408 /home/jshankar/ti/ccs1011/ccs/tools/compiler/gcc-arm-none-eabi-9-2019-q4-major/bin/../lib/gcc/arm-none-eabi/9.2.1/../../../../arm-none-eabi/lib/thumb/v7e-m+fp/hard/libg.a(lib_a-mallocr.o)
                0x0000000020000434                __malloc_av_
 .data.__malloc_sbrk_base
                0x000000002000083c        0x4 /home/jshankar/ti/ccs1011/ccs/tools/compiler/gcc-arm-none-eabi-9-2019-q4-major/bin/../lib/gcc/arm-none-eabi/9.2.1/../../../../arm-none-eabi/lib/thumb/v7e-m+fp/hard/libg.a(lib_a-mallocr.o)
                0x000000002000083c                __malloc_sbrk_base
 .data.__malloc_trim_threshold
                0x0000000020000840        0x4 /home/jshankar/ti/ccs1011/ccs/tools/compiler/gcc-arm-none-eabi-9-2019-q4-major/bin/../lib/gcc/arm-none-eabi/9.2.1/../../../../arm-none-eabi/lib/thumb/v7e-m+fp/hard/libg.a(lib_a-mallocr.o)
                0x0000000020000840                __malloc_trim_threshold
 .data          0x0000000020000844        0x0 /home/jshankar/ti/ccs1011/ccs/tools/compiler/gcc-arm-none-eabi-9-2019-q4-major/bin/../lib/gcc/arm-none-eabi/9.2.1/../../../../arm-none-eabi/lib/thumb/v7e-m+fp/hard/libg.a(lib_a-memchr.o)
 .data          0x0000000020000844        0x0 /home/jshankar/ti/ccs1011/ccs/tools/compiler/gcc-arm-none-eabi-9-2019-q4-major/bin/../lib/gcc/arm-none-eabi/9.2.1/../../../../arm-none-eabi/lib/thumb/v7e-m+fp/hard/libg.a(lib_a-memmove.o)
 .data          0x0000000020000844        0x0 /home/jshankar/ti/ccs1011/ccs/tools/compiler/gcc-arm-none-eabi-9-2019-q4-major/bin/../lib/gcc/arm-none-eabi/9.2.1/../../../../arm-none-eabi/lib/thumb/v7e-m+fp/hard/libg.a(lib_a-mlock.o)
 .data          0x0000000020000844        0x0 /home/jshankar/ti/ccs1011/ccs/tools/compiler/gcc-arm-none-eabi-9-2019-q4-major/bin/../lib/gcc/arm-none-eabi/9.2.1/../../../../arm-none-eabi/lib/thumb/v7e-m+fp/hard/libg.a(lib_a-reallocr.o)
 .data          0x0000000020000844        0x0 /home/jshankar/ti/ccs1011/ccs/tools/compiler/gcc-arm-none-eabi-9-2019-q4-major/bin/../lib/gcc/arm-none-eabi/9.2.1/../../../../arm-none-eabi/lib/thumb/v7e-m+fp/hard/libg.a(lib_a-sbrkr.o)
 .data          0x0000000020000844        0x0 /home/jshankar/ti/ccs1011/ccs/tools/compiler/gcc-arm-none-eabi-9-2019-q4-major/bin/../lib/gcc/arm-none-eabi/9.2.1/../../../../arm-none-eabi/lib/thumb/v7e-m+fp/hard/libg.a(lib_a-stdio.o)
 .data          0x0000000020000844        0x0 /home/jshankar/ti/ccs1011/ccs/tools/compiler/gcc-arm-none-eabi-9-2019-q4-major/bin/../lib/gcc/arm-none-eabi/9.2.1/../../../../arm-none-eabi/lib/thumb/v7e-m+fp/hard/libg.a(lib_a-writer.o)
 .data          0x0000000020000844        0x0 /home/jshankar/ti/ccs1011/ccs/tools/compiler/gcc-arm-none-eabi-9-2019-q4-major/bin/../lib/gcc/arm-none-eabi/9.2.1/../../../../arm-none-eabi/lib/thumb/v7e-m+fp/hard/libg.a(lib_a-wsetup.o)
 .data          0x0000000020000844        0x0 /home/jshankar/ti/ccs1011/ccs/tools/compiler/gcc-arm-none-eabi-9-2019-q4-major/bin/../lib/gcc/arm-none-eabi/9.2.1/../../../../arm-none-eabi/lib/thumb/v7e-m+fp/hard/libg.a(lib_a-__atexit.o)
 .data          0x0000000020000844        0x0 /home/jshankar/ti/ccs1011/ccs/tools/compiler/gcc-arm-none-eabi-9-2019-q4-major/bin/../lib/gcc/arm-none-eabi/9.2.1/../../../../arm-none-eabi/lib/thumb/v7e-m+fp/hard/libg.a(lib_a-closer.o)
 .data          0x0000000020000844        0x0 /home/jshankar/ti/ccs1011/ccs/tools/compiler/gcc-arm-none-eabi-9-2019-q4-major/bin/../lib/gcc/arm-none-eabi/9.2.1/../../../../arm-none-eabi/lib/thumb/v7e-m+fp/hard/libg.a(lib_a-fclose.o)
 .data          0x0000000020000844        0x0 /home/jshankar/ti/ccs1011/ccs/tools/compiler/gcc-arm-none-eabi-9-2019-q4-major/bin/../lib/gcc/arm-none-eabi/9.2.1/../../../../arm-none-eabi/lib/thumb/v7e-m+fp/hard/libg.a(lib_a-fflush.o)
 .data          0x0000000020000844        0x0 /home/jshankar/ti/ccs1011/ccs/tools/compiler/gcc-arm-none-eabi-9-2019-q4-major/bin/../lib/gcc/arm-none-eabi/9.2.1/../../../../arm-none-eabi/lib/thumb/v7e-m+fp/hard/libg.a(lib_a-freer.o)
 .data          0x0000000020000844        0x0 /home/jshankar/ti/ccs1011/ccs/tools/compiler/gcc-arm-none-eabi-9-2019-q4-major/bin/../lib/gcc/arm-none-eabi/9.2.1/../../../../arm-none-eabi/lib/thumb/v7e-m+fp/hard/libg.a(lib_a-lseekr.o)
 .data          0x0000000020000844        0x0 /home/jshankar/ti/ccs1011/ccs/tools/compiler/gcc-arm-none-eabi-9-2019-q4-major/bin/../lib/gcc/arm-none-eabi/9.2.1/../../../../arm-none-eabi/lib/thumb/v7e-m+fp/hard/libg.a(lib_a-makebuf.o)
 .data          0x0000000020000844        0x0 /home/jshankar/ti/ccs1011/ccs/tools/compiler/gcc-arm-none-eabi-9-2019-q4-major/bin/../lib/gcc/arm-none-eabi/9.2.1/../../../../arm-none-eabi/lib/thumb/v7e-m+fp/hard/libg.a(lib_a-readr.o)
 .data          0x0000000020000844        0x0 /home/jshankar/ti/ccs1011/ccs/tools/compiler/gcc-arm-none-eabi-9-2019-q4-major/bin/../lib/gcc/arm-none-eabi/9.2.1/../../../../arm-none-eabi/lib/thumb/v7e-m+fp/hard/libg.a(lib_a-reent.o)
 .data          0x0000000020000844        0x0 /home/jshankar/ti/ccs1011/ccs/tools/compiler/gcc-arm-none-eabi-9-2019-q4-major/bin/../lib/gcc/arm-none-eabi/9.2.1/../../../../arm-none-eabi/lib/thumb/v7e-m+fp/hard/libg.a(lib_a-fstatr.o)
 .data          0x0000000020000844        0x0 /home/jshankar/ti/ccs1011/ccs/tools/compiler/gcc-arm-none-eabi-9-2019-q4-major/bin/../lib/gcc/arm-none-eabi/9.2.1/../../../../arm-none-eabi/lib/thumb/v7e-m+fp/hard/libg.a(lib_a-isattyr.o)
 .data          0x0000000020000844        0x0 /home/jshankar/ti/ccs1011/ccs/tools/compiler/gcc-arm-none-eabi-9-2019-q4-major/bin/../lib/gcc/arm-none-eabi/9.2.1/../../../../arm-none-eabi/lib/thumb/v7e-m+fp/hard/libnosys.a(_exit.o)
 .data          0x0000000020000844        0x0 /home/jshankar/ti/ccs1011/ccs/tools/compiler/gcc-arm-none-eabi-9-2019-q4-major/bin/../lib/gcc/arm-none-eabi/9.2.1/thumb/v7e-m+fp/hard/crtend.o
 .data          0x0000000020000844        0x0 /home/jshankar/ti/ccs1011/ccs/tools/compiler/gcc-arm-none-eabi-9-2019-q4-major/bin/../lib/gcc/arm-none-eabi/9.2.1/thumb/v7e-m+fp/hard/crtn.o
                0x0000000020000844                . = ALIGN (0x4)
                0x0000000020000844                _edata = .
                0x0000000000003654                _data_loadaddr = LOADADDR (.data)

.igot.plt       0x0000000020000844        0x0 load address 0x0000000000003e98
 .igot.plt      0x0000000020000844        0x0 /home/jshankar/ti/ccs1011/ccs/tools/compiler/gcc-arm-none-eabi-9-2019-q4-major/bin/../lib/gcc/arm-none-eabi/9.2.1/thumb/v7e-m+fp/hard/crtbegin.o

.bss            0x0000000020000848      0xf58 load address 0x0000000000003e98
                0x0000000020000848                __bss_start__ = .
 *(.bss*)
 .bss           0x0000000020000848        0x0 /home/jshankar/ti/ccs1011/ccs/tools/compiler/gcc-arm-none-eabi-9-2019-q4-major/bin/../lib/gcc/arm-none-eabi/9.2.1/thumb/v7e-m+fp/hard/crti.o
 .bss           0x0000000020000848       0x1c /home/jshankar/ti/ccs1011/ccs/tools/compiler/gcc-arm-none-eabi-9-2019-q4-major/bin/../lib/gcc/arm-none-eabi/9.2.1/thumb/v7e-m+fp/hard/crtbegin.o
 .bss           0x0000000020000864        0x0 /home/jshankar/ti/ccs1011/ccs/tools/compiler/gcc-arm-none-eabi-9-2019-q4-major/bin/../lib/gcc/arm-none-eabi/9.2.1/../../../../arm-none-eabi/lib/thumb/v7e-m+fp/hard/crt0.o
 .bss           0x0000000020000864        0x0 ./main.o
 .bss.idle_thread_stack
                0x0000000020000864      0x200 ./main.o
 *fill*         0x0000000020000a64        0x4 
 .bss.main_tcb  0x0000000020000a68      0x458 ./main.o
 .bss.main_thread_stack
                0x0000000020000ec0      0x400 ./main.o
 .bss           0x00000000200012c0        0x0 ./boards/ek-tm4c123gxl/board_setup.o
 .bss           0x00000000200012c0        0x0 ./boards/ek-tm4c123gxl/gpio.o
 .bss           0x00000000200012c0        0x0 ./boards/ek-tm4c123gxl/pll.o
 .bss           0x00000000200012c0        0x0 ./boards/ek-tm4c123gxl/systick.o
 .bss           0x00000000200012c0        0x0 ./boards/ek-tm4c123gxl/uart0.o
 .bss           0x00000000200012c0        0x0 ./kernel/atomkernel.o
 .bss.atomIntCnt
                0x00000000200012c0        0x4 ./kernel/atomkernel.o
 .bss.atomOSStarted
                0x00000000200012c4        0x1 ./kernel/atomkernel.o
                0x00000000200012c4                atomOSStarted
 *fill*         0x00000000200012c5        0x3 
 .bss.curr_tcb  0x00000000200012c8        0x4 ./kernel/atomkernel.o
 *fill*         0x00000000200012cc        0x4 
 .bss.idle_tcb  0x00000000200012d0      0x458 ./kernel/atomkernel.o
 .bss.tcbReadyQ
                0x0000000020001728        0x4 ./kernel/atomkernel.o
                0x0000000020001728                tcbReadyQ
 .bss           0x000000002000172c        0x0 ./kernel/atommutex.o
 .bss           0x000000002000172c        0x0 ./kernel/atomqueue.o
 .bss           0x000000002000172c        0x0 ./kernel/atomsem.o
 .bss           0x000000002000172c        0x0 ./kernel/atomtimer.o
 .bss.system_ticks
                0x000000002000172c        0x4 ./kernel/atomtimer.o
 .bss.timer_queue
                0x0000000020001730        0x4 ./kernel/atomtimer.o
 .bss           0x0000000020001734        0x0 ./ports/cortex-m/atomport-asm.o
 .bss           0x0000000020001734        0x0 ./ports/cortex-m/atomport.o
 .bss.CTX_SW_NFO
                0x0000000020001734        0xc ./ports/cortex-m/atomport.o
                0x0000000020001734                CTX_SW_NFO
 .bss           0x0000000020001740        0x0 ./ports/cortex-m/common/stubs.o
 .bss.heap_end  0x0000000020001740        0x4 ./ports/cortex-m/common/stubs.o
 .bss           0x0000000020001744        0x0 ./ports/cortex-m/common/tivac_con.o
 .bss           0x0000000020001744        0x0 ./ports/cortex-m/common/vector.o
 .bss           0x0000000020001744        0x0 /home/jshankar/ti/ccs1011/ccs/tools/compiler/gcc-arm-none-eabi-9-2019-q4-major/bin/../lib/gcc/arm-none-eabi/9.2.1/../../../../arm-none-eabi/lib/thumb/v7e-m+fp/hard/libg.a(lib_a-errno.o)
 .bss           0x0000000020001744        0x0 /home/jshankar/ti/ccs1011/ccs/tools/compiler/gcc-arm-none-eabi-9-2019-q4-major/bin/../lib/gcc/arm-none-eabi/9.2.1/../../../../arm-none-eabi/lib/thumb/v7e-m+fp/hard/libg.a(lib_a-exit.o)
 .bss           0x0000000020001744        0x0 /home/jshankar/ti/ccs1011/ccs/tools/compiler/gcc-arm-none-eabi-9-2019-q4-major/bin/../lib/gcc/arm-none-eabi/9.2.1/../../../../arm-none-eabi/lib/thumb/v7e-m+fp/hard/libg.a(lib_a-impure.o)
 .bss           0x0000000020001744        0x0 /home/jshankar/ti/ccs1011/ccs/tools/compiler/gcc-arm-none-eabi-9-2019-q4-major/bin/../lib/gcc/arm-none-eabi/9.2.1/../../../../arm-none-eabi/lib/thumb/v7e-m+fp/hard/libg.a(lib_a-init.o)
 .bss           0x0000000020001744        0x0 /home/jshankar/ti/ccs1011/ccs/tools/compiler/gcc-arm-none-eabi-9-2019-q4-major/bin/../lib/gcc/arm-none-eabi/9.2.1/../../../../arm-none-eabi/lib/thumb/v7e-m+fp/hard/libg.a(lib_a-memcpy.o)
 .bss           0x0000000020001744        0x0 /home/jshankar/ti/ccs1011/ccs/tools/compiler/gcc-arm-none-eabi-9-2019-q4-major/bin/../lib/gcc/arm-none-eabi/9.2.1/../../../../arm-none-eabi/lib/thumb/v7e-m+fp/hard/libg.a(lib_a-memset.o)
 .bss           0x0000000020001744        0x0 /home/jshankar/ti/ccs1011/ccs/tools/compiler/gcc-arm-none-eabi-9-2019-q4-major/bin/../lib/gcc/arm-none-eabi/9.2.1/../../../../arm-none-eabi/lib/thumb/v7e-m+fp/hard/libg.a(lib_a-puts.o)
 .bss           0x0000000020001744        0x0 /home/jshankar/ti/ccs1011/ccs/tools/compiler/gcc-arm-none-eabi-9-2019-q4-major/bin/../lib/gcc/arm-none-eabi/9.2.1/../../../../arm-none-eabi/lib/thumb/v7e-m+fp/hard/libg.a(lib_a-strlen.o)
 .bss           0x0000000020001744        0x0 /home/jshankar/ti/ccs1011/ccs/tools/compiler/gcc-arm-none-eabi-9-2019-q4-major/bin/../lib/gcc/arm-none-eabi/9.2.1/../../../../arm-none-eabi/lib/thumb/v7e-m+fp/hard/libg.a(lib_a-__call_atexit.o)
 .bss           0x0000000020001744        0x0 /home/jshankar/ti/ccs1011/ccs/tools/compiler/gcc-arm-none-eabi-9-2019-q4-major/bin/../lib/gcc/arm-none-eabi/9.2.1/../../../../arm-none-eabi/lib/thumb/v7e-m+fp/hard/libg.a(lib_a-atexit.o)
 .bss           0x0000000020001744        0x0 /home/jshankar/ti/ccs1011/ccs/tools/compiler/gcc-arm-none-eabi-9-2019-q4-major/bin/../lib/gcc/arm-none-eabi/9.2.1/../../../../arm-none-eabi/lib/thumb/v7e-m+fp/hard/libg.a(lib_a-findfp.o)
 .bss           0x0000000020001744        0x0 /home/jshankar/ti/ccs1011/ccs/tools/compiler/gcc-arm-none-eabi-9-2019-q4-major/bin/../lib/gcc/arm-none-eabi/9.2.1/../../../../arm-none-eabi/lib/thumb/v7e-m+fp/hard/libg.a(lib_a-fini.o)
 .bss           0x0000000020001744        0x0 /home/jshankar/ti/ccs1011/ccs/tools/compiler/gcc-arm-none-eabi-9-2019-q4-major/bin/../lib/gcc/arm-none-eabi/9.2.1/../../../../arm-none-eabi/lib/thumb/v7e-m+fp/hard/libg.a(lib_a-fvwrite.o)
 .bss           0x0000000020001744        0x0 /home/jshankar/ti/ccs1011/ccs/tools/compiler/gcc-arm-none-eabi-9-2019-q4-major/bin/../lib/gcc/arm-none-eabi/9.2.1/../../../../arm-none-eabi/lib/thumb/v7e-m+fp/hard/libg.a(lib_a-fwalk.o)
 .bss           0x0000000020001744        0x0 /home/jshankar/ti/ccs1011/ccs/tools/compiler/gcc-arm-none-eabi-9-2019-q4-major/bin/../lib/gcc/arm-none-eabi/9.2.1/../../../../arm-none-eabi/lib/thumb/v7e-m+fp/hard/libg.a(lib_a-lock.o)
 .bss           0x0000000020001744        0x0 /home/jshankar/ti/ccs1011/ccs/tools/compiler/gcc-arm-none-eabi-9-2019-q4-major/bin/../lib/gcc/arm-none-eabi/9.2.1/../../../../arm-none-eabi/lib/thumb/v7e-m+fp/hard/libg.a(lib_a-mallocr.o)
 .bss.__malloc_current_mallinfo
                0x0000000020001744       0x28 /home/jshankar/ti/ccs1011/ccs/tools/compiler/gcc-arm-none-eabi-9-2019-q4-major/bin/../lib/gcc/arm-none-eabi/9.2.1/../../../../arm-none-eabi/lib/thumb/v7e-m+fp/hard/libg.a(lib_a-mallocr.o)
                0x0000000020001744                __malloc_current_mallinfo
 .bss.__malloc_max_sbrked_mem
                0x000000002000176c        0x4 /home/jshankar/ti/ccs1011/ccs/tools/compiler/gcc-arm-none-eabi-9-2019-q4-major/bin/../lib/gcc/arm-none-eabi/9.2.1/../../../../arm-none-eabi/lib/thumb/v7e-m+fp/hard/libg.a(lib_a-mallocr.o)
                0x000000002000176c                __malloc_max_sbrked_mem
 .bss.__malloc_max_total_mem
                0x0000000020001770        0x4 /home/jshankar/ti/ccs1011/ccs/tools/compiler/gcc-arm-none-eabi-9-2019-q4-major/bin/../lib/gcc/arm-none-eabi/9.2.1/../../../../arm-none-eabi/lib/thumb/v7e-m+fp/hard/libg.a(lib_a-mallocr.o)
                0x0000000020001770                __malloc_max_total_mem
 .bss.__malloc_top_pad
                0x0000000020001774        0x4 /home/jshankar/ti/ccs1011/ccs/tools/compiler/gcc-arm-none-eabi-9-2019-q4-major/bin/../lib/gcc/arm-none-eabi/9.2.1/../../../../arm-none-eabi/lib/thumb/v7e-m+fp/hard/libg.a(lib_a-mallocr.o)
                0x0000000020001774                __malloc_top_pad
 .bss           0x0000000020001778        0x0 /home/jshankar/ti/ccs1011/ccs/tools/compiler/gcc-arm-none-eabi-9-2019-q4-major/bin/../lib/gcc/arm-none-eabi/9.2.1/../../../../arm-none-eabi/lib/thumb/v7e-m+fp/hard/libg.a(lib_a-memchr.o)
 .bss           0x0000000020001778        0x0 /home/jshankar/ti/ccs1011/ccs/tools/compiler/gcc-arm-none-eabi-9-2019-q4-major/bin/../lib/gcc/arm-none-eabi/9.2.1/../../../../arm-none-eabi/lib/thumb/v7e-m+fp/hard/libg.a(lib_a-memmove.o)
 .bss           0x0000000020001778        0x0 /home/jshankar/ti/ccs1011/ccs/tools/compiler/gcc-arm-none-eabi-9-2019-q4-major/bin/../lib/gcc/arm-none-eabi/9.2.1/../../../../arm-none-eabi/lib/thumb/v7e-m+fp/hard/libg.a(lib_a-mlock.o)
 .bss           0x0000000020001778        0x0 /home/jshankar/ti/ccs1011/ccs/tools/compiler/gcc-arm-none-eabi-9-2019-q4-major/bin/../lib/gcc/arm-none-eabi/9.2.1/../../../../arm-none-eabi/lib/thumb/v7e-m+fp/hard/libg.a(lib_a-reallocr.o)
 .bss           0x0000000020001778        0x0 /home/jshankar/ti/ccs1011/ccs/tools/compiler/gcc-arm-none-eabi-9-2019-q4-major/bin/../lib/gcc/arm-none-eabi/9.2.1/../../../../arm-none-eabi/lib/thumb/v7e-m+fp/hard/libg.a(lib_a-sbrkr.o)
 .bss           0x0000000020001778        0x0 /home/jshankar/ti/ccs1011/ccs/tools/compiler/gcc-arm-none-eabi-9-2019-q4-major/bin/../lib/gcc/arm-none-eabi/9.2.1/../../../../arm-none-eabi/lib/thumb/v7e-m+fp/hard/libg.a(lib_a-stdio.o)
 .bss           0x0000000020001778        0x0 /home/jshankar/ti/ccs1011/ccs/tools/compiler/gcc-arm-none-eabi-9-2019-q4-major/bin/../lib/gcc/arm-none-eabi/9.2.1/../../../../arm-none-eabi/lib/thumb/v7e-m+fp/hard/libg.a(lib_a-writer.o)
 .bss           0x0000000020001778        0x0 /home/jshankar/ti/ccs1011/ccs/tools/compiler/gcc-arm-none-eabi-9-2019-q4-major/bin/../lib/gcc/arm-none-eabi/9.2.1/../../../../arm-none-eabi/lib/thumb/v7e-m+fp/hard/libg.a(lib_a-wsetup.o)
 .bss           0x0000000020001778        0x0 /home/jshankar/ti/ccs1011/ccs/tools/compiler/gcc-arm-none-eabi-9-2019-q4-major/bin/../lib/gcc/arm-none-eabi/9.2.1/../../../../arm-none-eabi/lib/thumb/v7e-m+fp/hard/libg.a(lib_a-__atexit.o)
 .bss           0x0000000020001778        0x0 /home/jshankar/ti/ccs1011/ccs/tools/compiler/gcc-arm-none-eabi-9-2019-q4-major/bin/../lib/gcc/arm-none-eabi/9.2.1/../../../../arm-none-eabi/lib/thumb/v7e-m+fp/hard/libg.a(lib_a-closer.o)
 .bss           0x0000000020001778        0x0 /home/jshankar/ti/ccs1011/ccs/tools/compiler/gcc-arm-none-eabi-9-2019-q4-major/bin/../lib/gcc/arm-none-eabi/9.2.1/../../../../arm-none-eabi/lib/thumb/v7e-m+fp/hard/libg.a(lib_a-fclose.o)
 .bss           0x0000000020001778        0x0 /home/jshankar/ti/ccs1011/ccs/tools/compiler/gcc-arm-none-eabi-9-2019-q4-major/bin/../lib/gcc/arm-none-eabi/9.2.1/../../../../arm-none-eabi/lib/thumb/v7e-m+fp/hard/libg.a(lib_a-fflush.o)
 .bss           0x0000000020001778        0x0 /home/jshankar/ti/ccs1011/ccs/tools/compiler/gcc-arm-none-eabi-9-2019-q4-major/bin/../lib/gcc/arm-none-eabi/9.2.1/../../../../arm-none-eabi/lib/thumb/v7e-m+fp/hard/libg.a(lib_a-freer.o)
 .bss           0x0000000020001778        0x0 /home/jshankar/ti/ccs1011/ccs/tools/compiler/gcc-arm-none-eabi-9-2019-q4-major/bin/../lib/gcc/arm-none-eabi/9.2.1/../../../../arm-none-eabi/lib/thumb/v7e-m+fp/hard/libg.a(lib_a-lseekr.o)
 .bss           0x0000000020001778        0x0 /home/jshankar/ti/ccs1011/ccs/tools/compiler/gcc-arm-none-eabi-9-2019-q4-major/bin/../lib/gcc/arm-none-eabi/9.2.1/../../../../arm-none-eabi/lib/thumb/v7e-m+fp/hard/libg.a(lib_a-makebuf.o)
 .bss           0x0000000020001778        0x0 /home/jshankar/ti/ccs1011/ccs/tools/compiler/gcc-arm-none-eabi-9-2019-q4-major/bin/../lib/gcc/arm-none-eabi/9.2.1/../../../../arm-none-eabi/lib/thumb/v7e-m+fp/hard/libg.a(lib_a-readr.o)
 .bss           0x0000000020001778        0x0 /home/jshankar/ti/ccs1011/ccs/tools/compiler/gcc-arm-none-eabi-9-2019-q4-major/bin/../lib/gcc/arm-none-eabi/9.2.1/../../../../arm-none-eabi/lib/thumb/v7e-m+fp/hard/libg.a(lib_a-reent.o)
 .bss           0x0000000020001778        0x0 /home/jshankar/ti/ccs1011/ccs/tools/compiler/gcc-arm-none-eabi-9-2019-q4-major/bin/../lib/gcc/arm-none-eabi/9.2.1/../../../../arm-none-eabi/lib/thumb/v7e-m+fp/hard/libg.a(lib_a-fstatr.o)
 .bss           0x0000000020001778        0x0 /home/jshankar/ti/ccs1011/ccs/tools/compiler/gcc-arm-none-eabi-9-2019-q4-major/bin/../lib/gcc/arm-none-eabi/9.2.1/../../../../arm-none-eabi/lib/thumb/v7e-m+fp/hard/libg.a(lib_a-isattyr.o)
 .bss           0x0000000020001778        0x0 /home/jshankar/ti/ccs1011/ccs/tools/compiler/gcc-arm-none-eabi-9-2019-q4-major/bin/../lib/gcc/arm-none-eabi/9.2.1/../../../../arm-none-eabi/lib/thumb/v7e-m+fp/hard/libnosys.a(_exit.o)
 .bss           0x0000000020001778        0x0 /home/jshankar/ti/ccs1011/ccs/tools/compiler/gcc-arm-none-eabi-9-2019-q4-major/bin/../lib/gcc/arm-none-eabi/9.2.1/thumb/v7e-m+fp/hard/crtend.o
 .bss           0x0000000020001778        0x0 /home/jshankar/ti/ccs1011/ccs/tools/compiler/gcc-arm-none-eabi-9-2019-q4-major/bin/../lib/gcc/arm-none-eabi/9.2.1/thumb/v7e-m+fp/hard/crtn.o
 *(COMMON)
 COMMON         0x0000000020001778       0x21 /home/jshankar/ti/ccs1011/ccs/tools/compiler/gcc-arm-none-eabi-9-2019-q4-major/bin/../lib/gcc/arm-none-eabi/9.2.1/../../../../arm-none-eabi/lib/thumb/v7e-m+fp/hard/libg.a(lib_a-lock.o)
                0x0000000020001778                __lock___atexit_recursive_mutex
                0x000000002000177c                __lock___arc4random_mutex
                0x0000000020001780                __lock___env_recursive_mutex
                0x0000000020001784                __lock___sinit_recursive_mutex
                0x0000000020001788                __lock___malloc_recursive_mutex
                0x000000002000178c                __lock___at_quick_exit_mutex
                0x0000000020001790                __lock___dd_hash_mutex
                0x0000000020001794                __lock___tz_mutex
                0x0000000020001798                __lock___sfp_recursive_mutex
 *fill*         0x0000000020001799        0x3 
 COMMON         0x000000002000179c        0x4 /home/jshankar/ti/ccs1011/ccs/tools/compiler/gcc-arm-none-eabi-9-2019-q4-major/bin/../lib/gcc/arm-none-eabi/9.2.1/../../../../arm-none-eabi/lib/thumb/v7e-m+fp/hard/libg.a(lib_a-reent.o)
                0x000000002000179c                errno
                0x00000000200017a0                . = ALIGN (0x4)
                0x00000000200017a0                _ebss = .
                0x00000000200017a0                __bss_end__ = .
                0x00000000200017a0                . = ALIGN (0x4)
                0x00000000200017a0                end = .
                0x0000000020008000                PROVIDE (_stack = (ORIGIN (ram) + LENGTH (ram)))
START GROUP
LOAD /home/jshankar/ti/ccs1011/ccs/tools/compiler/gcc-arm-none-eabi-9-2019-q4-major/bin/../lib/gcc/arm-none-eabi/9.2.1/thumb/v7e-m+fp/hard/libgcc.a
LOAD /home/jshankar/ti/ccs1011/ccs/tools/compiler/gcc-arm-none-eabi-9-2019-q4-major/bin/../lib/gcc/arm-none-eabi/9.2.1/../../../../arm-none-eabi/lib/thumb/v7e-m+fp/hard/libg.a
LOAD /home/jshankar/ti/ccs1011/ccs/tools/compiler/gcc-arm-none-eabi-9-2019-q4-major/bin/../lib/gcc/arm-none-eabi/9.2.1/../../../../arm-none-eabi/lib/thumb/v7e-m+fp/hard/libc.a
END GROUP
START GROUP
LOAD /home/jshankar/ti/ccs1011/ccs/tools/compiler/gcc-arm-none-eabi-9-2019-q4-major/bin/../lib/gcc/arm-none-eabi/9.2.1/thumb/v7e-m+fp/hard/libgcc.a
LOAD /home/jshankar/ti/ccs1011/ccs/tools/compiler/gcc-arm-none-eabi-9-2019-q4-major/bin/../lib/gcc/arm-none-eabi/9.2.1/../../../../arm-none-eabi/lib/thumb/v7e-m+fp/hard/libc.a
LOAD /home/jshankar/ti/ccs1011/ccs/tools/compiler/gcc-arm-none-eabi-9-2019-q4-major/bin/../lib/gcc/arm-none-eabi/9.2.1/../../../../arm-none-eabi/lib/thumb/v7e-m+fp/hard/libnosys.a
END GROUP
LOAD /home/jshankar/ti/ccs1011/ccs/tools/compiler/gcc-arm-none-eabi-9-2019-q4-major/bin/../lib/gcc/arm-none-eabi/9.2.1/thumb/v7e-m+fp/hard/crtend.o
LOAD /home/jshankar/ti/ccs1011/ccs/tools/compiler/gcc-arm-none-eabi-9-2019-q4-major/bin/../lib/gcc/arm-none-eabi/9.2.1/thumb/v7e-m+fp/hard/crtn.o
OUTPUT(atomthreads_on_tivac_template.out elf32-littlearm)

.ARM.attributes
                0x0000000000000000       0x30
 .ARM.attributes
                0x0000000000000000       0x1e /home/jshankar/ti/ccs1011/ccs/tools/compiler/gcc-arm-none-eabi-9-2019-q4-major/bin/../lib/gcc/arm-none-eabi/9.2.1/thumb/v7e-m+fp/hard/crti.o
 .ARM.attributes
                0x000000000000001e       0x34 /home/jshankar/ti/ccs1011/ccs/tools/compiler/gcc-arm-none-eabi-9-2019-q4-major/bin/../lib/gcc/arm-none-eabi/9.2.1/thumb/v7e-m+fp/hard/crtbegin.o
 .ARM.attributes
                0x0000000000000052       0x1c /home/jshankar/ti/ccs1011/ccs/tools/compiler/gcc-arm-none-eabi-9-2019-q4-major/bin/../lib/gcc/arm-none-eabi/9.2.1/../../../../arm-none-eabi/lib/thumb/v7e-m+fp/hard/crt0.o
 .ARM.attributes
                0x000000000000006e       0x34 ./main.o
 .ARM.attributes
                0x00000000000000a2       0x34 ./boards/ek-tm4c123gxl/board_setup.o
 .ARM.attributes
                0x00000000000000d6       0x34 ./boards/ek-tm4c123gxl/gpio.o
 .ARM.attributes
                0x000000000000010a       0x34 ./boards/ek-tm4c123gxl/pll.o
 .ARM.attributes
                0x000000000000013e       0x34 ./boards/ek-tm4c123gxl/systick.o
 .ARM.attributes
                0x0000000000000172       0x34 ./boards/ek-tm4c123gxl/uart0.o
 .ARM.attributes
                0x00000000000001a6       0x34 ./kernel/atomkernel.o
 .ARM.attributes
                0x00000000000001da       0x34 ./kernel/atommutex.o
 .ARM.attributes
                0x000000000000020e       0x34 ./kernel/atomqueue.o
 .ARM.attributes
                0x0000000000000242       0x34 ./kernel/atomsem.o
 .ARM.attributes
                0x0000000000000276       0x34 ./kernel/atomtimer.o
 .ARM.attributes
                0x00000000000002aa       0x20 ./ports/cortex-m/atomport-asm.o
 .ARM.attributes
                0x00000000000002ca       0x34 ./ports/cortex-m/atomport.o
 .ARM.attributes
                0x00000000000002fe       0x34 ./ports/cortex-m/common/stubs.o
 .ARM.attributes
                0x0000000000000332       0x34 ./ports/cortex-m/common/tivac_con.o
 .ARM.attributes
                0x0000000000000366       0x34 ./ports/cortex-m/common/vector.o
 .ARM.attributes
                0x000000000000039a       0x34 /home/jshankar/ti/ccs1011/ccs/tools/compiler/gcc-arm-none-eabi-9-2019-q4-major/bin/../lib/gcc/arm-none-eabi/9.2.1/../../../../arm-none-eabi/lib/thumb/v7e-m+fp/hard/libg.a(lib_a-errno.o)
 .ARM.attributes
                0x00000000000003ce       0x34 /home/jshankar/ti/ccs1011/ccs/tools/compiler/gcc-arm-none-eabi-9-2019-q4-major/bin/../lib/gcc/arm-none-eabi/9.2.1/../../../../arm-none-eabi/lib/thumb/v7e-m+fp/hard/libg.a(lib_a-exit.o)
 .ARM.attributes
                0x0000000000000402       0x32 /home/jshankar/ti/ccs1011/ccs/tools/compiler/gcc-arm-none-eabi-9-2019-q4-major/bin/../lib/gcc/arm-none-eabi/9.2.1/../../../../arm-none-eabi/lib/thumb/v7e-m+fp/hard/libg.a(lib_a-impure.o)
 .ARM.attributes
                0x0000000000000434       0x34 /home/jshankar/ti/ccs1011/ccs/tools/compiler/gcc-arm-none-eabi-9-2019-q4-major/bin/../lib/gcc/arm-none-eabi/9.2.1/../../../../arm-none-eabi/lib/thumb/v7e-m+fp/hard/libg.a(lib_a-init.o)
 .ARM.attributes
                0x0000000000000468       0x1c /home/jshankar/ti/ccs1011/ccs/tools/compiler/gcc-arm-none-eabi-9-2019-q4-major/bin/../lib/gcc/arm-none-eabi/9.2.1/../../../../arm-none-eabi/lib/thumb/v7e-m+fp/hard/libg.a(lib_a-memcpy.o)
 .ARM.attributes
                0x0000000000000484       0x34 /home/jshankar/ti/ccs1011/ccs/tools/compiler/gcc-arm-none-eabi-9-2019-q4-major/bin/../lib/gcc/arm-none-eabi/9.2.1/../../../../arm-none-eabi/lib/thumb/v7e-m+fp/hard/libg.a(lib_a-memset.o)
 .ARM.attributes
                0x00000000000004b8       0x34 /home/jshankar/ti/ccs1011/ccs/tools/compiler/gcc-arm-none-eabi-9-2019-q4-major/bin/../lib/gcc/arm-none-eabi/9.2.1/../../../../arm-none-eabi/lib/thumb/v7e-m+fp/hard/libg.a(lib_a-puts.o)
 .ARM.attributes
                0x00000000000004ec       0x1c /home/jshankar/ti/ccs1011/ccs/tools/compiler/gcc-arm-none-eabi-9-2019-q4-major/bin/../lib/gcc/arm-none-eabi/9.2.1/../../../../arm-none-eabi/lib/thumb/v7e-m+fp/hard/libg.a(lib_a-strlen.o)
 .ARM.attributes
                0x0000000000000508       0x34 /home/jshankar/ti/ccs1011/ccs/tools/compiler/gcc-arm-none-eabi-9-2019-q4-major/bin/../lib/gcc/arm-none-eabi/9.2.1/../../../../arm-none-eabi/lib/thumb/v7e-m+fp/hard/libg.a(lib_a-__call_atexit.o)
 .ARM.attributes
                0x000000000000053c       0x34 /home/jshankar/ti/ccs1011/ccs/tools/compiler/gcc-arm-none-eabi-9-2019-q4-major/bin/../lib/gcc/arm-none-eabi/9.2.1/../../../../arm-none-eabi/lib/thumb/v7e-m+fp/hard/libg.a(lib_a-atexit.o)
 .ARM.attributes
                0x0000000000000570       0x34 /home/jshankar/ti/ccs1011/ccs/tools/compiler/gcc-arm-none-eabi-9-2019-q4-major/bin/../lib/gcc/arm-none-eabi/9.2.1/../../../../arm-none-eabi/lib/thumb/v7e-m+fp/hard/libg.a(lib_a-findfp.o)
 .ARM.attributes
                0x00000000000005a4       0x34 /home/jshankar/ti/ccs1011/ccs/tools/compiler/gcc-arm-none-eabi-9-2019-q4-major/bin/../lib/gcc/arm-none-eabi/9.2.1/../../../../arm-none-eabi/lib/thumb/v7e-m+fp/hard/libg.a(lib_a-fini.o)
 .ARM.attributes
                0x00000000000005d8       0x34 /home/jshankar/ti/ccs1011/ccs/tools/compiler/gcc-arm-none-eabi-9-2019-q4-major/bin/../lib/gcc/arm-none-eabi/9.2.1/../../../../arm-none-eabi/lib/thumb/v7e-m+fp/hard/libg.a(lib_a-fvwrite.o)
 .ARM.attributes
                0x000000000000060c       0x34 /home/jshankar/ti/ccs1011/ccs/tools/compiler/gcc-arm-none-eabi-9-2019-q4-major/bin/../lib/gcc/arm-none-eabi/9.2.1/../../../../arm-none-eabi/lib/thumb/v7e-m+fp/hard/libg.a(lib_a-fwalk.o)
 .ARM.attributes
                0x0000000000000640       0x34 /home/jshankar/ti/ccs1011/ccs/tools/compiler/gcc-arm-none-eabi-9-2019-q4-major/bin/../lib/gcc/arm-none-eabi/9.2.1/../../../../arm-none-eabi/lib/thumb/v7e-m+fp/hard/libg.a(lib_a-lock.o)
 .ARM.attributes
                0x0000000000000674       0x34 /home/jshankar/ti/ccs1011/ccs/tools/compiler/gcc-arm-none-eabi-9-2019-q4-major/bin/../lib/gcc/arm-none-eabi/9.2.1/../../../../arm-none-eabi/lib/thumb/v7e-m+fp/hard/libg.a(lib_a-mallocr.o)
 .ARM.attributes
                0x00000000000006a8       0x1c /home/jshankar/ti/ccs1011/ccs/tools/compiler/gcc-arm-none-eabi-9-2019-q4-major/bin/../lib/gcc/arm-none-eabi/9.2.1/../../../../arm-none-eabi/lib/thumb/v7e-m+fp/hard/libg.a(lib_a-memchr.o)
 .ARM.attributes
                0x00000000000006c4       0x34 /home/jshankar/ti/ccs1011/ccs/tools/compiler/gcc-arm-none-eabi-9-2019-q4-major/bin/../lib/gcc/arm-none-eabi/9.2.1/../../../../arm-none-eabi/lib/thumb/v7e-m+fp/hard/libg.a(lib_a-memmove.o)
 .ARM.attributes
                0x00000000000006f8       0x34 /home/jshankar/ti/ccs1011/ccs/tools/compiler/gcc-arm-none-eabi-9-2019-q4-major/bin/../lib/gcc/arm-none-eabi/9.2.1/../../../../arm-none-eabi/lib/thumb/v7e-m+fp/hard/libg.a(lib_a-mlock.o)
 .ARM.attributes
                0x000000000000072c       0x34 /home/jshankar/ti/ccs1011/ccs/tools/compiler/gcc-arm-none-eabi-9-2019-q4-major/bin/../lib/gcc/arm-none-eabi/9.2.1/../../../../arm-none-eabi/lib/thumb/v7e-m+fp/hard/libg.a(lib_a-reallocr.o)
 .ARM.attributes
                0x0000000000000760       0x34 /home/jshankar/ti/ccs1011/ccs/tools/compiler/gcc-arm-none-eabi-9-2019-q4-major/bin/../lib/gcc/arm-none-eabi/9.2.1/../../../../arm-none-eabi/lib/thumb/v7e-m+fp/hard/libg.a(lib_a-sbrkr.o)
 .ARM.attributes
                0x0000000000000794       0x34 /home/jshankar/ti/ccs1011/ccs/tools/compiler/gcc-arm-none-eabi-9-2019-q4-major/bin/../lib/gcc/arm-none-eabi/9.2.1/../../../../arm-none-eabi/lib/thumb/v7e-m+fp/hard/libg.a(lib_a-stdio.o)
 .ARM.attributes
                0x00000000000007c8       0x34 /home/jshankar/ti/ccs1011/ccs/tools/compiler/gcc-arm-none-eabi-9-2019-q4-major/bin/../lib/gcc/arm-none-eabi/9.2.1/../../../../arm-none-eabi/lib/thumb/v7e-m+fp/hard/libg.a(lib_a-writer.o)
 .ARM.attributes
                0x00000000000007fc       0x34 /home/jshankar/ti/ccs1011/ccs/tools/compiler/gcc-arm-none-eabi-9-2019-q4-major/bin/../lib/gcc/arm-none-eabi/9.2.1/../../../../arm-none-eabi/lib/thumb/v7e-m+fp/hard/libg.a(lib_a-wsetup.o)
 .ARM.attributes
                0x0000000000000830       0x34 /home/jshankar/ti/ccs1011/ccs/tools/compiler/gcc-arm-none-eabi-9-2019-q4-major/bin/../lib/gcc/arm-none-eabi/9.2.1/../../../../arm-none-eabi/lib/thumb/v7e-m+fp/hard/libg.a(lib_a-__atexit.o)
 .ARM.attributes
                0x0000000000000864       0x34 /home/jshankar/ti/ccs1011/ccs/tools/compiler/gcc-arm-none-eabi-9-2019-q4-major/bin/../lib/gcc/arm-none-eabi/9.2.1/../../../../arm-none-eabi/lib/thumb/v7e-m+fp/hard/libg.a(lib_a-closer.o)
 .ARM.attributes
                0x0000000000000898       0x34 /home/jshankar/ti/ccs1011/ccs/tools/compiler/gcc-arm-none-eabi-9-2019-q4-major/bin/../lib/gcc/arm-none-eabi/9.2.1/../../../../arm-none-eabi/lib/thumb/v7e-m+fp/hard/libg.a(lib_a-fclose.o)
 .ARM.attributes
                0x00000000000008cc       0x34 /home/jshankar/ti/ccs1011/ccs/tools/compiler/gcc-arm-none-eabi-9-2019-q4-major/bin/../lib/gcc/arm-none-eabi/9.2.1/../../../../arm-none-eabi/lib/thumb/v7e-m+fp/hard/libg.a(lib_a-fflush.o)
 .ARM.attributes