Archive member included to satisfy reference by file (symbol)

/home/saish/Desktop/ccs1011/ccs/tools/compiler/gcc-arm-none-eabi-7-2017-q4-major/bin/../lib/gcc/arm-none-eabi/7.2.1/../../../../arm-none-eabi/lib/thumb/v7e-m/fpv4-sp/hard/libc.a(lib_a-errno.o)
                              ./ports/cortex-m/common/tivac_con.o (__errno)
/home/saish/Desktop/ccs1011/ccs/tools/compiler/gcc-arm-none-eabi-7-2017-q4-major/bin/../lib/gcc/arm-none-eabi/7.2.1/../../../../arm-none-eabi/lib/thumb/v7e-m/fpv4-sp/hard/libc.a(lib_a-exit.o)
                              /home/saish/Desktop/ccs1011/ccs/tools/compiler/gcc-arm-none-eabi-7-2017-q4-major/bin/../lib/gcc/arm-none-eabi/7.2.1/../../../../arm-none-eabi/lib/thumb/v7e-m/fpv4-sp/hard/crt0.o (exit)
/home/saish/Desktop/ccs1011/ccs/tools/compiler/gcc-arm-none-eabi-7-2017-q4-major/bin/../lib/gcc/arm-none-eabi/7.2.1/../../../../arm-none-eabi/lib/thumb/v7e-m/fpv4-sp/hard/libc.a(lib_a-impure.o)
                              /home/saish/Desktop/ccs1011/ccs/tools/compiler/gcc-arm-none-eabi-7-2017-q4-major/bin/../lib/gcc/arm-none-eabi/7.2.1/../../../../arm-none-eabi/lib/thumb/v7e-m/fpv4-sp/hard/libc.a(lib_a-exit.o) (_global_impure_ptr)
/home/saish/Desktop/ccs1011/ccs/tools/compiler/gcc-arm-none-eabi-7-2017-q4-major/bin/../lib/gcc/arm-none-eabi/7.2.1/../../../../arm-none-eabi/lib/thumb/v7e-m/fpv4-sp/hard/libc.a(lib_a-init.o)
                              /home/saish/Desktop/ccs1011/ccs/tools/compiler/gcc-arm-none-eabi-7-2017-q4-major/bin/../lib/gcc/arm-none-eabi/7.2.1/../../../../arm-none-eabi/lib/thumb/v7e-m/fpv4-sp/hard/crt0.o (__libc_init_array)
/home/saish/Desktop/ccs1011/ccs/tools/compiler/gcc-arm-none-eabi-7-2017-q4-major/bin/../lib/gcc/arm-none-eabi/7.2.1/../../../../arm-none-eabi/lib/thumb/v7e-m/fpv4-sp/hard/libc.a(lib_a-memcpy.o)
                              ./kernel/atomqueue.o (memcpy)
/home/saish/Desktop/ccs1011/ccs/tools/compiler/gcc-arm-none-eabi-7-2017-q4-major/bin/../lib/gcc/arm-none-eabi/7.2.1/../../../../arm-none-eabi/lib/thumb/v7e-m/fpv4-sp/hard/libc.a(lib_a-memset.o)
                              /home/saish/Desktop/ccs1011/ccs/tools/compiler/gcc-arm-none-eabi-7-2017-q4-major/bin/../lib/gcc/arm-none-eabi/7.2.1/../../../../arm-none-eabi/lib/thumb/v7e-m/fpv4-sp/hard/crt0.o (memset)
/home/saish/Desktop/ccs1011/ccs/tools/compiler/gcc-arm-none-eabi-7-2017-q4-major/bin/../lib/gcc/arm-none-eabi/7.2.1/../../../../arm-none-eabi/lib/thumb/v7e-m/fpv4-sp/hard/libc.a(lib_a-printf.o)
                              ./main.o (printf)
/home/saish/Desktop/ccs1011/ccs/tools/compiler/gcc-arm-none-eabi-7-2017-q4-major/bin/../lib/gcc/arm-none-eabi/7.2.1/../../../../arm-none-eabi/lib/thumb/v7e-m/fpv4-sp/hard/libc.a(lib_a-vfprintf.o)
                              /home/saish/Desktop/ccs1011/ccs/tools/compiler/gcc-arm-none-eabi-7-2017-q4-major/bin/../lib/gcc/arm-none-eabi/7.2.1/../../../../arm-none-eabi/lib/thumb/v7e-m/fpv4-sp/hard/libc.a(lib_a-printf.o) (_vfprintf_r)
/home/saish/Desktop/ccs1011/ccs/tools/compiler/gcc-arm-none-eabi-7-2017-q4-major/bin/../lib/gcc/arm-none-eabi/7.2.1/../../../../arm-none-eabi/lib/thumb/v7e-m/fpv4-sp/hard/libc.a(lib_a-wsetup.o)
                              /home/saish/Desktop/ccs1011/ccs/tools/compiler/gcc-arm-none-eabi-7-2017-q4-major/bin/../lib/gcc/arm-none-eabi/7.2.1/../../../../arm-none-eabi/lib/thumb/v7e-m/fpv4-sp/hard/libc.a(lib_a-vfprintf.o) (__swsetup_r)
/home/saish/Desktop/ccs1011/ccs/tools/compiler/gcc-arm-none-eabi-7-2017-q4-major/bin/../lib/gcc/arm-none-eabi/7.2.1/../../../../arm-none-eabi/lib/thumb/v7e-m/fpv4-sp/hard/libc.a(lib_a-__call_atexit.o)
                              /home/saish/Desktop/ccs1011/ccs/tools/compiler/gcc-arm-none-eabi-7-2017-q4-major/bin/../lib/gcc/arm-none-eabi/7.2.1/../../../../arm-none-eabi/lib/thumb/v7e-m/fpv4-sp/hard/libc.a(lib_a-exit.o) (__call_exitprocs)
/home/saish/Desktop/ccs1011/ccs/tools/compiler/gcc-arm-none-eabi-7-2017-q4-major/bin/../lib/gcc/arm-none-eabi/7.2.1/../../../../arm-none-eabi/lib/thumb/v7e-m/fpv4-sp/hard/libc.a(lib_a-atexit.o)
                              /home/saish/Desktop/ccs1011/ccs/tools/compiler/gcc-arm-none-eabi-7-2017-q4-major/bin/../lib/gcc/arm-none-eabi/7.2.1/../../../../arm-none-eabi/lib/thumb/v7e-m/fpv4-sp/hard/libc.a(lib_a-__call_atexit.o) (atexit)
/home/saish/Desktop/ccs1011/ccs/tools/compiler/gcc-arm-none-eabi-7-2017-q4-major/bin/../lib/gcc/arm-none-eabi/7.2.1/../../../../arm-none-eabi/lib/thumb/v7e-m/fpv4-sp/hard/libc.a(lib_a-dtoa.o)
                              /home/saish/Desktop/ccs1011/ccs/tools/compiler/gcc-arm-none-eabi-7-2017-q4-major/bin/../lib/gcc/arm-none-eabi/7.2.1/../../../../arm-none-eabi/lib/thumb/v7e-m/fpv4-sp/hard/libc.a(lib_a-vfprintf.o) (_dtoa_r)
/home/saish/Desktop/ccs1011/ccs/tools/compiler/gcc-arm-none-eabi-7-2017-q4-major/bin/../lib/gcc/arm-none-eabi/7.2.1/../../../../arm-none-eabi/lib/thumb/v7e-m/fpv4-sp/hard/libc.a(lib_a-fflush.o)
[...]
Memory Configuration

Name             Origin             Length             Attributes
rom              0x0000000000000000 0x0000000000040000 xr
ram              0x0000000020000000 0x0000000000008000 xrw
*default*        0x0000000000000000 0xffffffffffffffff

Linker script and memory map

LOAD /home/saish/Desktop/ccs1011/ccs/tools/compiler/gcc-arm-none-eabi-7-2017-q4-major/bin/../lib/gcc/arm-none-eabi/7.2.1/thumb/v7e-m/fpv4-sp/hard/crti.o
LOAD /home/saish/Desktop/ccs1011/ccs/tools/compiler/gcc-arm-none-eabi-7-2017-q4-major/bin/../lib/gcc/arm-none-eabi/7.2.1/thumb/v7e-m/fpv4-sp/hard/crtbegin.o
LOAD /home/saish/Desktop/ccs1011/ccs/tools/compiler/gcc-arm-none-eabi-7-2017-q4-major/bin/../lib/gcc/arm-none-eabi/7.2.1/../../../../arm-none-eabi/lib/thumb/v7e-m/fpv4-sp/hard/crt0.o
LOAD ./main.o
LOAD ./boards/ek-tm4c123gxl/board_setup.o
LOAD ./boards/ek-tm4c123gxl/gpio.o
LOAD ./boards/ek-tm4c123gxl/pll.o
LOAD ./boards/ek-tm4c123gxl/systick.o
LOAD ./boards/ek-tm4c123gxl/uart0.o
LOAD ./kernel/atomkernel.o
LOAD ./kernel/atommutex.o
LOAD ./kernel/atomqueue.o
LOAD ./kernel/atomsem.o
LOAD ./kernel/atomtimer.o
LOAD ./ports/cortex-m/atomport-asm.o
LOAD ./ports/cortex-m/atomport.o
LOAD ./ports/cortex-m/common/stubs.o
LOAD ./ports/cortex-m/common/tivac_con.o
LOAD ./ports/cortex-m/common/vector.o

.text           0x0000000000000000     0x89e0
 *(.vectors)
 .vectors       0x0000000000000000      0x26c ./ports/cortex-m/common/vector.o
                0x0000000000000000                vector_table
 *(.text*)
 .text          0x000000000000026c        0x0 /home/saish/Desktop/ccs1011/ccs/tools/compiler/gcc-arm-none-eabi-7-2017-q4-major/bin/../lib/gcc/arm-none-eabi/7.2.1/thumb/v7e-m/fpv4-sp/hard/crti.o
 .text          0x000000000000026c       0x40 /home/saish/Desktop/ccs1011/ccs/tools/compiler/gcc-arm-none-eabi-7-2017-q4-major/bin/../lib/gcc/arm-none-eabi/7.2.1/thumb/v7e-m/fpv4-sp/hard/crtbegin.o
 .text          0x00000000000002ac       0x74 /home/saish/Desktop/ccs1011/ccs/tools/compiler/gcc-arm-none-eabi-7-2017-q4-major/bin/../lib/gcc/arm-none-eabi/7.2.1/../../../../arm-none-eabi/lib/thumb/v7e-m/fpv4-sp/hard/crt0.o
                0x00000000000002ac                _mainCRTStartup
                0x00000000000002ac                _start
 .text          0x0000000000000320        0x0 ./main.o
 .text.task_1_func
                0x0000000000000320       0x5c ./main.o
 .text.main_thread_func
                0x000000000000037c       0x60 ./main.o
 .text.startup.main
                0x00000000000003dc       0x8c ./main.o
                0x00000000000003dc                main
 .text.gpiod_isr
                0x0000000000000468       0x90 ./main.o
                0x0000000000000468                gpiod_isr
 .text.gpiof_isr
                0x00000000000004f8       0x34 ./main.o
                0x00000000000004f8                gpiof_isr
 .text          0x000000000000052c        0x0 ./boards/ek-tm4c123gxl/board_setup.o
 .text.setup_board
                0x000000000000052c       0x3c ./boards/ek-tm4c123gxl/board_setup.o
                0x000000000000052c                setup_board
 .text          0x0000000000000568        0x0 ./boards/ek-tm4c123gxl/gpio.o
 .text.setup_led
                0x0000000000000568      0x134 ./boards/ek-tm4c123gxl/gpio.o
                0x0000000000000568                setup_led
 .text.toggle_led
                0x000000000000069c       0x10 ./boards/ek-tm4c123gxl/gpio.o
                0x000000000000069c                toggle_led
 .text          0x00000000000006ac        0x0 ./boards/ek-tm4c123gxl/pll.o
 .text.Init_PLL
                0x00000000000006ac       0x6c ./boards/ek-tm4c123gxl/pll.o
                0x00000000000006ac                Init_PLL
 .text.setup_clock
                0x0000000000000718        0x6 ./boards/ek-tm4c123gxl/pll.o
                0x0000000000000718                setup_clock
 .text          0x000000000000071e        0x0 ./boards/ek-tm4c123gxl/systick.o
 *fill*         0x000000000000071e        0x2 
 .text.setup_systick
                0x0000000000000720       0x28 ./boards/ek-tm4c123gxl/systick.o
                0x0000000000000720                setup_systick
 .text          0x0000000000000748        0x0 ./boards/ek-tm4c123gxl/uart0.o
 .text.setup_uart0
                0x0000000000000748       0x84 ./boards/ek-tm4c123gxl/uart0.o
                0x0000000000000748                setup_uart0
 .text.uart0_recv_blocking
                0x00000000000007cc       0x18 ./boards/ek-tm4c123gxl/uart0.o
                0x00000000000007cc                uart0_recv_blocking
 .text.uart0_send_blocking
                0x00000000000007e4       0x18 ./boards/ek-tm4c123gxl/uart0.o
                0x00000000000007e4                uart0_send_blocking
 .text          0x00000000000007fc        0x0 ./kernel/atomkernel.o
 .text.atomIdleThread
                0x00000000000007fc        0x2 ./kernel/atomkernel.o
 .text.atomThreadStackCheck
                0x00000000000007fe       0x32 ./kernel/atomkernel.o
                0x00000000000007fe                atomThreadStackCheck
 .text.atomIntEnter
                0x0000000000000830       0x10 ./kernel/atomkernel.o
                0x0000000000000830                atomIntEnter
 .text.atomCurrentContext
                0x0000000000000840       0x18 ./kernel/atomkernel.o
                0x0000000000000840                atomCurrentContext
 .text.tcbEnqueuePriority
                0x0000000000000858       0x6e ./kernel/atomkernel.o
                0x0000000000000858                tcbEnqueuePriority
 .text.tcbDequeueHead
                0x00000000000008c6       0x24 ./kernel/atomkernel.o
                0x00000000000008c6                tcbDequeueHead
 .text.tcbDequeueEntry
                0x00000000000008ea       0x56 ./kernel/atomkernel.o
                0x00000000000008ea                tcbDequeueEntry
 .text.tcbDequeuePriority
                0x0000000000000940       0x28 ./kernel/atomkernel.o
                0x0000000000000940                tcbDequeuePriority
 .text.atomSched
                0x0000000000000968       0x94 ./kernel/atomkernel.o
                0x0000000000000968                atomSched
 .text.atomThreadCreate
                0x00000000000009fc       0xbc ./kernel/atomkernel.o
                0x00000000000009fc                atomThreadCreate
 .text.atomOSInit
                0x0000000000000ab8       0x38 ./kernel/atomkernel.o
                0x0000000000000ab8                atomOSInit
 .text.atomIntExit
                0x0000000000000af0       0x10 ./kernel/atomkernel.o
                0x0000000000000af0                atomIntExit
 .text.atomOSStart
                0x0000000000000b00       0x2c ./kernel/atomkernel.o
                0x0000000000000b00                atomOSStart
 .text          0x0000000000000b2c        0x0 ./kernel/atommutex.o
 .text.atomMutexTimerCallback
                0x0000000000000b2c       0x40 ./kernel/atommutex.o
 .text.atomMutexCreate
                0x0000000000000b6c       0x12 ./kernel/atommutex.o
                0x0000000000000b6c                atomMutexCreate
 *fill*         0x0000000000000b7e        0x2 
 .text.atomMutexDelete
                0x0000000000000b80       0x98 ./kernel/atommutex.o
                0x0000000000000b80                atomMutexDelete
 .text.atomMutexGet
                0x0000000000000c18       0xec ./kernel/atommutex.o
                0x0000000000000c18                atomMutexGet
 .text.atomMutexPut
                0x0000000000000d04       0xac ./kernel/atommutex.o
                0x0000000000000d04                atomMutexPut
 .text          0x0000000000000db0        0x0 ./kernel/atomqueue.o
 .text.atomQueueTimerCallback
                0x0000000000000db0       0x40 ./kernel/atomqueue.o
 .text.queue_remove.part.1
                0x0000000000000df0       0x74 ./kernel/atomqueue.o
 .text.queue_insert.part.2
                0x0000000000000e64       0x70 ./kernel/atomqueue.o
 .text.atomQueueCreate
                0x0000000000000ed4       0x22 ./kernel/atomqueue.o
                0x0000000000000ed4                atomQueueCreate
 *fill*         0x0000000000000ef6        0x2 
 .text.atomQueueDelete
                0x0000000000000ef8       0xa4 ./kernel/atomqueue.o
                0x0000000000000ef8                atomQueueDelete
 .text.atomQueueGet
                0x0000000000000f9c      0x128 ./kernel/atomqueue.o
                0x0000000000000f9c                atomQueueGet
 .text.atomQueuePut
                0x00000000000010c4      0x118 ./kernel/atomqueue.o
                0x00000000000010c4                atomQueuePut
 .text          0x00000000000011dc        0x0 ./kernel/atomsem.o
 .text.atomSemTimerCallback
                0x00000000000011dc       0x40 ./kernel/atomsem.o
 .text.atomSemCreate
                0x000000000000121c       0x10 ./kernel/atomsem.o
                0x000000000000121c                atomSemCreate
 .text.atomSemDelete
                0x000000000000122c       0x98 ./kernel/atomsem.o
                0x000000000000122c                atomSemDelete
 .text.atomSemGet
                0x00000000000012c4       0xcc ./kernel/atomsem.o
                0x00000000000012c4                atomSemGet
 .text.atomSemPut
                0x0000000000001390       0x8c ./kernel/atomsem.o
                0x0000000000001390                atomSemPut
 .text.atomSemResetCount
                0x000000000000141c        0xc ./kernel/atomsem.o
                0x000000000000141c                atomSemResetCount
 .text          0x0000000000001428        0x0 ./kernel/atomtimer.o
 .text.atomTimerDelayCallback
                0x0000000000001428       0x2c ./kernel/atomtimer.o
 .text.atomTimerRegister
                0x0000000000001454       0x38 ./kernel/atomtimer.o
                0x0000000000001454                atomTimerRegister
 .text.atomTimerCancel
                0x000000000000148c       0x4c ./kernel/atomtimer.o
                0x000000000000148c                atomTimerCancel
 .text.atomTimeGet
                0x00000000000014d8        0xc ./kernel/atomtimer.o
                0x00000000000014d8                atomTimeGet
 .text.atomTimeSet
                0x00000000000014e4        0xc ./kernel/atomtimer.o
                0x00000000000014e4                atomTimeSet
 .text.atomTimerTick
                0x00000000000014f0       0x70 ./kernel/atomtimer.o
                0x00000000000014f0                atomTimerTick
 .text.atomTimerDelay
                0x0000000000001560       0x68 ./kernel/atomtimer.o
                0x0000000000001560                atomTimerDelay
 .text          0x00000000000015c8       0xc4 ./ports/cortex-m/atomport-asm.o
                0x00000000000015c8                _archFirstThreadRestore
                0x000000000000162a                pend_sv_handler
 .text          0x000000000000168c        0x0 ./ports/cortex-m/atomport.o
 .text.thread_shell
                0x000000000000168c       0x16 ./ports/cortex-m/atomport.o
 .text.__dmb    0x00000000000016a2        0x6 ./ports/cortex-m/atomport.o
                0x00000000000016a2                __dmb
 .text.archFirstThreadRestore
                0x00000000000016a8       0x14 ./ports/cortex-m/atomport.o
                0x00000000000016a8                archFirstThreadRestore
 .text.archContextSwitch
                0x00000000000016bc       0x24 ./ports/cortex-m/atomport.o
                0x00000000000016bc                archContextSwitch
 .text.sys_tick_handler
                0x00000000000016e0       0x14 ./ports/cortex-m/atomport.o
                0x00000000000016e0                sys_tick_handler
 .text.nmi_handler
                0x00000000000016f4        0x2 ./ports/cortex-m/atomport.o
                0x00000000000016f4                nmi_handler
 .text.hard_fault_handler
                0x00000000000016f6        0x2 ./ports/cortex-m/atomport.o
                0x00000000000016f6                hard_fault_handler
 .text.archThreadContextInit
                0x00000000000016f8       0xc4 ./ports/cortex-m/atomport.o
                0x00000000000016f8                archThreadContextInit
 .text          0x00000000000017bc        0x0 ./ports/cortex-m/common/stubs.o
 .text._sbrk    0x00000000000017bc       0x4c ./ports/cortex-m/common/stubs.o
                0x00000000000017bc                _sbrk
 .text._close   0x0000000000001808        0x6 ./ports/cortex-m/common/stubs.o
                0x0000000000001808                _close
 .text._fstat   0x000000000000180e        0xa ./ports/cortex-m/common/stubs.o
                0x000000000000180e                _fstat
 .text._isatty  0x0000000000001818        0x4 ./ports/cortex-m/common/stubs.o
                0x0000000000001818                _isatty
 .text._lseek   0x000000000000181c        0x4 ./ports/cortex-m/common/stubs.o
                0x000000000000181c                _lseek
 .text._open    0x0000000000001820        0x6 ./ports/cortex-m/common/stubs.o
                0x0000000000001820                _open
 .text          0x0000000000001826        0x0 ./ports/cortex-m/common/tivac_con.o
 .text._read    0x0000000000001826       0x34 ./ports/cortex-m/common/tivac_con.o
                0x0000000000001826                _read
 .text._write   0x000000000000185a       0x38 ./ports/cortex-m/common/tivac_con.o
                0x000000000000185a                _write
 .text          0x0000000000001892        0x0 ./ports/cortex-m/common/vector.o
 .text.blocking_handler
                0x0000000000001892        0x2 ./ports/cortex-m/common/vector.o
                0x0000000000001892                ssi0_isr
                0x0000000000001892                timer3b_isr
                0x0000000000001892                pwm1_3_isr
                0x0000000000001892                gpiom_isr
                0x0000000000001892                adc1ss1_isr
                0x0000000000001892                uart0_isr
                0x0000000000001892                timer0a_isr
                0x0000000000001892                i2c0_isr
                0x0000000000001892                udmaerr_isr
                0x0000000000001892                udma_isr
                0x0000000000001892                gpiop4_isr
                0x0000000000001892                gpioq2_isr
                0x0000000000001892                gpiog_isr
                0x0000000000001892                blocking_handler
                0x0000000000001892                uart2_isr
                0x0000000000001892                gpioq5_isr
                0x0000000000001892                pwm1_0_isr
                0x0000000000001892                pwm0_0_isr
                0x0000000000001892                timer5b_isr
                0x0000000000001892                watchdog_isr
                0x0000000000001892                i2c1_isr
                0x0000000000001892                i2c2_isr
                0x0000000000001892                gpiop2_isr
                0x0000000000001892                wtimer5a_isr
                0x0000000000001892                usage_fault_handler
                0x0000000000001892                comp2_isr
                0x0000000000001892                pwm0_fault_isr
                0x0000000000001892                wtimer4b_isr
                0x0000000000001892                i2c3_isr
                0x0000000000001892                lpc0_isr
                0x0000000000001892                pwm1_2_isr
                0x0000000000001892                epi0_isr
                0x0000000000001892                pwm0_2_isr
                0x0000000000001892                gpiop1_isr
                0x0000000000001892                eth_isr
                0x0000000000001892                gpioq1_isr
                0x0000000000001892                uart6_isr
                0x0000000000001892                timer2b_isr
                0x0000000000001892                wtimer3b_isr
                0x0000000000001892                fan0_isr
                0x0000000000001892                adc1ss3_isr
                0x0000000000001892                qei0_isr
                0x0000000000001892                wtimer5b_isr
                0x0000000000001892                ssi3_isr
                0x0000000000001892                gpiol_isr
                0x0000000000001892                flash_isr
                0x0000000000001892                uart4_isr
                0x0000000000001892                comp0_isr
                0x0000000000001892                gpioq6_isr
                0x0000000000001892                gpiop0_isr
                0x0000000000001892                gpiop6_isr
                0x0000000000001892                sysctl_isr
                0x0000000000001892                qei1_isr
                0x0000000000001892                timer4b_isr
                0x0000000000001892                gpioa_isr
                0x0000000000001892                usb0_isr
                0x0000000000001892                gpioq0_isr
                0x0000000000001892                uart1_isr
                0x0000000000001892                gpiob_isr
                0x0000000000001892                adc0ss3_isr
                0x0000000000001892                comp1_isr
                0x0000000000001892                gpioe_isr
                0x0000000000001892                wtimer0b_isr
                0x0000000000001892                pwm0_1_isr
                0x0000000000001892                wtimer2a_isr
                0x0000000000001892                wtimer1b_isr
                0x0000000000001892                wtimer2b_isr
                0x0000000000001892                gpioq4_isr
                0x0000000000001892                wtimer0a_isr
                0x0000000000001892                adc0ss1_isr
                0x0000000000001892                uart5_isr
                0x0000000000001892                timer1b_isr
                0x0000000000001892                wtimer3a_isr
                0x0000000000001892                i2c5_isr
                0x0000000000001892                can2_isr
                0x0000000000001892                gpion_isr
                0x0000000000001892                adc0ss2_isr
                0x0000000000001892                gpioj_isr
                0x0000000000001892                gpioh_isr
                0x0000000000001892                gpioq7_isr
                0x0000000000001892                mem_manage_handler
                0x0000000000001892                pwm0_3_isr
                0x0000000000001892                ssi2_isr
                0x0000000000001892                timer5a_isr
                0x0000000000001892                gpiop7_isr
                0x0000000000001892                gpioc_isr
                0x0000000000001892                gpioq3_isr
                0x0000000000001892                uart7_isr
                0x0000000000001892                pwm1_fault_isr
                0x0000000000001892                hibernate_isr
                0x0000000000001892                gpiop5_isr
                0x0000000000001892                i2s0_isr
                0x0000000000001892                adc1ss2_isr
                0x0000000000001892                peci0_isr
                0x0000000000001892                timer3a_isr
                0x0000000000001892                can0_isr
                0x0000000000001892                i2c4_isr
                0x0000000000001892                sysexc_isr
                0x0000000000001892                gpiop3_isr
                0x0000000000001892                timer4a_isr
                0x0000000000001892                can1_isr
                0x0000000000001892                timer1a_isr
                0x0000000000001892                adc0ss0_isr
                0x0000000000001892                ssi1_isr
                0x0000000000001892                wtimer4a_isr
                0x0000000000001892                wtimer1a_isr
                0x0000000000001892                bus_fault_handler
                0x0000000000001892                gpiok_isr
                0x0000000000001892                pwm1_1_isr
                0x0000000000001892                timer2a_isr
                0x0000000000001892                uart3_isr
                0x0000000000001892                adc1ss0_isr
                0x0000000000001892                timer0b_isr
 .text.null_handler
                0x0000000000001894        0x2 ./ports/cortex-m/common/vector.o
                0x0000000000001894                null_handler
                0x0000000000001894                sv_call_handler
                0x0000000000001894                debug_monitor_handler
 *fill*         0x0000000000001896        0x2 
 .text.reset_handler
                0x0000000000001898       0x9c ./ports/cortex-m/common/vector.o
                0x0000000000001898                reset_handler
 .text          0x0000000000001934        0x0 /home/saish/Desktop/ccs1011/ccs/tools/compiler/gcc-arm-none-eabi-7-2017-q4-major/bin/../lib/gcc/arm-none-eabi/7.2.1/../../../../arm-none-eabi/lib/thumb/v7e-m/fpv4-sp/hard/libc.a(lib_a-errno.o)
 .text.__errno  0x0000000000001934        0xc /home/saish/Desktop/ccs1011/ccs/tools/compiler/gcc-arm-none-eabi-7-2017-q4-major/bin/../lib/gcc/arm-none-eabi/7.2.1/../../../../arm-none-eabi/lib/thumb/v7e-m/fpv4-sp/hard/libc.a(lib_a-errno.o)
                0x0000000000001934                __errno
 .text          0x0000000000001940        0x0 /home/saish/Desktop/ccs1011/ccs/tools/compiler/gcc-arm-none-eabi-7-2017-q4-major/bin/../lib/gcc/arm-none-eabi/7.2.1/../../../../arm-none-eabi/lib/thumb/v7e-m/fpv4-sp/hard/libc.a(lib_a-exit.o)
 .text.exit     0x0000000000001940       0x20 /home/saish/Desktop/ccs1011/ccs/tools/compiler/gcc-arm-none-eabi-7-2017-q4-major/bin/../lib/gcc/arm-none-eabi/7.2.1/../../../../arm-none-eabi/lib/thumb/v7e-m/fpv4-sp/hard/libc.a(lib_a-exit.o)
                0x0000000000001940                exit
 .text          0x0000000000001960        0x0 /home/saish/Desktop/ccs1011/ccs/tools/compiler/gcc-arm-none-eabi-7-2017-q4-major/bin/../lib/gcc/arm-none-eabi/7.2.1/../../../../arm-none-eabi/lib/thumb/v7e-m/fpv4-sp/hard/libc.a(lib_a-impure.o)
 .text          0x0000000000001960        0x0 /home/saish/Desktop/ccs1011/ccs/tools/compiler/gcc-arm-none-eabi-7-2017-q4-major/bin/../lib/gcc/arm-none-eabi/7.2.1/../../../../arm-none-eabi/lib/thumb/v7e-m/fpv4-sp/hard/libc.a(lib_a-init.o)
 .text.__libc_init_array
                0x0000000000001960       0x48 /home/saish/Desktop/ccs1011/ccs/tools/compiler/gcc-arm-none-eabi-7-2017-q4-major/bin/../lib/gcc/arm-none-eabi/7.2.1/../../../../arm-none-eabi/lib/thumb/v7e-m/fpv4-sp/hard/libc.a(lib_a-init.o)
                0x0000000000001960                __libc_init_array
 .text          0x00000000000019a8      0x134 /home/saish/Desktop/ccs1011/ccs/tools/compiler/gcc-arm-none-eabi-7-2017-q4-major/bin/../lib/gcc/arm-none-eabi/7.2.1/../../../../arm-none-eabi/lib/thumb/v7e-m/fpv4-sp/hard/libc.a(lib_a-memcpy.o)
                0x00000000000019a8                memcpy
 .text          0x0000000000001adc        0x0 /home/saish/Desktop/ccs1011/ccs/tools/compiler/gcc-arm-none-eabi-7-2017-q4-major/bin/../lib/gcc/arm-none-eabi/7.2.1/../../../../arm-none-eabi/lib/thumb/v7e-m/fpv4-sp/hard/libc.a(lib_a-memset.o)
 .text.memset   0x0000000000001adc       0x94 /home/saish/Desktop/ccs1011/ccs/tools/compiler/gcc-arm-none-eabi-7-2017-q4-major/bin/../lib/gcc/arm-none-eabi/7.2.1/../../../../arm-none-eabi/lib/thumb/v7e-m/fpv4-sp/hard/libc.a(lib_a-memset.o)
                0x0000000000001adc                memset
 .text          0x0000000000001b70        0x0 /home/saish/Desktop/ccs1011/ccs/tools/compiler/gcc-arm-none-eabi-7-2017-q4-major/bin/../lib/gcc/arm-none-eabi/7.2.1/../../../../arm-none-eabi/lib/thumb/v7e-m/fpv4-sp/hard/libc.a(lib_a-printf.o)
 .text._printf_r
                0x0000000000001b70       0x20 /home/saish/Desktop/ccs1011/ccs/tools/compiler/gcc-arm-none-eabi-7-2017-q4-major/bin/../lib/gcc/arm-none-eabi/7.2.1/../../../../arm-none-eabi/lib/thumb/v7e-m/fpv4-sp/hard/libc.a(lib_a-printf.o)
                0x0000000000001b70                _printf_r
 .text.printf   0x0000000000001b90       0x28 /home/saish/Desktop/ccs1011/ccs/tools/compiler/gcc-arm-none-eabi-7-2017-q4-major/bin/../lib/gcc/arm-none-eabi/7.2.1/../../../../arm-none-eabi/lib/thumb/v7e-m/fpv4-sp/hard/libc.a(lib_a-printf.o)
                0x0000000000001b90                printf
 .text          0x0000000000001bb8        0x0 /home/saish/Desktop/ccs1011/ccs/tools/compiler/gcc-arm-none-eabi-7-2017-q4-major/bin/../lib/gcc/arm-none-eabi/7.2.1/../../../../arm-none-eabi/lib/thumb/v7e-m/fpv4-sp/hard/libc.a(lib_a-vfprintf.o)
 .text._vfprintf_r
                0x0000000000001bb8     0x150c /home/saish/Desktop/ccs1011/ccs/tools/compiler/gcc-arm-none-eabi-7-2017-q4-major/bin/../lib/gcc/arm-none-eabi/7.2.1/../../../../arm-none-eabi/lib/thumb/v7e-m/fpv4-sp/hard/libc.a(lib_a-vfprintf.o)
                0x0000000000001bb8                _vfprintf_r
 .text.vfprintf
                0x00000000000030c4       0x18 /home/saish/Desktop/ccs1011/ccs/tools/compiler/gcc-arm-none-eabi-7-2017-q4-major/bin/../lib/gcc/arm-none-eabi/7.2.1/../../../../arm-none-eabi/lib/thumb/v7e-m/fpv4-sp/hard/libc.a(lib_a-vfprintf.o)
                0x00000000000030c4                vfprintf
 .text.__sbprintf
                0x00000000000030dc       0x84 /home/saish/Desktop/ccs1011/ccs/tools/compiler/gcc-arm-none-eabi-7-2017-q4-major/bin/../lib/gcc/arm-none-eabi/7.2.1/../../../../arm-none-eabi/lib/thumb/v7e-m/fpv4-sp/hard/libc.a(lib_a-vfprintf.o)
 .text          0x0000000000003160        0x0 /home/saish/Desktop/ccs1011/ccs/tools/compiler/gcc-arm-none-eabi-7-2017-q4-major/bin/../lib/gcc/arm-none-eabi/7.2.1/../../../../arm-none-eabi/lib/thumb/v7e-m/fpv4-sp/hard/libc.a(lib_a-wsetup.o)
 .text.__swsetup_r
                0x0000000000003160       0xcc /home/saish/Desktop/ccs1011/ccs/tools/compiler/gcc-arm-none-eabi-7-2017-q4-major/bin/../lib/gcc/arm-none-eabi/7.2.1/../../../../arm-none-eabi/lib/thumb/v7e-m/fpv4-sp/hard/libc.a(lib_a-wsetup.o)
                0x0000000000003160                __swsetup_r
 .text          0x000000000000322c        0x0 /home/saish/Desktop/ccs1011/ccs/tools/compiler/gcc-arm-none-eabi-7-2017-q4-major/bin/../lib/gcc/arm-none-eabi/7.2.1/../../../../arm-none-eabi/lib/thumb/v7e-m/fpv4-sp/hard/libc.a(lib_a-__call_atexit.o)
 .text.startup.register_fini
                0x000000000000322c       0x14 /home/saish/Desktop/ccs1011/ccs/tools/compiler/gcc-arm-none-eabi-7-2017-q4-major/bin/../lib/gcc/arm-none-eabi/7.2.1/../../../../arm-none-eabi/lib/thumb/v7e-m/fpv4-sp/hard/libc.a(lib_a-__call_atexit.o)
 .text.__call_exitprocs
                0x0000000000003240       0xe8 /home/saish/Desktop/ccs1011/ccs/tools/compiler/gcc-arm-none-eabi-7-2017-q4-major/bin/../lib/gcc/arm-none-eabi/7.2.1/../../../../arm-none-eabi/lib/thumb/v7e-m/fpv4-sp/hard/libc.a(lib_a-__call_atexit.o)
                0x0000000000003240                __call_exitprocs
 .text          0x0000000000003328        0x0 /home/saish/Desktop/ccs1011/ccs/tools/compiler/gcc-arm-none-eabi-7-2017-q4-major/bin/../lib/gcc/arm-none-eabi/7.2.1/../../../../arm-none-eabi/lib/thumb/v7e-m/fpv4-sp/hard/libc.a(lib_a-atexit.o)
 .text.atexit   0x0000000000003328        0xc /home/saish/Desktop/ccs1011/ccs/tools/compiler/gcc-arm-none-eabi-7-2017-q4-major/bin/../lib/gcc/arm-none-eabi/7.2.1/../../../../arm-none-eabi/lib/thumb/v7e-m/fpv4-sp/hard/libc.a(lib_a-atexit.o)
                0x0000000000003328                atexit
 .text          0x0000000000003334        0x0 /home/saish/Desktop/ccs1011/ccs/tools/compiler/gcc-arm-none-eabi-7-2017-q4-major/bin/../lib/gcc/arm-none-eabi/7.2.1/../../../../arm-none-eabi/lib/thumb/v7e-m/fpv4-sp/hard/libc.a(lib_a-dtoa.o)
 .text.quorem   0x0000000000003334      0x124 /home/saish/Desktop/ccs1011/ccs/tools/compiler/gcc-arm-none-eabi-7-2017-q4-major/bin/../lib/gcc/arm-none-eabi/7.2.1/../../../../arm-none-eabi/lib/thumb/v7e-m/fpv4-sp/hard/libc.a(lib_a-dtoa.o)
 .text._dtoa_r  0x0000000000003458      0xe28 /home/saish/Desktop/ccs1011/ccs/tools/compiler/gcc-arm-none-eabi-7-2017-q4-major/bin/../lib/gcc/arm-none-eabi/7.2.1/../../../../arm-none-eabi/lib/thumb/v7e-m/fpv4-sp/hard/libc.a(lib_a-dtoa.o)
                0x0000000000003458                _dtoa_r
 .text          0x0000000000004280        0x0 /home/saish/Desktop/ccs1011/ccs/tools/compiler/gcc-arm-none-eabi-7-2017-q4-major/bin/../lib/gcc/arm-none-eabi/7.2.1/../../../../arm-none-eabi/lib/thumb/v7e-m/fpv4-sp/hard/libc.a(lib_a-fflush.o)
 .text.__sflush_r
                0x0000000000004280      0x154 /home/saish/Desktop/ccs1011/ccs/tools/compiler/gcc-arm-none-eabi-7-2017-q4-major/bin/../lib/gcc/arm-none-eabi/7.2.1/../../../../arm-none-eabi/lib/thumb/v7e-m/fpv4-sp/hard/libc.a(lib_a-fflush.o)
                0x0000000000004280                __sflush_r
 .text._fflush_r
                0x00000000000043d4       0x5c /home/saish/Desktop/ccs1011/ccs/tools/compiler/gcc-arm-none-eabi-7-2017-q4-major/bin/../lib/gcc/arm-none-eabi/7.2.1/../../../../arm-none-eabi/lib/thumb/v7e-m/fpv4-sp/hard/libc.a(lib_a-fflush.o)
                0x00000000000043d4                _fflush_r
 .text.fflush   0x0000000000004430       0x24 /home/saish/Desktop/ccs1011/ccs/tools/compiler/gcc-arm-none-eabi-7-2017-q4-major/bin/../lib/gcc/arm-none-eabi/7.2.1/../../../../arm-none-eabi/lib/thumb/v7e-m/fpv4-sp/hard/libc.a(lib_a-fflush.o)
                0x0000000000004430                fflush
 .text          0x0000000000004454        0x0 /home/saish/Desktop/ccs1011/ccs/tools/compiler/gcc-arm-none-eabi-7-2017-q4-major/bin/../lib/gcc/arm-none-eabi/7.2.1/../../../../arm-none-eabi/lib/thumb/v7e-m/fpv4-sp/hard/libc.a(lib_a-findfp.o)
 .text.std      0x0000000000004454       0x50 /home/saish/Desktop/ccs1011/ccs/tools/compiler/gcc-arm-none-eabi-7-2017-q4-major/bin/../lib/gcc/arm-none-eabi/7.2.1/../../../../arm-none-eabi/lib/thumb/v7e-m/fpv4-sp/hard/libc.a(lib_a-findfp.o)
 .text._cleanup_r
                0x00000000000044a4        0xc /home/saish/Desktop/ccs1011/ccs/tools/compiler/gcc-arm-none-eabi-7-2017-q4-major/bin/../lib/gcc/arm-none-eabi/7.2.1/../../../../arm-none-eabi/lib/thumb/v7e-m/fpv4-sp/hard/libc.a(lib_a-findfp.o)
                0x00000000000044a4                _cleanup_r
 .text.__fp_lock
                0x00000000000044b0       0x1c /home/saish/Desktop/ccs1011/ccs/tools/compiler/gcc-arm-none-eabi-7-2017-q4-major/bin/../lib/gcc/arm-none-eabi/7.2.1/../../../../arm-none-eabi/lib/thumb/v7e-m/fpv4-sp/hard/libc.a(lib_a-findfp.o)
 .text.__fp_unlock
                0x00000000000044cc       0x1c /home/saish/Desktop/ccs1011/ccs/tools/compiler/gcc-arm-none-eabi-7-2017-q4-major/bin/../lib/gcc/arm-none-eabi/7.2.1/../../../../arm-none-eabi/lib/thumb/v7e-m/fpv4-sp/hard/libc.a(lib_a-findfp.o)
 .text.__sfmoreglue
                0x00000000000044e8       0x30 /home/saish/Desktop/ccs1011/ccs/tools/compiler/gcc-arm-none-eabi-7-2017-q4-major/bin/../lib/gcc/arm-none-eabi/7.2.1/../../../../arm-none-eabi/lib/thumb/v7e-m/fpv4-sp/hard/libc.a(lib_a-findfp.o)
                0x00000000000044e8                __sfmoreglue
 .text._cleanup
                0x0000000000004518       0x14 /home/saish/Desktop/ccs1011/ccs/tools/compiler/gcc-arm-none-eabi-7-2017-q4-major/bin/../lib/gcc/arm-none-eabi/7.2.1/../../../../arm-none-eabi/lib/thumb/v7e-m/fpv4-sp/hard/libc.a(lib_a-findfp.o)
                0x0000000000004518                _cleanup
 .text.__sinit  0x000000000000452c       0x58 /home/saish/Desktop/ccs1011/ccs/tools/compiler/gcc-arm-none-eabi-7-2017-q4-major/bin/../lib/gcc/arm-none-eabi/7.2.1/../../../../arm-none-eabi/lib/thumb/v7e-m/fpv4-sp/hard/libc.a(lib_a-findfp.o)
                0x000000000000452c                __sinit
 .text.__sfp    0x0000000000004584       0xa4 /home/saish/Desktop/ccs1011/ccs/tools/compiler/gcc-arm-none-eabi-7-2017-q4-major/bin/../lib/gcc/arm-none-eabi/7.2.1/../../../../arm-none-eabi/lib/thumb/v7e-m/fpv4-sp/hard/libc.a(lib_a-findfp.o)
                0x0000000000004584                __sfp
 .text.__sfp_lock_acquire
                0x0000000000004628        0xc /home/saish/Desktop/ccs1011/ccs/tools/compiler/gcc-arm-none-eabi-7-2017-q4-major/bin/../lib/gcc/arm-none-eabi/7.2.1/../../../../arm-none-eabi/lib/thumb/v7e-m/fpv4-sp/hard/libc.a(lib_a-findfp.o)
                0x0000000000004628                __sfp_lock_acquire
 .text.__sfp_lock_release
                0x0000000000004634        0xc /home/saish/Desktop/ccs1011/ccs/tools/compiler/gcc-arm-none-eabi-7-2017-q4-major/bin/../lib/gcc/arm-none-eabi/7.2.1/../../../../arm-none-eabi/lib/thumb/v7e-m/fpv4-sp/hard/libc.a(lib_a-findfp.o)
                0x0000000000004634                __sfp_lock_release
 .text.__sinit_lock_acquire
                0x0000000000004640        0xc /home/saish/Desktop/ccs1011/ccs/tools/compiler/gcc-arm-none-eabi-7-2017-q4-major/bin/../lib/gcc/arm-none-eabi/7.2.1/../../../../arm-none-eabi/lib/thumb/v7e-m/fpv4-sp/hard/libc.a(lib_a-findfp.o)
                0x0000000000004640                __sinit_lock_acquire
 .text.__sinit_lock_release
                0x000000000000464c        0xc /home/saish/Desktop/ccs1011/ccs/tools/compiler/gcc-arm-none-eabi-7-2017-q4-major/bin/../lib/gcc/arm-none-eabi/7.2.1/../../../../arm-none-eabi/lib/thumb/v7e-m/fpv4-sp/hard/libc.a(lib_a-findfp.o)
                0x000000000000464c                __sinit_lock_release
 .text.__fp_lock_all
                0x0000000000004658       0x24 /home/saish/Desktop/ccs1011/ccs/tools/compiler/gcc-arm-none-eabi-7-2017-q4-major/bin/../lib/gcc/arm-none-eabi/7.2.1/../../../../arm-none-eabi/lib/thumb/v7e-m/fpv4-sp/hard/libc.a(lib_a-findfp.o)
                0x0000000000004658                __fp_lock_all
 .text.__fp_unlock_all
                0x000000000000467c       0x24 /home/saish/Desktop/ccs1011/ccs/tools/compiler/gcc-arm-none-eabi-7-2017-q4-major/bin/../lib/gcc/arm-none-eabi/7.2.1/../../../../arm-none-eabi/lib/thumb/v7e-m/fpv4-sp/hard/libc.a(lib_a-findfp.o)
                0x000000000000467c                __fp_unlock_all
 .text          0x00000000000046a0        0x0 /home/saish/Desktop/ccs1011/ccs/tools/compiler/gcc-arm-none-eabi-7-2017-q4-major/bin/../lib/gcc/arm-none-eabi/7.2.1/../../../../arm-none-eabi/lib/thumb/v7e-m/fpv4-sp/hard/libc.a(lib_a-fini.o)
 .text.__libc_fini_array
                0x00000000000046a0       0x34 /home/saish/Desktop/ccs1011/ccs/tools/compiler/gcc-arm-none-eabi-7-2017-q4-major/bin/../lib/gcc/arm-none-eabi/7.2.1/../../../../arm-none-eabi/lib/thumb/v7e-m/fpv4-sp/hard/libc.a(lib_a-fini.o)
                0x00000000000046a0                __libc_fini_array
 .text          0x00000000000046d4        0x0 /home/saish/Desktop/ccs1011/ccs/tools/compiler/gcc-arm-none-eabi-7-2017-q4-major/bin/../lib/gcc/arm-none-eabi/7.2.1/../../../../arm-none-eabi/lib/thumb/v7e-m/fpv4-sp/hard/libc.a(lib_a-freer.o)
 .text._malloc_trim_r
                0x00000000000046d4       0xa0 /home/saish/Desktop/ccs1011/ccs/tools/compiler/gcc-arm-none-eabi-7-2017-q4-major/bin/../lib/gcc/arm-none-eabi/7.2.1/../../../../arm-none-eabi/lib/thumb/v7e-m/fpv4-sp/hard/libc.a(lib_a-freer.o)
                0x00000000000046d4                _malloc_trim_r
 .text._free_r  0x0000000000004774      0x1e8 /home/saish/Desktop/ccs1011/ccs/tools/compiler/gcc-arm-none-eabi-7-2017-q4-major/bin/../lib/gcc/arm-none-eabi/7.2.1/../../../../arm-none-eabi/lib/thumb/v7e-m/fpv4-sp/hard/libc.a(lib_a-freer.o)
                0x0000000000004774                _free_r
 .text          0x000000000000495c        0x0 /home/saish/Desktop/ccs1011/ccs/tools/compiler/gcc-arm-none-eabi-7-2017-q4-major/bin/../lib/gcc/arm-none-eabi/7.2.1/../../../../arm-none-eabi/lib/thumb/v7e-m/fpv4-sp/hard/libc.a(lib_a-fwalk.o)
 .text._fwalk   0x000000000000495c       0x4c /home/saish/Desktop/ccs1011/ccs/tools/compiler/gcc-arm-none-eabi-7-2017-q4-major/bin/../lib/gcc/arm-none-eabi/7.2.1/../../../../arm-none-eabi/lib/thumb/v7e-m/fpv4-sp/hard/libc.a(lib_a-fwalk.o)
                0x000000000000495c                _fwalk
 .text._fwalk_reent
                0x00000000000049a8       0x54 /home/saish/Desktop/ccs1011/ccs/tools/compiler/gcc-arm-none-eabi-7-2017-q4-major/bin/../lib/gcc/arm-none-eabi/7.2.1/../../../../arm-none-eabi/lib/thumb/v7e-m/fpv4-sp/hard/libc.a(lib_a-fwalk.o)
                0x00000000000049a8                _fwalk_reent
 .text          0x00000000000049fc        0x0 /home/saish/Desktop/ccs1011/ccs/tools/compiler/gcc-arm-none-eabi-7-2017-q4-major/bin/../lib/gcc/arm-none-eabi/7.2.1/../../../../arm-none-eabi/lib/thumb/v7e-m/fpv4-sp/hard/libc.a(lib_a-localeconv.o)
 .text.__localeconv_l
                0x00000000000049fc        0x4 /home/saish/Desktop/ccs1011/ccs/tools/compiler/gcc-arm-none-eabi-7-2017-q4-major/bin/../lib/gcc/arm-none-eabi/7.2.1/../../../../arm-none-eabi/lib/thumb/v7e-m/fpv4-sp/hard/libc.a(lib_a-localeconv.o)
                0x00000000000049fc                __localeconv_l
 .text._localeconv_r
                0x0000000000004a00       0x1c /home/saish/Desktop/ccs1011/ccs/tools/compiler/gcc-arm-none-eabi-7-2017-q4-major/bin/../lib/gcc/arm-none-eabi/7.2.1/../../../../arm-none-eabi/lib/thumb/v7e-m/fpv4-sp/hard/libc.a(lib_a-localeconv.o)
                0x0000000000004a00                _localeconv_r
 .text.localeconv
                0x0000000000004a1c       0x1c /home/saish/Desktop/ccs1011/ccs/tools/compiler/gcc-arm-none-eabi-7-2017-q4-major/bin/../lib/gcc/arm-none-eabi/7.2.1/../../../../arm-none-eabi/lib/thumb/v7e-m/fpv4-sp/hard/libc.a(lib_a-localeconv.o)
                0x0000000000004a1c                localeconv
 .text          0x0000000000004a38        0x0 /home/saish/Desktop/ccs1011/ccs/tools/compiler/gcc-arm-none-eabi-7-2017-q4-major/bin/../lib/gcc/arm-none-eabi/7.2.1/../../../../arm-none-eabi/lib/thumb/v7e-m/fpv4-sp/hard/libc.a(lib_a-lock.o)
 .text.__retarget_lock_init
                0x0000000000004a38        0x4 /home/saish/Desktop/ccs1011/ccs/tools/compiler/gcc-arm-none-eabi-7-2017-q4-major/bin/../lib/gcc/arm-none-eabi/7.2.1/../../../../arm-none-eabi/lib/thumb/v7e-m/fpv4-sp/hard/libc.a(lib_a-lock.o)
                0x0000000000004a38                __retarget_lock_init
 .text.__retarget_lock_init_recursive
                0x0000000000004a3c        0x4 /home/saish/Desktop/ccs1011/ccs/tools/compiler/gcc-arm-none-eabi-7-2017-q4-major/bin/../lib/gcc/arm-none-eabi/7.2.1/../../../../arm-none-eabi/lib/thumb/v7e-m/fpv4-sp/hard/libc.a(lib_a-lock.o)
                0x0000000000004a3c                __retarget_lock_init_recursive
 .text.__retarget_lock_close
                0x0000000000004a40        0x4 /home/saish/Desktop/ccs1011/ccs/tools/compiler/gcc-arm-none-eabi-7-2017-q4-major/bin/../lib/gcc/arm-none-eabi/7.2.1/../../../../arm-none-eabi/lib/thumb/v7e-m/fpv4-sp/hard/libc.a(lib_a-lock.o)
                0x0000000000004a40                __retarget_lock_close
 .text.__retarget_lock_close_recursive
                0x0000000000004a44        0x4 /home/saish/Desktop/ccs1011/ccs/tools/compiler/gcc-arm-none-eabi-7-2017-q4-major/bin/../lib/gcc/arm-none-eabi/7.2.1/../../../../arm-none-eabi/lib/thumb/v7e-m/fpv4-sp/hard/libc.a(lib_a-lock.o)
                0x0000000000004a44                __retarget_lock_close_recursive
 .text.__retarget_lock_acquire
                0x0000000000004a48        0x4 /home/saish/Desktop/ccs1011/ccs/tools/compiler/gcc-arm-none-eabi-7-2017-q4-major/bin/../lib/gcc/arm-none-eabi/7.2.1/../../../../arm-none-eabi/lib/thumb/v7e-m/fpv4-sp/hard/libc.a(lib_a-lock.o)
                0x0000000000004a48                __retarget_lock_acquire
 .text.__retarget_lock_acquire_recursive
                0x0000000000004a4c        0x4 /home/saish/Desktop/ccs1011/ccs/tools/compiler/gcc-arm-none-eabi-7-2017-q4-major/bin/../lib/gcc/arm-none-eabi/7.2.1/../../../../arm-none-eabi/lib/thumb/v7e-m/fpv4-sp/hard/libc.a(lib_a-lock.o)
                0x0000000000004a4c                __retarget_lock_acquire_recursive
 .text.__retarget_lock_try_acquire
                0x0000000000004a50        0x4 /home/saish/Desktop/ccs1011/ccs/tools/compiler/gcc-arm-none-eabi-7-2017-q4-major/bin/../lib/gcc/arm-none-eabi/7.2.1/../../../../arm-none-eabi/lib/thumb/v7e-m/fpv4-sp/hard/libc.a(lib_a-lock.o)
                0x0000000000004a50                __retarget_lock_try_acquire
 .text.__retarget_lock_try_acquire_recursive
                0x0000000000004a54        0x4 /home/saish/Desktop/ccs1011/ccs/tools/compiler/gcc-arm-none-eabi-7-2017-q4-major/bin/../lib/gcc/arm-none-eabi/7.2.1/../../../../arm-none-eabi/lib/thumb/v7e-m/fpv4-sp/hard/libc.a(lib_a-lock.o)
                0x0000000000004a54                __retarget_lock_try_acquire_recursive
 .text.__retarget_lock_release
                0x0000000000004a58        0x4 /home/saish/Desktop/ccs1011/ccs/tools/compiler/gcc-arm-none-eabi-7-2017-q4-major/bin/../lib/gcc/arm-none-eabi/7.2.1/../../../../arm-none-eabi/lib/thumb/v7e-m/fpv4-sp/hard/libc.a(lib_a-lock.o)
                0x0000000000004a58                __retarget_lock_release
 .text.__retarget_lock_release_recursive
                0x0000000000004a5c        0x4 /home/saish/Desktop/ccs1011/ccs/tools/compiler/gcc-arm-none-eabi-7-2017-q4-major/bin/../lib/gcc/arm-none-eabi/7.2.1/../../../../arm-none-eabi/lib/thumb/v7e-m/fpv4-sp/hard/libc.a(lib_a-lock.o)
                0x0000000000004a5c                __retarget_lock_release_recursive
 .text          0x0000000000004a60        0x0 /home/saish/Desktop/ccs1011/ccs/tools/compiler/gcc-arm-none-eabi-7-2017-q4-major/bin/../lib/gcc/arm-none-eabi/7.2.1/../../../../arm-none-eabi/lib/thumb/v7e-m/fpv4-sp/hard/libc.a(lib_a-makebuf.o)
 .text.__swhatbuf_r
                0x0000000000004a60       0x5c /home/saish/Desktop/ccs1011/ccs/tools/compiler/gcc-arm-none-eabi-7-2017-q4-major/bin/../lib/gcc/arm-none-eabi/7.2.1/../../../../arm-none-eabi/lib/thumb/v7e-m/fpv4-sp/hard/libc.a(lib_a-makebuf.o)
                0x0000000000004a60                __swhatbuf_r
 .text.__smakebuf_r
                0x0000000000004abc       0x94 /home/saish/Desktop/ccs1011/ccs/tools/compiler/gcc-arm-none-eabi-7-2017-q4-major/bin/../lib/gcc/arm-none-eabi/7.2.1/../../../../arm-none-eabi/lib/thumb/v7e-m/fpv4-sp/hard/libc.a(lib_a-makebuf.o)
                0x0000000000004abc                __smakebuf_r
 .text          0x0000000000004b50        0x0 /home/saish/Desktop/ccs1011/ccs/tools/compiler/gcc-arm-none-eabi-7-2017-q4-major/bin/../lib/gcc/arm-none-eabi/7.2.1/../../../../arm-none-eabi/lib/thumb/v7e-m/fpv4-sp/hard/libc.a(lib_a-mallocr.o)
 .text._malloc_r
                0x0000000000004b50      0x548 /home/saish/Desktop/ccs1011/ccs/tools/compiler/gcc-arm-none-eabi-7-2017-q4-major/bin/../lib/gcc/arm-none-eabi/7.2.1/../../../../arm-none-eabi/lib/thumb/v7e-m/fpv4-sp/hard/libc.a(lib_a-mallocr.o)
                0x0000000000004b50                _malloc_r
 *fill*         0x0000000000005098        0x8 
 .text          0x00000000000050a0       0xa0 /home/saish/Desktop/ccs1011/ccs/tools/compiler/gcc-arm-none-eabi-7-2017-q4-major/bin/../lib/gcc/arm-none-eabi/7.2.1/../../../../arm-none-eabi/lib/thumb/v7e-m/fpv4-sp/hard/libc.a(lib_a-memchr.o)
                0x00000000000050a0                memchr
 .text          0x0000000000005140        0x0 /home/saish/Desktop/ccs1011/ccs/tools/compiler/gcc-arm-none-eabi-7-2017-q4-major/bin/../lib/gcc/arm-none-eabi/7.2.1/../../../../arm-none-eabi/lib/thumb/v7e-m/fpv4-sp/hard/libc.a(lib_a-mlock.o)
 .text.__malloc_lock
                0x0000000000005140        0xc /home/saish/Desktop/ccs1011/ccs/tools/compiler/gcc-arm-none-eabi-7-2017-q4-major/bin/../lib/gcc/arm-none-eabi/7.2.1/../../../../arm-none-eabi/lib/thumb/v7e-m/fpv4-sp/hard/libc.a(lib_a-mlock.o)
                0x0000000000005140                __malloc_lock
 .text.__malloc_unlock
                0x000000000000514c        0xc /home/saish/Desktop/ccs1011/ccs/tools/compiler/gcc-arm-none-eabi-7-2017-q4-major/bin/../lib/gcc/arm-none-eabi/7.2.1/../../../../arm-none-eabi/lib/thumb/v7e-m/fpv4-sp/hard/libc.a(lib_a-mlock.o)
                0x000000000000514c                __malloc_unlock
 .text          0x0000000000005158        0x0 /home/saish/Desktop/ccs1011/ccs/tools/compiler/gcc-arm-none-eabi-7-2017-q4-major/bin/../lib/gcc/arm-none-eabi/7.2.1/../../../../arm-none-eabi/lib/thumb/v7e-m/fpv4-sp/hard/libc.a(lib_a-mprec.o)
 .text._Balloc  0x0000000000005158       0x4c /home/saish/Desktop/ccs1011/ccs/tools/compiler/gcc-arm-none-eabi-7-2017-q4-major/bin/../lib/gcc/arm-none-eabi/7.2.1/../../../../arm-none-eabi/lib/thumb/v7e-m/fpv4-sp/hard/libc.a(lib_a-mprec.o)
                0x0000000000005158                _Balloc
 .text._Bfree   0x00000000000051a4       0x14 /home/saish/Desktop/ccs1011/ccs/tools/compiler/gcc-arm-none-eabi-7-2017-q4-major/bin/../lib/gcc/arm-none-eabi/7.2.1/../../../../arm-none-eabi/lib/thumb/v7e-m/fpv4-sp/hard/libc.a(lib_a-mprec.o)
                0x00000000000051a4                _Bfree
 .text.__multadd
                0x00000000000051b8       0x80 /home/saish/Desktop/ccs1011/ccs/tools/compiler/gcc-arm-none-eabi-7-2017-q4-major/bin/../lib/gcc/arm-none-eabi/7.2.1/../../../../arm-none-eabi/lib/thumb/v7e-m/fpv4-sp/hard/libc.a(lib_a-mprec.o)
                0x00000000000051b8                __multadd
 .text.__s2b    0x0000000000005238       0x98 /home/saish/Desktop/ccs1011/ccs/tools/compiler/gcc-arm-none-eabi-7-2017-q4-major/bin/../lib/gcc/arm-none-eabi/7.2.1/../../../../arm-none-eabi/lib/thumb/v7e-m/fpv4-sp/hard/libc.a(lib_a-mprec.o)
                0x0000000000005238                __s2b
 .text.__hi0bits
                0x00000000000052d0       0x40 /home/saish/Desktop/ccs1011/ccs/tools/compiler/gcc-arm-none-eabi-7-2017-q4-major/bin/../lib/gcc/arm-none-eabi/7.2.1/../../../../arm-none-eabi/lib/thumb/v7e-m/fpv4-sp/hard/libc.a(lib_a-mprec.o)
                0x00000000000052d0                __hi0bits
 .text.__lo0bits
                0x0000000000005310       0x60 /home/saish/Desktop/ccs1011/ccs/tools/compiler/gcc-arm-none-eabi-7-2017-q4-major/bin/../lib/gcc/arm-none-eabi/7.2.1/../../../../arm-none-eabi/lib/thumb/v7e-m/fpv4-sp/hard/libc.a(lib_a-mprec.o)
                0x0000000000005310                __lo0bits
 .text.__i2b    0x0000000000005370       0x14 /home/saish/Desktop/ccs1011/ccs/tools/compiler/gcc-arm-none-eabi-7-2017-q4-major/bin/../lib/gcc/arm-none-eabi/7.2.1/../../../../arm-none-eabi/lib/thumb/v7e-m/fpv4-sp/hard/libc.a(lib_a-mprec.o)
                0x0000000000005370                __i2b
 .text.__multiply
                0x0000000000005384      0x14c /home/saish/Desktop/ccs1011/ccs/tools/compiler/gcc-arm-none-eabi-7-2017-q4-major/bin/../lib/gcc/arm-none-eabi/7.2.1/../../../../arm-none-eabi/lib/thumb/v7e-m/fpv4-sp/hard/libc.a(lib_a-mprec.o)
                0x0000000000005384                __multiply
 .text.__pow5mult
                0x00000000000054d0       0xa0 /home/saish/Desktop/ccs1011/ccs/tools/compiler/gcc-arm-none-eabi-7-2017-q4-major/bin/../lib/gcc/arm-none-eabi/7.2.1/../../../../arm-none-eabi/lib/thumb/v7e-m/fpv4-sp/hard/libc.a(lib_a-mprec.o)
                0x00000000000054d0                __pow5mult
 .text.__lshift
                0x0000000000005570       0xac /home/saish/Desktop/ccs1011/ccs/tools/compiler/gcc-arm-none-eabi-7-2017-q4-major/bin/../lib/gcc/arm-none-eabi/7.2.1/../../../../arm-none-eabi/lib/thumb/v7e-m/fpv4-sp/hard/libc.a(lib_a-mprec.o)
                0x0000000000005570                __lshift
 .text.__mcmp   0x000000000000561c       0x38 /home/saish/Desktop/ccs1011/ccs/tools/compiler/gcc-arm-none-eabi-7-2017-q4-major/bin/../lib/gcc/arm-none-eabi/7.2.1/../../../../arm-none-eabi/lib/thumb/v7e-m/fpv4-sp/hard/libc.a(lib_a-mprec.o)
                0x000000000000561c                __mcmp
 .text.__mdiff  0x0000000000005654       0xec /home/saish/Desktop/ccs1011/ccs/tools/compiler/gcc-arm-none-eabi-7-2017-q4-major/bin/../lib/gcc/arm-none-eabi/7.2.1/../../../../arm-none-eabi/lib/thumb/v7e-m/fpv4-sp/hard/libc.a(lib_a-mprec.o)
                0x0000000000005654                __mdiff
 .text.__ulp    0x0000000000005740       0x54 /home/saish/Desktop/ccs1011/ccs/tools/compiler/gcc-arm-none-eabi-7-2017-q4-major/bin/../lib/gcc/arm-none-eabi/7.2.1/../../../../arm-none-eabi/lib/thumb/v7e-m/fpv4-sp/hard/libc.a(lib_a-mprec.o)
                0x0000000000005740                __ulp
 .text.__b2d    0x0000000000005794       0xbc /home/saish/Desktop/ccs1011/ccs/tools/compiler/gcc-arm-none-eabi-7-2017-q4-major/bin/../lib/gcc/arm-none-eabi/7.2.1/../../../../arm-none-eabi/lib/thumb/v7e-m/fpv4-sp/hard/libc.a(lib_a-mprec.o)
                0x0000000000005794                __b2d
 .text.__d2b    0x0000000000005850       0xc4 /home/saish/Desktop/ccs1011/ccs/tools/compiler/gcc-arm-none-eabi-7-2017-q4-major/bin/../lib/gcc/arm-none-eabi/7.2.1/../../../../arm-none-eabi/lib/thumb/v7e-m/fpv4-sp/hard/libc.a(lib_a-mprec.o)
                0x0000000000005850                __d2b
 .text.__ratio  0x0000000000005914       0x60 /home/saish/Desktop/ccs1011/ccs/tools/compiler/gcc-arm-none-eabi-7-2017-q4-major/bin/../lib/gcc/arm-none-eabi/7.2.1/../../../../arm-none-eabi/lib/thumb/v7e-m/fpv4-sp/hard/libc.a(lib_a-mprec.o)
                0x0000000000005914                __ratio
 .text._mprec_log10
                0x0000000000005974       0x40 /home/saish/Desktop/ccs1011/ccs/tools/compiler/gcc-arm-none-eabi-7-2017-q4-major/bin/../lib/gcc/arm-none-eabi/7.2.1/../../../../arm-none-eabi/lib/thumb/v7e-m/fpv4-sp/hard/libc.a(lib_a-mprec.o)
                0x0000000000005974                _mprec_log10
 .text.__copybits
                0x00000000000059b4       0x48 /home/saish/Desktop/ccs1011/ccs/tools/compiler/gcc-arm-none-eabi-7-2017-q4-major/bin/../lib/gcc/arm-none-eabi/7.2.1/../../../../arm-none-eabi/lib/thumb/v7e-m/fpv4-sp/hard/libc.a(lib_a-mprec.o)
                0x00000000000059b4                __copybits
 .text.__any_on
                0x00000000000059fc       0x58 /home/saish/Desktop/ccs1011/ccs/tools/compiler/gcc-arm-none-eabi-7-2017-q4-major/bin/../lib/gcc/arm-none-eabi/7.2.1/../../../../arm-none-eabi/lib/thumb/v7e-m/fpv4-sp/hard/libc.a(lib_a-mprec.o)
                0x00000000000059fc                __any_on
 .text          0x0000000000005a54        0x0 /home/saish/Desktop/ccs1011/ccs/tools/compiler/gcc-arm-none-eabi-7-2017-q4-major/bin/../lib/gcc/arm-none-eabi/7.2.1/../../../../arm-none-eabi/lib/thumb/v7e-m/fpv4-sp/hard/libc.a(lib_a-sbrkr.o)
 .text._sbrk_r  0x0000000000005a54       0x24 /home/saish/Desktop/ccs1011/ccs/tools/compiler/gcc-arm-none-eabi-7-2017-q4-major/bin/../lib/gcc/arm-none-eabi/7.2.1/../../../../arm-none-eabi/lib/thumb/v7e-m/fpv4-sp/hard/libc.a(lib_a-sbrkr.o)
                0x0000000000005a54                _sbrk_r
 .text          0x0000000000005a78        0x0 /home/saish/Desktop/ccs1011/ccs/tools/compiler/gcc-arm-none-eabi-7-2017-q4-major/bin/../lib/gcc/arm-none-eabi/7.2.1/../../../../arm-none-eabi/lib/thumb/v7e-m/fpv4-sp/hard/libc.a(lib_a-stdio.o)
 .text.__sread  0x0000000000005a78       0x24 /home/saish/Desktop/ccs1011/ccs/tools/compiler/gcc-arm-none-eabi-7-2017-q4-major/bin/../lib/gcc/arm-none-eabi/7.2.1/../../../../arm-none-eabi/lib/thumb/v7e-m/fpv4-sp/hard/libc.a(lib_a-stdio.o)
                0x0000000000005a78                __sread
 .text.__seofread
                0x0000000000005a9c        0x4 /home/saish/Desktop/ccs1011/ccs/tools/compiler/gcc-arm-none-eabi-7-2017-q4-major/bin/../lib/gcc/arm-none-eabi/7.2.1/../../../../arm-none-eabi/lib/thumb/v7e-m/fpv4-sp/hard/libc.a(lib_a-stdio.o)
                0x0000000000005a9c                __seofread
 .text.__swrite
                0x0000000000005aa0       0x3c /home/saish/Desktop/ccs1011/ccs/tools/compiler/gcc-arm-none-eabi-7-2017-q4-major/bin/../lib/gcc/arm-none-eabi/7.2.1/../../../../arm-none-eabi/lib/thumb/v7e-m/fpv4-sp/hard/libc.a(lib_a-stdio.o)
                0x0000000000005aa0                __swrite
 .text.__sseek  0x0000000000005adc       0x20 /home/saish/Desktop/ccs1011/ccs/tools/compiler/gcc-arm-none-eabi-7-2017-q4-major/bin/../lib/gcc/arm-none-eabi/7.2.1/../../../../arm-none-eabi/lib/thumb/v7e-m/fpv4-sp/hard/libc.a(lib_a-stdio.o)
                0x0000000000005adc                __sseek
 .text.__sclose
                0x0000000000005afc        0x8 /home/saish/Desktop/ccs1011/ccs/tools/compiler/gcc-arm-none-eabi-7-2017-q4-major/bin/../lib/gcc/arm-none-eabi/7.2.1/../../../../arm-none-eabi/lib/thumb/v7e-m/fpv4-sp/hard/libc.a(lib_a-stdio.o)
                0x0000000000005afc                __sclose
 *fill*         0x0000000000005b04       0x3c 
 .text          0x0000000000005b40       0xdc /home/saish/Desktop/ccs1011/ccs/tools/compiler/gcc-arm-none-eabi-7-2017-q4-major/bin/../lib/gcc/arm-none-eabi/7.2.1/../../../../arm-none-eabi/lib/thumb/v7e-m/fpv4-sp/hard/libc.a(lib_a-strlen.o)
                0x0000000000005b40                strlen
 .text          0x0000000000005c1c        0x0 /home/saish/Desktop/ccs1011/ccs/tools/compiler/gcc-arm-none-eabi-7-2017-q4-major/bin/../lib/gcc/arm-none-eabi/7.2.1/../../../../arm-none-eabi/lib/thumb/v7e-m/fpv4-sp/hard/libc.a(lib_a-vfiprintf.o)
 .text.__sprint_r.part.0
                0x0000000000005c1c       0x78 /home/saish/Desktop/ccs1011/ccs/tools/compiler/gcc-arm-none-eabi-7-2017-q4-major/bin/../lib/gcc/arm-none-eabi/7.2.1/../../../../arm-none-eabi/lib/thumb/v7e-m/fpv4-sp/hard/libc.a(lib_a-vfiprintf.o)
 .text.__sprint_r
                0x0000000000005c94       0x14 /home/saish/Desktop/ccs1011/ccs/tools/compiler/gcc-arm-none-eabi-7-2017-q4-major/bin/../lib/gcc/arm-none-eabi/7.2.1/../../../../arm-none-eabi/lib/thumb/v7e-m/fpv4-sp/hard/libc.a(lib_a-vfiprintf.o)
                0x0000000000005c94                __sprint_r
 .text._vfiprintf_r
                0x0000000000005ca8      0xc24 /home/saish/Desktop/ccs1011/ccs/tools/compiler/gcc-arm-none-eabi-7-2017-q4-major/bin/../lib/gcc/arm-none-eabi/7.2.1/../../../../arm-none-eabi/lib/thumb/v7e-m/fpv4-sp/hard/libc.a(lib_a-vfiprintf.o)
                0x0000000000005ca8                _vfiprintf_r
 .text.vfiprintf
                0x00000000000068cc       0x18 /home/saish/Desktop/ccs1011/ccs/tools/compiler/gcc-arm-none-eabi-7-2017-q4-major/bin/../lib/gcc/arm-none-eabi/7.2.1/../../../../arm-none-eabi/lib/thumb/v7e-m/fpv4-sp/hard/libc.a(lib_a-vfiprintf.o)
                0x00000000000068cc                vfiprintf
 .text.__sbprintf
                0x00000000000068e4       0x84 /home/saish/Desktop/ccs1011/ccs/tools/compiler/gcc-arm-none-eabi-7-2017-q4-major/bin/../lib/gcc/arm-none-eabi/7.2.1/../../../../arm-none-eabi/lib/thumb/v7e-m/fpv4-sp/hard/libc.a(lib_a-vfiprintf.o)
 .text          0x0000000000006968        0x0 /home/saish/Desktop/ccs1011/ccs/tools/compiler/gcc-arm-none-eabi-7-2017-q4-major/bin/../lib/gcc/arm-none-eabi/7.2.1/../../../../arm-none-eabi/lib/thumb/v7e-m/fpv4-sp/hard/libc.a(lib_a-writer.o)
 .text._write_r
                0x0000000000006968       0x2c /home/saish/Desktop/ccs1011/ccs/tools/compiler/gcc-arm-none-eabi-7-2017-q4-major/bin/../lib/gcc/arm-none-eabi/7.2.1/../../../../arm-none-eabi/lib/thumb/v7e-m/fpv4-sp/hard/libc.a(lib_a-writer.o)
                0x0000000000006968                _write_r
 .text          0x0000000000006994        0x0 /home/saish/Desktop/ccs1011/ccs/tools/compiler/gcc-arm-none-eabi-7-2017-q4-major/bin/../lib/gcc/arm-none-eabi/7.2.1/../../../../arm-none-eabi/lib/thumb/v7e-m/fpv4-sp/hard/libc.a(lib_a-__atexit.o)
 .text.__register_exitproc
                0x0000000000006994       0xc0 /home/saish/Desktop/ccs1011/ccs/tools/compiler/gcc-arm-none-eabi-7-2017-q4-major/bin/../lib/gcc/arm-none-eabi/7.2.1/../../../../arm-none-eabi/lib/thumb/v7e-m/fpv4-sp/hard/libc.a(lib_a-__atexit.o)
                0x0000000000006994                __register_exitproc
 .text          0x0000000000006a54        0x0 /home/saish/Desktop/ccs1011/ccs/tools/compiler/gcc-arm-none-eabi-7-2017-q4-major/bin/../lib/gcc/arm-none-eabi/7.2.1/../../../../arm-none-eabi/lib/thumb/v7e-m/fpv4-sp/hard/libc.a(lib_a-callocr.o)
 .text._calloc_r
                0x0000000000006a54       0x68 /home/saish/Desktop/ccs1011/ccs/tools/compiler/gcc-arm-none-eabi-7-2017-q4-major/bin/../lib/gcc/arm-none-eabi/7.2.1/../../../../arm-none-eabi/lib/thumb/v7e-m/fpv4-sp/hard/libc.a(lib_a-callocr.o)
                0x0000000000006a54                _calloc_r
 .text          0x0000000000006abc        0x0 /home/saish/Desktop/ccs1011/ccs/tools/compiler/gcc-arm-none-eabi-7-2017-q4-major/bin/../lib/gcc/arm-none-eabi/7.2.1/../../../../arm-none-eabi/lib/thumb/v7e-m/fpv4-sp/hard/libc.a(lib_a-closer.o)
 .text._close_r
                0x0000000000006abc       0x24 /home/saish/Desktop/ccs1011/ccs/tools/compiler/gcc-arm-none-eabi-7-2017-q4-major/bin/../lib/gcc/arm-none-eabi/7.2.1/../../../../arm-none-eabi/lib/thumb/v7e-m/fpv4-sp/hard/libc.a(lib_a-closer.o)
                0x0000000000006abc                _close_r
 .text          0x0000000000006ae0        0x0 /home/saish/Desktop/ccs1011/ccs/tools/compiler/gcc-arm-none-eabi-7-2017-q4-major/bin/../lib/gcc/arm-none-eabi/7.2.1/../../../../arm-none-eabi/lib/thumb/v7e-m/fpv4-sp/hard/libc.a(lib_a-fclose.o)
 .text._fclose_r
                0x0000000000006ae0       0xd0 /home/saish/Desktop/ccs1011/ccs/tools/compiler/gcc-arm-none-eabi-7-2017-q4-major/bin/../lib/gcc/arm-none-eabi/7.2.1/../../../../arm-none-eabi/lib/thumb/v7e-m/fpv4-sp/hard/libc.a(lib_a-fclose.o)
                0x0000000000006ae0                _fclose_r
 .text.fclose   0x0000000000006bb0       0x10 /home/saish/Desktop/ccs1011/ccs/tools/compiler/gcc-arm-none-eabi-7-2017-q4-major/bin/../lib/gcc/arm-none-eabi/7.2.1/../../../../arm-none-eabi/lib/thumb/v7e-m/fpv4-sp/hard/libc.a(lib_a-fclose.o)
                0x0000000000006bb0                fclose
 .text          0x0000000000006bc0        0x0 /home/saish/Desktop/ccs1011/ccs/tools/compiler/gcc-arm-none-eabi-7-2017-q4-major/bin/../lib/gcc/arm-none-eabi/7.2.1/../../../../arm-none-eabi/lib/thumb/v7e-m/fpv4-sp/hard/libc.a(lib_a-fputwc.o)
 .text.__fputwc
                0x0000000000006bc0       0xa0 /home/saish/Desktop/ccs1011/ccs/tools/compiler/gcc-arm-none-eabi-7-2017-q4-major/bin/../lib/gcc/arm-none-eabi/7.2.1/../../../../arm-none-eabi/lib/thumb/v7e-m/fpv4-sp/hard/libc.a(lib_a-fputwc.o)
                0x0000000000006bc0                __fputwc
 .text._fputwc_r
                0x0000000000006c60       0x64 /home/saish/Desktop/ccs1011/ccs/tools/compiler/gcc-arm-none-eabi-7-2017-q4-major/bin/../lib/gcc/arm-none-eabi/7.2.1/../../../../arm-none-eabi/lib/thumb/v7e-m/fpv4-sp/hard/libc.a(lib_a-fputwc.o)
                0x0000000000006c60                _fputwc_r
 .text.fputwc   0x0000000000006cc4       0x38 /home/saish/Desktop/ccs1011/ccs/tools/compiler/gcc-arm-none-eabi-7-2017-q4-major/bin/../lib/gcc/arm-none-eabi/7.2.1/../../../../arm-none-eabi/lib/thumb/v7e-m/fpv4-sp/hard/libc.a(lib_a-fputwc.o)
                0x0000000000006cc4                fputwc
 .text          0x0000000000006cfc        0x0 /home/saish/Desktop/ccs1011/ccs/tools/compiler/gcc-arm-none-eabi-7-2017-q4-major/bin/../lib/gcc/arm-none-eabi/7.2.1/../../../../arm-none-eabi/lib/thumb/v7e-m/fpv4-sp/hard/libc.a(lib_a-fstatr.o)
 .text._fstat_r
                0x0000000000006cfc       0x28 /home/saish/Desktop/ccs1011/ccs/tools/compiler/gcc-arm-none-eabi-7-2017-q4-major/bin/../lib/gcc/arm-none-eabi/7.2.1/../../../../arm-none-eabi/lib/thumb/v7e-m/fpv4-sp/hard/libc.a(lib_a-fstatr.o)
                0x0000000000006cfc                _fstat_r
 .text          0x0000000000006d24        0x0 /home/saish/Desktop/ccs1011/ccs/tools/compiler/gcc-arm-none-eabi-7-2017-q4-major/bin/../lib/gcc/arm-none-eabi/7.2.1/../../../../arm-none-eabi/lib/thumb/v7e-m/fpv4-sp/hard/libc.a(lib_a-fvwrite.o)
 .text.__sfvwrite_r
                0x0000000000006d24      0x2fc /home/saish/Desktop/ccs1011/ccs/tools/compiler/gcc-arm-none-eabi-7-2017-q4-major/bin/../lib/gcc/arm-none-eabi/7.2.1/../../../../arm-none-eabi/lib/thumb/v7e-m/fpv4-sp/hard/libc.a(lib_a-fvwrite.o)
                0x0000000000006d24                __sfvwrite_r
 .text          0x0000000000007020        0x0 /home/saish/Desktop/ccs1011/ccs/tools/compiler/gcc-arm-none-eabi-7-2017-q4-major/bin/../lib/gcc/arm-none-eabi/7.2.1/../../../../arm-none-eabi/lib/thumb/v7e-m/fpv4-sp/hard/libc.a(lib_a-isattyr.o)
 .text._isatty_r
                0x0000000000007020       0x24 /home/saish/Desktop/ccs1011/ccs/tools/compiler/gcc-arm-none-eabi-7-2017-q4-major/bin/../lib/gcc/arm-none-eabi/7.2.1/../../../../arm-none-eabi/lib/thumb/v7e-m/fpv4-sp/hard/libc.a(lib_a-isattyr.o)
                0x0000000000007020                _isatty_r
 .text          0x0000000000007044        0x0 /home/saish/Desktop/ccs1011/ccs/tools/compiler/gcc-arm-none-eabi-7-2017-q4-major/bin/../lib/gcc/arm-none-eabi/7.2.1/../../../../arm-none-eabi/lib/thumb/v7e-m/fpv4-sp/hard/libc.a(lib_a-locale.o)
 .text._setlocale_r
                0x0000000000007044       0x40 /home/saish/Desktop/ccs1011/ccs/tools/compiler/gcc-arm-none-eabi-7-2017-q4-major/bin/../lib/gcc/arm-none-eabi/7.2.1/../../../../arm-none-eabi/lib/thumb/v7e-m/fpv4-sp/hard/libc.a(lib_a-locale.o)
                0x0000000000007044                _setlocale_r
 .text.__locale_mb_cur_max
                0x0000000000007084       0x1c /home/saish/Desktop/ccs1011/ccs/tools/compiler/gcc-arm-none-eabi-7-2017-q4-major/bin/../lib/gcc/arm-none-eabi/7.2.1/../../../../arm-none-eabi/lib/thumb/v7e-m/fpv4-sp/hard/libc.a(lib_a-locale.o)
                0x0000000000007084                __locale_mb_cur_max
 .text.__locale_ctype_ptr_l
                0x00000000000070a0        0x8 /home/saish/Desktop/ccs1011/ccs/tools/compiler/gcc-arm-none-eabi-7-2017-q4-major/bin/../lib/gcc/arm-none-eabi/7.2.1/../../../../arm-none-eabi/lib/thumb/v7e-m/fpv4-sp/hard/libc.a(lib_a-locale.o)
                0x00000000000070a0                __locale_ctype_ptr_l
 .text.__locale_ctype_ptr
                0x00000000000070a8       0x1c /home/saish/Desktop/ccs1011/ccs/tools/compiler/gcc-arm-none-eabi-7-2017-q4-major/bin/../lib/gcc/arm-none-eabi/7.2.1/../../../../arm-none-eabi/lib/thumb/v7e-m/fpv4-sp/hard/libc.a(lib_a-locale.o)
                0x00000000000070a8                __locale_ctype_ptr
 .text.setlocale
                0x00000000000070c4       0x10 /home/saish/Desktop/ccs1011/ccs/tools/compiler/gcc-arm-none-eabi-7-2017-q4-major/bin/../lib/gcc/arm-none-eabi/7.2.1/../../../../arm-none-eabi/lib/thumb/v7e-m/fpv4-sp/hard/libc.a(lib_a-locale.o)
                0x00000000000070c4                setlocale
 .text          0x00000000000070d4        0x0 /home/saish/Desktop/ccs1011/ccs/tools/compiler/gcc-arm-none-eabi-7-2017-q4-major/bin/../lib/gcc/arm-none-eabi/7.2.1/../../../../arm-none-eabi/lib/thumb/v7e-m/fpv4-sp/hard/libc.a(lib_a-lseekr.o)
 .text._lseek_r
                0x00000000000070d4       0x2c /home/saish/Desktop/ccs1011/ccs/tools/compiler/gcc-arm-none-eabi-7-2017-q4-major/bin/../lib/gcc/arm-none-eabi/7.2.1/../../../../arm-none-eabi/lib/thumb/v7e-m/fpv4-sp/hard/libc.a(lib_a-lseekr.o)
                0x00000000000070d4                _lseek_r
 .text          0x0000000000007100        0x0 /home/saish/Desktop/ccs1011/ccs/tools/compiler/gcc-arm-none-eabi-7-2017-q4-major/bin/../lib/gcc/arm-none-eabi/7.2.1/../../../../arm-none-eabi/lib/thumb/v7e-m/fpv4-sp/hard/libc.a(lib_a-mbtowc_r.o)
 .text._mbtowc_r
                0x0000000000007100       0x24 /home/saish/Desktop/ccs1011/ccs/tools/compiler/gcc-arm-none-eabi-7-2017-q4-major/bin/../lib/gcc/arm-none-eabi/7.2.1/../../../../arm-none-eabi/lib/thumb/v7e-m/fpv4-sp/hard/libc.a(lib_a-mbtowc_r.o)
                0x0000000000007100                _mbtowc_r
 .text.__ascii_mbtowc
                0x0000000000007124       0x2c /home/saish/Desktop/ccs1011/ccs/tools/compiler/gcc-arm-none-eabi-7-2017-q4-major/bin/../lib/gcc/arm-none-eabi/7.2.1/../../../../arm-none-eabi/lib/thumb/v7e-m/fpv4-sp/hard/libc.a(lib_a-mbtowc_r.o)
                0x0000000000007124                __ascii_mbtowc
 .text          0x0000000000007150        0x0 /home/saish/Desktop/ccs1011/ccs/tools/compiler/gcc-arm-none-eabi-7-2017-q4-major/bin/../lib/gcc/arm-none-eabi/7.2.1/../../../../arm-none-eabi/lib/thumb/v7e-m/fpv4-sp/hard/libc.a(lib_a-memmove.o)
 .text.memmove  0x0000000000007150       0xc8 /home/saish/Desktop/ccs1011/ccs/tools/compiler/gcc-arm-none-eabi-7-2017-q4-major/bin/../lib/gcc/arm-none-eabi/7.2.1/../../../../arm-none-eabi/lib/thumb/v7e-m/fpv4-sp/hard/libc.a(lib_a-memmove.o)
                0x0000000000007150                memmove
 .text          0x0000000000007218        0x0 /home/saish/Desktop/ccs1011/ccs/tools/compiler/gcc-arm-none-eabi-7-2017-q4-major/bin/../lib/gcc/arm-none-eabi/7.2.1/../../../../arm-none-eabi/lib/thumb/v7e-m/fpv4-sp/hard/libc.a(lib_a-readr.o)
 .text._read_r  0x0000000000007218       0x2c /home/saish/Desktop/ccs1011/ccs/tools/compiler/gcc-arm-none-eabi-7-2017-q4-major/bin/../lib/gcc/arm-none-eabi/7.2.1/../../../../arm-none-eabi/lib/thumb/v7e-m/fpv4-sp/hard/libc.a(lib_a-readr.o)
                0x0000000000007218                _read_r
 .text          0x0000000000007244        0x0 /home/saish/Desktop/ccs1011/ccs/tools/compiler/gcc-arm-none-eabi-7-2017-q4-major/bin/../lib/gcc/arm-none-eabi/7.2.1/../../../../arm-none-eabi/lib/thumb/v7e-m/fpv4-sp/hard/libc.a(lib_a-reallocr.o)
 .text._realloc_r
                0x0000000000007244      0x35c /home/saish/Desktop/ccs1011/ccs/tools/compiler/gcc-arm-none-eabi-7-2017-q4-major/bin/../lib/gcc/arm-none-eabi/7.2.1/../../../../arm-none-eabi/lib/thumb/v7e-m/fpv4-sp/hard/libc.a(lib_a-reallocr.o)
                0x0000000000007244                _realloc_r
 .text          0x00000000000075a0        0x0 /home/saish/Desktop/ccs1011/ccs/tools/compiler/gcc-arm-none-eabi-7-2017-q4-major/bin/../lib/gcc/arm-none-eabi/7.2.1/../../../../arm-none-eabi/lib/thumb/v7e-m/fpv4-sp/hard/libc.a(lib_a-reent.o)
 .text.cleanup_glue
                0x00000000000075a0       0x28 /home/saish/Desktop/ccs1011/ccs/tools/compiler/gcc-arm-none-eabi-7-2017-q4-major/bin/../lib/gcc/arm-none-eabi/7.2.1/../../../../arm-none-eabi/lib/thumb/v7e-m/fpv4-sp/hard/libc.a(lib_a-reent.o)
                0x00000000000075a0                cleanup_glue
 .text._reclaim_reent
                0x00000000000075c8       0x88 /home/saish/Desktop/ccs1011/ccs/tools/compiler/gcc-arm-none-eabi-7-2017-q4-major/bin/../lib/gcc/arm-none-eabi/7.2.1/../../../../arm-none-eabi/lib/thumb/v7e-m/fpv4-sp/hard/libc.a(lib_a-reent.o)
                0x00000000000075c8                _reclaim_reent
 *fill*         0x0000000000007650       0x10 
 .text          0x0000000000007660      0x2dc /home/saish/Desktop/ccs1011/ccs/tools/compiler/gcc-arm-none-eabi-7-2017-q4-major/bin/../lib/gcc/arm-none-eabi/7.2.1/../../../../arm-none-eabi/lib/thumb/v7e-m/fpv4-sp/hard/libc.a(lib_a-strcmp.o)
                0x0000000000007668                strcmp
 .text          0x000000000000793c        0x0 /home/saish/Desktop/ccs1011/ccs/tools/compiler/gcc-arm-none-eabi-7-2017-q4-major/bin/../lib/gcc/arm-none-eabi/7.2.1/../../../../arm-none-eabi/lib/thumb/v7e-m/fpv4-sp/hard/libc.a(lib_a-wbuf.o)
 .text.__swbuf_r
                0x000000000000793c       0xb0 /home/saish/Desktop/ccs1011/ccs/tools/compiler/gcc-arm-none-eabi-7-2017-q4-major/bin/../lib/gcc/arm-none-eabi/7.2.1/../../../../arm-none-eabi/lib/thumb/v7e-m/fpv4-sp/hard/libc.a(lib_a-wbuf.o)
                0x000000000000793c                __swbuf_r
 .text.__swbuf  0x00000000000079ec       0x10 /home/saish/Desktop/ccs1011/ccs/tools/compiler/gcc-arm-none-eabi-7-2017-q4-major/bin/../lib/gcc/arm-none-eabi/7.2.1/../../../../arm-none-eabi/lib/thumb/v7e-m/fpv4-sp/hard/libc.a(lib_a-wbuf.o)
                0x00000000000079ec                __swbuf
 .text          0x00000000000079fc        0x0 /home/saish/Desktop/ccs1011/ccs/tools/compiler/gcc-arm-none-eabi-7-2017-q4-major/bin/../lib/gcc/arm-none-eabi/7.2.1/../../../../arm-none-eabi/lib/thumb/v7e-m/fpv4-sp/hard/libc.a(lib_a-wcrtomb.o)
 .text._wcrtomb_r
                0x00000000000079fc       0x50 /home/saish/Desktop/ccs1011/ccs/tools/compiler/gcc-arm-none-eabi-7-2017-q4-major/bin/../lib/gcc/arm-none-eabi/7.2.1/../../../../arm-none-eabi/lib/thumb/v7e-m/fpv4-sp/hard/libc.a(lib_a-wcrtomb.o)
                0x00000000000079fc                _wcrtomb_r
 .text.wcrtomb  0x0000000000007a4c       0x54 /home/saish/Desktop/ccs1011/ccs/tools/compiler/gcc-arm-none-eabi-7-2017-q4-major/bin/../lib/gcc/arm-none-eabi/7.2.1/../../../../arm-none-eabi/lib/thumb/v7e-m/fpv4-sp/hard/libc.a(lib_a-wcrtomb.o)
                0x0000000000007a4c                wcrtomb
 .text          0x0000000000007aa0        0x0 /home/saish/Desktop/ccs1011/ccs/tools/compiler/gcc-arm-none-eabi-7-2017-q4-major/bin/../lib/gcc/arm-none-eabi/7.2.1/../../../../arm-none-eabi/lib/thumb/v7e-m/fpv4-sp/hard/libc.a(lib_a-wctomb_r.o)
 .text._wctomb_r
                0x0000000000007aa0       0x24 /home/saish/Desktop/ccs1011/ccs/tools/compiler/gcc-arm-none-eabi-7-2017-q4-major/bin/../lib/gcc/arm-none-eabi/7.2.1/../../../../arm-none-eabi/lib/thumb/v7e-m/fpv4-sp/hard/libc.a(lib_a-wctomb_r.o)
                0x0000000000007aa0                _wctomb_r
 .text.__ascii_wctomb
                0x0000000000007ac4       0x1c /home/saish/Desktop/ccs1011/ccs/tools/compiler/gcc-arm-none-eabi-7-2017-q4-major/bin/../lib/gcc/arm-none-eabi/7.2.1/../../../../arm-none-eabi/lib/thumb/v7e-m/fpv4-sp/hard/libc.a(lib_a-wctomb_r.o)
                0x0000000000007ac4                __ascii_wctomb
 .text          0x0000000000007ae0        0x0 /home/saish/Desktop/ccs1011/ccs/tools/compiler/gcc-arm-none-eabi-7-2017-q4-major/bin/../lib/gcc/arm-none-eabi/7.2.1/../../../../arm-none-eabi/lib/thumb/v7e-m/fpv4-sp/hard/libc.a(lib_a-ctype_.o)
 .text          0x0000000000007ae0      0x378 /home/saish/Desktop/ccs1011/ccs/tools/compiler/gcc-arm-none-eabi-7-2017-q4-major/bin/../lib/gcc/arm-none-eabi/7.2.1/thumb/v7e-m/fpv4-sp/hard/libgcc.a(_arm_addsubdf3.o)
                0x0000000000007ae0                __aeabi_drsub
                0x0000000000007ae8                __aeabi_dsub
                0x0000000000007ae8                __subdf3
                0x0000000000007aec                __adddf3
                0x0000000000007aec                __aeabi_dadd
                0x0000000000007d64                __aeabi_ui2d
                0x0000000000007d64                __floatunsidf
                0x0000000000007d84                __floatsidf
                0x0000000000007d84                __aeabi_i2d
                0x0000000000007da8                __extendsfdf2
                0x0000000000007da8                __aeabi_f2d
                0x0000000000007dec                __aeabi_ul2d
                0x0000000000007dec                __floatundidf
                0x0000000000007dfc                __floatdidf
                0x0000000000007dfc                __aeabi_l2d
 .text          0x0000000000007e58      0x424 /home/saish/Desktop/ccs1011/ccs/tools/compiler/gcc-arm-none-eabi-7-2017-q4-major/bin/../lib/gcc/arm-none-eabi/7.2.1/thumb/v7e-m/fpv4-sp/hard/libgcc.a(_arm_muldivdf3.o)
                0x0000000000007e58                __aeabi_dmul
                0x0000000000007e58                __muldf3
                0x00000000000080ac                __aeabi_ddiv
                0x00000000000080ac                __divdf3
 .text          0x000000000000827c      0x110 /home/saish/Desktop/ccs1011/ccs/tools/compiler/gcc-arm-none-eabi-7-2017-q4-major/bin/../lib/gcc/arm-none-eabi/7.2.1/thumb/v7e-m/fpv4-sp/hard/libgcc.a(_arm_cmpdf2.o)
                0x000000000000827c                __gtdf2
                0x000000000000827c                __gedf2
                0x0000000000008284                __ltdf2
                0x0000000000008284                __ledf2
                0x000000000000828c                __cmpdf2
                0x000000000000828c                __eqdf2
                0x000000000000828c                __nedf2
                0x0000000000008308                __aeabi_cdrcmple
                0x0000000000008318                __aeabi_cdcmple
                0x0000000000008318                __aeabi_cdcmpeq
                0x0000000000008328                __aeabi_dcmpeq
                0x000000000000833c                __aeabi_dcmplt
                0x0000000000008350                __aeabi_dcmple
                0x0000000000008364                __aeabi_dcmpge
                0x0000000000008378                __aeabi_dcmpgt
 .text          0x000000000000838c       0x2c /home/saish/Desktop/ccs1011/ccs/tools/compiler/gcc-arm-none-eabi-7-2017-q4-major/bin/../lib/gcc/arm-none-eabi/7.2.1/thumb/v7e-m/fpv4-sp/hard/libgcc.a(_arm_unorddf2.o)
                0x000000000000838c                __aeabi_dcmpun
                0x000000000000838c                __unorddf2
 .text          0x00000000000083b8       0x50 /home/saish/Desktop/ccs1011/ccs/tools/compiler/gcc-arm-none-eabi-7-2017-q4-major/bin/../lib/gcc/arm-none-eabi/7.2.1/thumb/v7e-m/fpv4-sp/hard/libgcc.a(_arm_fixdfsi.o)
                0x00000000000083b8                __fixdfsi
                0x00000000000083b8                __aeabi_d2iz
 .text          0x0000000000008408       0x30 /home/saish/Desktop/ccs1011/ccs/tools/compiler/gcc-arm-none-eabi-7-2017-q4-major/bin/../lib/gcc/arm-none-eabi/7.2.1/thumb/v7e-m/fpv4-sp/hard/libgcc.a(_aeabi_uldivmod.o)
                0x0000000000008408                __aeabi_uldivmod
 .text          0x0000000000008438      0x2cc /home/saish/Desktop/ccs1011/ccs/tools/compiler/gcc-arm-none-eabi-7-2017-q4-major/bin/../lib/gcc/arm-none-eabi/7.2.1/thumb/v7e-m/fpv4-sp/hard/libgcc.a(_udivmoddi4.o)
                0x0000000000008438                __udivmoddi4
 .text          0x0000000000008704        0x4 /home/saish/Desktop/ccs1011/ccs/tools/compiler/gcc-arm-none-eabi-7-2017-q4-major/bin/../lib/gcc/arm-none-eabi/7.2.1/thumb/v7e-m/fpv4-sp/hard/libgcc.a(_dvmd_tls.o)
                0x0000000000008704                __aeabi_ldiv0
                0x0000000000008704                __aeabi_idiv0
 .text          0x0000000000008708        0x0 /home/saish/Desktop/ccs1011/ccs/tools/compiler/gcc-arm-none-eabi-7-2017-q4-major/bin/../lib/gcc/arm-none-eabi/7.2.1/../../../../arm-none-eabi/lib/thumb/v7e-m/fpv4-sp/hard/libnosys.a(_exit.o)
 .text._exit    0x0000000000008708        0x4 /home/saish/Desktop/ccs1011/ccs/tools/compiler/gcc-arm-none-eabi-7-2017-q4-major/bin/../lib/gcc/arm-none-eabi/7.2.1/../../../../arm-none-eabi/lib/thumb/v7e-m/fpv4-sp/hard/libnosys.a(_exit.o)
                0x0000000000008708                _exit
 .text          0x000000000000870c        0x0 /home/saish/Desktop/ccs1011/ccs/tools/compiler/gcc-arm-none-eabi-7-2017-q4-major/bin/../lib/gcc/arm-none-eabi/7.2.1/thumb/v7e-m/fpv4-sp/hard/crtend.o
 .text          0x000000000000870c        0x0 /home/saish/Desktop/ccs1011/ccs/tools/compiler/gcc-arm-none-eabi-7-2017-q4-major/bin/../lib/gcc/arm-none-eabi/7.2.1/thumb/v7e-m/fpv4-sp/hard/crtn.o
                0x000000000000870c                . = ALIGN (0x4)
 *(.rodata*)
 .rodata.task_1_func.str1.1
                0x000000000000870c        0x4 ./main.o
 .rodata._global_impure_ptr
                0x0000000000008710        0x4 /home/saish/Desktop/ccs1011/ccs/tools/compiler/gcc-arm-none-eabi-7-2017-q4-major/bin/../lib/gcc/arm-none-eabi/7.2.1/../../../../arm-none-eabi/lib/thumb/v7e-m/fpv4-sp/hard/libc.a(lib_a-impure.o)
                0x0000000000008710                _global_impure_ptr
 .rodata._vfprintf_r.str1.4
                0x0000000000008714       0x42 /home/saish/Desktop/ccs1011/ccs/tools/compiler/gcc-arm-none-eabi-7-2017-q4-major/bin/../lib/gcc/arm-none-eabi/7.2.1/../../../../arm-none-eabi/lib/thumb/v7e-m/fpv4-sp/hard/libc.a(lib_a-vfprintf.o)
 *fill*         0x0000000000008756        0x2 
 .rodata.blanks.8566
                0x0000000000008758       0x10 /home/saish/Desktop/ccs1011/ccs/tools/compiler/gcc-arm-none-eabi-7-2017-q4-major/bin/../lib/gcc/arm-none-eabi/7.2.1/../../../../arm-none-eabi/lib/thumb/v7e-m/fpv4-sp/hard/libc.a(lib_a-vfprintf.o)
 .rodata.zeroes.8567
                0x0000000000008768       0x10 /home/saish/Desktop/ccs1011/ccs/tools/compiler/gcc-arm-none-eabi-7-2017-q4-major/bin/../lib/gcc/arm-none-eabi/7.2.1/../../../../arm-none-eabi/lib/thumb/v7e-m/fpv4-sp/hard/libc.a(lib_a-vfprintf.o)
 .rodata._dtoa_r.str1.4
                0x0000000000008778       0x10 /home/saish/Desktop/ccs1011/ccs/tools/compiler/gcc-arm-none-eabi-7-2017-q4-major/bin/../lib/gcc/arm-none-eabi/7.2.1/../../../../arm-none-eabi/lib/thumb/v7e-m/fpv4-sp/hard/libc.a(lib_a-dtoa.o)
                                         0x12 (size before relaxing)
 .rodata.__mprec_bigtens
                0x0000000000008788       0x28 /home/saish/Desktop/ccs1011/ccs/tools/compiler/gcc-arm-none-eabi-7-2017-q4-major/bin/../lib/gcc/arm-none-eabi/7.2.1/../../../../arm-none-eabi/lib/thumb/v7e-m/fpv4-sp/hard/libc.a(lib_a-mprec.o)
                0x0000000000008788                __mprec_bigtens
 .rodata.__mprec_tens
                0x00000000000087b0       0xc8 /home/saish/Desktop/ccs1011/ccs/tools/compiler/gcc-arm-none-eabi-7-2017-q4-major/bin/../lib/gcc/arm-none-eabi/7.2.1/../../../../arm-none-eabi/lib/thumb/v7e-m/fpv4-sp/hard/libc.a(lib_a-mprec.o)
                0x00000000000087b0                __mprec_tens
 .rodata.__mprec_tinytens
                0x0000000000008878       0x28 /home/saish/Desktop/ccs1011/ccs/tools/compiler/gcc-arm-none-eabi-7-2017-q4-major/bin/../lib/gcc/arm-none-eabi/7.2.1/../../../../arm-none-eabi/lib/thumb/v7e-m/fpv4-sp/hard/libc.a(lib_a-mprec.o)
                0x0000000000008878                __mprec_tinytens
 .rodata.p05.7367
                0x00000000000088a0        0xc /home/saish/Desktop/ccs1011/ccs/tools/compiler/gcc-arm-none-eabi-7-2017-q4-major/bin/../lib/gcc/arm-none-eabi/7.2.1/../../../../arm-none-eabi/lib/thumb/v7e-m/fpv4-sp/hard/libc.a(lib_a-mprec.o)
 .rodata._vfiprintf_r.str1.4
                0x00000000000088ac       0x2f /home/saish/Desktop/ccs1011/ccs/tools/compiler/gcc-arm-none-eabi-7-2017-q4-major/bin/../lib/gcc/arm-none-eabi/7.2.1/../../../../arm-none-eabi/lib/thumb/v7e-m/fpv4-sp/hard/libc.a(lib_a-vfiprintf.o)
 .rodata.blanks.8545
                0x00000000000088ac       0x10 /home/saish/Desktop/ccs1011/ccs/tools/compiler/gcc-arm-none-eabi-7-2017-q4-major/bin/../lib/gcc/arm-none-eabi/7.2.1/../../../../arm-none-eabi/lib/thumb/v7e-m/fpv4-sp/hard/libc.a(lib_a-vfiprintf.o)
 .rodata.zeroes.8546
                0x00000000000088bc       0x10 /home/saish/Desktop/ccs1011/ccs/tools/compiler/gcc-arm-none-eabi-7-2017-q4-major/bin/../lib/gcc/arm-none-eabi/7.2.1/../../../../arm-none-eabi/lib/thumb/v7e-m/fpv4-sp/hard/libc.a(lib_a-vfiprintf.o)
 .rodata._setlocale_r.str1.4
                0x00000000000088cc        0xa /home/saish/Desktop/ccs1011/ccs/tools/compiler/gcc-arm-none-eabi-7-2017-q4-major/bin/../lib/gcc/arm-none-eabi/7.2.1/../../../../arm-none-eabi/lib/thumb/v7e-m/fpv4-sp/hard/libc.a(lib_a-locale.o)
                                          0xd (size before relaxing)
 *fill*         0x00000000000088d6        0x2 
 .rodata.str1.4
                0x00000000000088d8        0x4 /home/saish/Desktop/ccs1011/ccs/tools/compiler/gcc-arm-none-eabi-7-2017-q4-major/bin/../lib/gcc/arm-none-eabi/7.2.1/../../../../arm-none-eabi/lib/thumb/v7e-m/fpv4-sp/hard/libc.a(lib_a-locale.o)
                                          0x2 (size before relaxing)
 .rodata._ctype_
                0x00000000000088dc      0x101 /home/saish/Desktop/ccs1011/ccs/tools/compiler/gcc-arm-none-eabi-7-2017-q4-major/bin/../lib/gcc/arm-none-eabi/7.2.1/../../../../arm-none-eabi/lib/thumb/v7e-m/fpv4-sp/hard/libc.a(lib_a-ctype_.o)
                0x00000000000088dc                _ctype_
                0x00000000000089e0                . = ALIGN (0x4)
 *fill*         0x00000000000089dd        0x3 

.glue_7         0x00000000000089e0        0x0
 .glue_7        0x00000000000089e0        0x0 linker stubs

.glue_7t        0x00000000000089e0        0x0
 .glue_7t       0x00000000000089e0        0x0 linker stubs

.vfp11_veneer   0x00000000000089e0        0x0
 .vfp11_veneer  0x00000000000089e0        0x0 linker stubs

.v4_bx          0x00000000000089e0        0x0
 .v4_bx         0x00000000000089e0        0x0 linker stubs

.init           0x00000000000089e0        0xc
 .init          0x00000000000089e0        0x4 /home/saish/Desktop/ccs1011/ccs/tools/compiler/gcc-arm-none-eabi-7-2017-q4-major/bin/../lib/gcc/arm-none-eabi/7.2.1/thumb/v7e-m/fpv4-sp/hard/crti.o
                0x00000000000089e0                _init
 .init          0x00000000000089e4        0x8 /home/saish/Desktop/ccs1011/ccs/tools/compiler/gcc-arm-none-eabi-7-2017-q4-major/bin/../lib/gcc/arm-none-eabi/7.2.1/thumb/v7e-m/fpv4-sp/hard/crtn.o

.fini           0x00000000000089ec        0xc
 .fini          0x00000000000089ec        0x4 /home/saish/Desktop/ccs1011/ccs/tools/compiler/gcc-arm-none-eabi-7-2017-q4-major/bin/../lib/gcc/arm-none-eabi/7.2.1/thumb/v7e-m/fpv4-sp/hard/crti.o
                0x00000000000089ec                _fini
 .fini          0x00000000000089f0        0x8 /home/saish/Desktop/ccs1011/ccs/tools/compiler/gcc-arm-none-eabi-7-2017-q4-major/bin/../lib/gcc/arm-none-eabi/7.2.1/thumb/v7e-m/fpv4-sp/hard/crtn.o

.iplt           0x00000000000089f8        0x0
 .iplt          0x00000000000089f8        0x0 /home/saish/Desktop/ccs1011/ccs/tools/compiler/gcc-arm-none-eabi-7-2017-q4-major/bin/../lib/gcc/arm-none-eabi/7.2.1/thumb/v7e-m/fpv4-sp/hard/crtbegin.o

.preinit_array  0x00000000000089f8        0x0
                0x00000000000089f8                . = ALIGN (0x4)
                0x00000000000089f8                __preinit_array_start = .
 *(.preinit_array)
                0x00000000000089f8                __preinit_array_end = .

.init_array     0x00000000000089f8        0x8
                0x00000000000089f8                . = ALIGN (0x4)
                0x00000000000089f8                __init_array_start = .
 *(SORT_BY_NAME(.init_array.*))
 .init_array.00000
                0x00000000000089f8        0x4 /home/saish/Desktop/ccs1011/ccs/tools/compiler/gcc-arm-none-eabi-7-2017-q4-major/bin/../lib/gcc/arm-none-eabi/7.2.1/../../../../arm-none-eabi/lib/thumb/v7e-m/fpv4-sp/hard/libc.a(lib_a-__call_atexit.o)
 *(.init_array)
 .init_array    0x00000000000089fc        0x4 /home/saish/Desktop/ccs1011/ccs/tools/compiler/gcc-arm-none-eabi-7-2017-q4-major/bin/../lib/gcc/arm-none-eabi/7.2.1/thumb/v7e-m/fpv4-sp/hard/crtbegin.o
                0x0000000000008a00                __init_array_end = .

.fini_array     0x0000000000008a00        0x4
                0x0000000000008a00                . = ALIGN (0x4)
                0x0000000000008a00                __fini_array_start = .
 *(.fini_array)
 .fini_array    0x0000000000008a00        0x4 /home/saish/Desktop/ccs1011/ccs/tools/compiler/gcc-arm-none-eabi-7-2017-q4-major/bin/../lib/gcc/arm-none-eabi/7.2.1/thumb/v7e-m/fpv4-sp/hard/crtbegin.o
 *(SORT_BY_NAME(.fini_array.*))
                0x0000000000008a04                __fini_array_end = .

.ARM.extab      0x0000000000008a04        0x0
 *(.ARM.extab*)
 .ARM.extab     0x0000000000008a04        0x0 /home/saish/Desktop/ccs1011/ccs/tools/compiler/gcc-arm-none-eabi-7-2017-q4-major/bin/../lib/gcc/arm-none-eabi/7.2.1/../../../../arm-none-eabi/lib/thumb/v7e-m/fpv4-sp/hard/crt0.o
 .ARM.extab     0x0000000000008a04        0x0 /home/saish/Desktop/ccs1011/ccs/tools/compiler/gcc-arm-none-eabi-7-2017-q4-major/bin/../lib/gcc/arm-none-eabi/7.2.1/thumb/v7e-m/fpv4-sp/hard/libgcc.a(_udivmoddi4.o)

.eh_frame       0x0000000000008a04        0x4
 .eh_frame      0x0000000000008a04        0x0 /home/saish/Desktop/ccs1011/ccs/tools/compiler/gcc-arm-none-eabi-7-2017-q4-major/bin/../lib/gcc/arm-none-eabi/7.2.1/thumb/v7e-m/fpv4-sp/hard/crtbegin.o
 .eh_frame      0x0000000000008a04        0x4 /home/saish/Desktop/ccs1011/ccs/tools/compiler/gcc-arm-none-eabi-7-2017-q4-major/bin/../lib/gcc/arm-none-eabi/7.2.1/thumb/v7e-m/fpv4-sp/hard/crtend.o

.ARM.exidx      0x0000000000008a08        0x8
                0x0000000000008a08                __exidx_start = .
 *(.ARM.exidx*)
 .ARM.exidx     0x0000000000008a08        0x8 /home/saish/Desktop/ccs1011/ccs/tools/compiler/gcc-arm-none-eabi-7-2017-q4-major/bin/../lib/gcc/arm-none-eabi/7.2.1/../../../../arm-none-eabi/lib/thumb/v7e-m/fpv4-sp/hard/crt0.o
 .ARM.exidx     0x0000000000008a10        0x0 /home/saish/Desktop/ccs1011/ccs/tools/compiler/gcc-arm-none-eabi-7-2017-q4-major/bin/../lib/gcc/arm-none-eabi/7.2.1/thumb/v7e-m/fpv4-sp/hard/libgcc.a(_udivmoddi4.o)
                                          0x8 (size before relaxing)
                0x0000000000008a10                __exidx_end = .

.rel.dyn        0x0000000000008a10        0x0
 .rel.iplt      0x0000000000008a10        0x0 /home/saish/Desktop/ccs1011/ccs/tools/compiler/gcc-arm-none-eabi-7-2017-q4-major/bin/../lib/gcc/arm-none-eabi/7.2.1/thumb/v7e-m/fpv4-sp/hard/crtbegin.o
                0x0000000000008a10                . = ALIGN (0x4)
                0x0000000000008a10                _etext = .

.data           0x0000000020000000      0x9b0 load address 0x0000000000008a10
                0x0000000020000000                _data = .
 *(.data*)
 .data          0x0000000020000000        0x0 /home/saish/Desktop/ccs1011/ccs/tools/compiler/gcc-arm-none-eabi-7-2017-q4-major/bin/../lib/gcc/arm-none-eabi/7.2.1/thumb/v7e-m/fpv4-sp/hard/crti.o
 .data          0x0000000020000000        0x4 /home/saish/Desktop/ccs1011/ccs/tools/compiler/gcc-arm-none-eabi-7-2017-q4-major/bin/../lib/gcc/arm-none-eabi/7.2.1/thumb/v7e-m/fpv4-sp/hard/crtbegin.o
                0x0000000020000000                __dso_handle
 .data          0x0000000020000004        0x0 /home/saish/Desktop/ccs1011/ccs/tools/compiler/gcc-arm-none-eabi-7-2017-q4-major/bin/../lib/gcc/arm-none-eabi/7.2.1/../../../../arm-none-eabi/lib/thumb/v7e-m/fpv4-sp/hard/crt0.o
 .data          0x0000000020000004        0x0 ./main.o
 .data          0x0000000020000004        0x0 ./boards/ek-tm4c123gxl/board_setup.o
 .data          0x0000000020000004        0x0 ./boards/ek-tm4c123gxl/gpio.o
 .data          0x0000000020000004        0x0 ./boards/ek-tm4c123gxl/pll.o
 .data          0x0000000020000004        0x0 ./boards/ek-tm4c123gxl/systick.o
 .data          0x0000000020000004        0x0 ./boards/ek-tm4c123gxl/uart0.o
 .data          0x0000000020000004        0x0 ./kernel/atomkernel.o
 .data          0x0000000020000004        0x0 ./kernel/atommutex.o
 .data          0x0000000020000004        0x0 ./kernel/atomqueue.o
 .data          0x0000000020000004        0x0 ./kernel/atomsem.o
 .data          0x0000000020000004        0x0 ./kernel/atomtimer.o
 .data          0x0000000020000004        0x0 ./ports/cortex-m/atomport-asm.o
 .data          0x0000000020000004        0x0 ./ports/cortex-m/atomport.o
 .data          0x0000000020000004        0x0 ./ports/cortex-m/common/stubs.o
 .data          0x0000000020000004        0x0 ./ports/cortex-m/common/tivac_con.o
 .data          0x0000000020000004        0x0 ./ports/cortex-m/common/vector.o
 .data          0x0000000020000004        0x0 /home/saish/Desktop/ccs1011/ccs/tools/compiler/gcc-arm-none-eabi-7-2017-q4-major/bin/../lib/gcc/arm-none-eabi/7.2.1/../../../../arm-none-eabi/lib/thumb/v7e-m/fpv4-sp/hard/libc.a(lib_a-errno.o)
 .data          0x0000000020000004        0x0 /home/saish/Desktop/ccs1011/ccs/tools/compiler/gcc-arm-none-eabi-7-2017-q4-major/bin/../lib/gcc/arm-none-eabi/7.2.1/../../../../arm-none-eabi/lib/thumb/v7e-m/fpv4-sp/hard/libc.a(lib_a-exit.o)
 .data          0x0000000020000004        0x0 /home/saish/Desktop/ccs1011/ccs/tools/compiler/gcc-arm-none-eabi-7-2017-q4-major/bin/../lib/gcc/arm-none-eabi/7.2.1/../../../../arm-none-eabi/lib/thumb/v7e-m/fpv4-sp/hard/libc.a(lib_a-impure.o)
 .data._impure_ptr
                0x0000000020000004        0x4 /home/saish/Desktop/ccs1011/ccs/tools/compiler/gcc-arm-none-eabi-7-2017-q4-major/bin/../lib/gcc/arm-none-eabi/7.2.1/../../../../arm-none-eabi/lib/thumb/v7e-m/fpv4-sp/hard/libc.a(lib_a-impure.o)
                0x0000000020000004                _impure_ptr
 .data.impure_data
                0x0000000020000008      0x428 /home/saish/Desktop/ccs1011/ccs/tools/compiler/gcc-arm-none-eabi-7-2017-q4-major/bin/../lib/gcc/arm-none-eabi/7.2.1/../../../../arm-none-eabi/lib/thumb/v7e-m/fpv4-sp/hard/libc.a(lib_a-impure.o)
 .data          0x0000000020000430        0x0 /home/saish/Desktop/ccs1011/ccs/tools/compiler/gcc-arm-none-eabi-7-2017-q4-major/bin/../lib/gcc/arm-none-eabi/7.2.1/../../../../arm-none-eabi/lib/thumb/v7e-m/fpv4-sp/hard/libc.a(lib_a-init.o)
 .data          0x0000000020000430        0x0 /home/saish/Desktop/ccs1011/ccs/tools/compiler/gcc-arm-none-eabi-7-2017-q4-major/bin/../lib/gcc/arm-none-eabi/7.2.1/../../../../arm-none-eabi/lib/thumb/v7e-m/fpv4-sp/hard/libc.a(lib_a-memcpy.o)
 .data          0x0000000020000430        0x0 /home/saish/Desktop/ccs1011/ccs/tools/compiler/gcc-arm-none-eabi-7-2017-q4-major/bin/../lib/gcc/arm-none-eabi/7.2.1/../../../../arm-none-eabi/lib/thumb/v7e-m/fpv4-sp/hard/libc.a(lib_a-memset.o)
 .data          0x0000000020000430        0x0 /home/saish/Desktop/ccs1011/ccs/tools/compiler/gcc-arm-none-eabi-7-2017-q4-major/bin/../lib/gcc/arm-none-eabi/7.2.1/../../../../arm-none-eabi/lib/thumb/v7e-m/fpv4-sp/hard/libc.a(lib_a-printf.o)
 .data          0x0000000020000430        0x0 /home/saish/Desktop/ccs1011/ccs/tools/compiler/gcc-arm-none-eabi-7-2017-q4-major/bin/../lib/gcc/arm-none-eabi/7.2.1/../../../../arm-none-eabi/lib/thumb/v7e-m/fpv4-sp/hard/libc.a(lib_a-vfprintf.o)
 .data          0x0000000020000430        0x0 /home/saish/Desktop/ccs1011/ccs/tools/compiler/gcc-arm-none-eabi-7-2017-q4-major/bin/../lib/gcc/arm-none-eabi/7.2.1/../../../../arm-none-eabi/lib/thumb/v7e-m/fpv4-sp/hard/libc.a(lib_a-wsetup.o)
 .data          0x0000000020000430        0x0 /home/saish/Desktop/ccs1011/ccs/tools/compiler/gcc-arm-none-eabi-7-2017-q4-major/bin/../lib/gcc/arm-none-eabi/7.2.1/../../../../arm-none-eabi/lib/thumb/v7e-m/fpv4-sp/hard/libc.a(lib_a-__call_atexit.o)
 .data.__atexit_recursive_mutex
                0x0000000020000430        0x4 /home/saish/Desktop/ccs1011/ccs/tools/compiler/gcc-arm-none-eabi-7-2017-q4-major/bin/../lib/gcc/arm-none-eabi/7.2.1/../../../../arm-none-eabi/lib/thumb/v7e-m/fpv4-sp/hard/libc.a(lib_a-__call_atexit.o)
                0x0000000020000430                __atexit_recursive_mutex
 .data          0x0000000020000434        0x0 /home/saish/Desktop/ccs1011/ccs/tools/compiler/gcc-arm-none-eabi-7-2017-q4-major/bin/../lib/gcc/arm-none-eabi/7.2.1/../../../../arm-none-eabi/lib/thumb/v7e-m/fpv4-sp/hard/libc.a(lib_a-atexit.o)
 .data          0x0000000020000434        0x0 /home/saish/Desktop/ccs1011/ccs/tools/compiler/gcc-arm-none-eabi-7-2017-q4-major/bin/../lib/gcc/arm-none-eabi/7.2.1/../../../../arm-none-eabi/lib/thumb/v7e-m/fpv4-sp/hard/libc.a(lib_a-dtoa.o)
 .data          0x0000000020000434        0x0 /home/saish/Desktop/ccs1011/ccs/tools/compiler/gcc-arm-none-eabi-7-2017-q4-major/bin/../lib/gcc/arm-none-eabi/7.2.1/../../../../arm-none-eabi/lib/thumb/v7e-m/fpv4-sp/hard/libc.a(lib_a-fflush.o)
 .data          0x0000000020000434        0x0 /home/saish/Desktop/ccs1011/ccs/tools/compiler/gcc-arm-none-eabi-7-2017-q4-major/bin/../lib/gcc/arm-none-eabi/7.2.1/../../../../arm-none-eabi/lib/thumb/v7e-m/fpv4-sp/hard/libc.a(lib_a-findfp.o)
 .data          0x0000000020000434        0x0 /home/saish/Desktop/ccs1011/ccs/tools/compiler/gcc-arm-none-eabi-7-2017-q4-major/bin/../lib/gcc/arm-none-eabi/7.2.1/../../../../arm-none-eabi/lib/thumb/v7e-m/fpv4-sp/hard/libc.a(lib_a-fini.o)
 .data          0x0000000020000434        0x0 /home/saish/Desktop/ccs1011/ccs/tools/compiler/gcc-arm-none-eabi-7-2017-q4-major/bin/../lib/gcc/arm-none-eabi/7.2.1/../../../../arm-none-eabi/lib/thumb/v7e-m/fpv4-sp/hard/libc.a(lib_a-freer.o)
 .data          0x0000000020000434        0x0 /home/saish/Desktop/ccs1011/ccs/tools/compiler/gcc-arm-none-eabi-7-2017-q4-major/bin/../lib/gcc/arm-none-eabi/7.2.1/../../../../arm-none-eabi/lib/thumb/v7e-m/fpv4-sp/hard/libc.a(lib_a-fwalk.o)
 .data          0x0000000020000434        0x0 /home/saish/Desktop/ccs1011/ccs/tools/compiler/gcc-arm-none-eabi-7-2017-q4-major/bin/../lib/gcc/arm-none-eabi/7.2.1/../../../../arm-none-eabi/lib/thumb/v7e-m/fpv4-sp/hard/libc.a(lib_a-localeconv.o)
 .data          0x0000000020000434        0x0 /home/saish/Desktop/ccs1011/ccs/tools/compiler/gcc-arm-none-eabi-7-2017-q4-major/bin/../lib/gcc/arm-none-eabi/7.2.1/../../../../arm-none-eabi/lib/thumb/v7e-m/fpv4-sp/hard/libc.a(lib_a-lock.o)
 .data          0x0000000020000434        0x0 /home/saish/Desktop/ccs1011/ccs/tools/compiler/gcc-arm-none-eabi-7-2017-q4-major/bin/../lib/gcc/arm-none-eabi/7.2.1/../../../../arm-none-eabi/lib/thumb/v7e-m/fpv4-sp/hard/libc.a(lib_a-makebuf.o)
 .data          0x0000000020000434        0x0 /home/saish/Desktop/ccs1011/ccs/tools/compiler/gcc-arm-none-eabi-7-2017-q4-major/bin/../lib/gcc/arm-none-eabi/7.2.1/../../../../arm-none-eabi/lib/thumb/v7e-m/fpv4-sp/hard/libc.a(lib_a-mallocr.o)
 .data.__malloc_av_
                0x0000000020000434      0x408 /home/saish/Desktop/ccs1011/ccs/tools/compiler/gcc-arm-none-eabi-7-2017-q4-major/bin/../lib/gcc/arm-none-eabi/7.2.1/../../../../arm-none-eabi/lib/thumb/v7e-m/fpv4-sp/hard/libc.a(lib_a-mallocr.o)
                0x0000000020000434                __malloc_av_
 .data.__malloc_sbrk_base
                0x000000002000083c        0x4 /home/saish/Desktop/ccs1011/ccs/tools/compiler/gcc-arm-none-eabi-7-2017-q4-major/bin/../lib/gcc/arm-none-eabi/7.2.1/../../../../arm-none-eabi/lib/thumb/v7e-m/fpv4-sp/hard/libc.a(lib_a-mallocr.o)
                0x000000002000083c                __malloc_sbrk_base
 .data.__malloc_trim_threshold
                0x0000000020000840        0x4 /home/saish/Desktop/ccs1011/ccs/tools/compiler/gcc-arm-none-eabi-7-2017-q4-major/bin/../lib/gcc/arm-none-eabi/7.2.1/../../../../arm-none-eabi/lib/thumb/v7e-m/fpv4-sp/hard/libc.a(lib_a-mallocr.o)
                0x0000000020000840                __malloc_trim_threshold
 .data          0x0000000020000844        0x0 /home/saish/Desktop/ccs1011/ccs/tools/compiler/gcc-arm-none-eabi-7-2017-q4-major/bin/../lib/gcc/arm-none-eabi/7.2.1/../../../../arm-none-eabi/lib/thumb/v7e-m/fpv4-sp/hard/libc.a(lib_a-memchr.o)
 .data          0x0000000020000844        0x0 /home/saish/Desktop/ccs1011/ccs/tools/compiler/gcc-arm-none-eabi-7-2017-q4-major/bin/../lib/gcc/arm-none-eabi/7.2.1/../../../../arm-none-eabi/lib/thumb/v7e-m/fpv4-sp/hard/libc.a(lib_a-mlock.o)
 .data          0x0000000020000844        0x0 /home/saish/Desktop/ccs1011/ccs/tools/compiler/gcc-arm-none-eabi-7-2017-q4-major/bin/../lib/gcc/arm-none-eabi/7.2.1/../../../../arm-none-eabi/lib/thumb/v7e-m/fpv4-sp/hard/libc.a(lib_a-mprec.o)
 .data          0x0000000020000844        0x0 /home/saish/Desktop/ccs1011/ccs/tools/compiler/gcc-arm-none-eabi-7-2017-q4-major/bin/../lib/gcc/arm-none-eabi/7.2.1/../../../../arm-none-eabi/lib/thumb/v7e-m/fpv4-sp/hard/libc.a(lib_a-sbrkr.o)